Component: ARM Compiler 5.06 update 7 (build 960) Tool: armlink [4d3601]

==============================================================================

Section Cross References

    main.o(i.main) refers to _scanf_int.o(.text) for _scanf_int
    main.o(i.main) refers to utils.o(i.board_init) for board_init
    main.o(i.main) refers to led.o(i.led_init) for led_init
    main.o(i.main) refers to rtc.o(i.rtc_init) for rtc_init
    main.o(i.main) refers to timer.o(i.timer_init) for timer_init
    main.o(i.main) refers to timer.o(i.timer_elapsed_register) for timer_elapsed_register
    main.o(i.main) refers to timer.o(i.timer_start) for timer_start
    main.o(i.main) refers to mpu6050.o(i.mpu6050_init) for mpu6050_init
    main.o(i.main) refers to ntc.o(i.ntc_init) for ntc_init
    main.o(i.main) refers to st7735.o(i.st7735_init) for st7735_init
    main.o(i.main) refers to st7735.o(i.st7735_fill_screen) for st7735_fill_screen
    main.o(i.main) refers to st7735.o(i.st7735_write_string) for st7735_write_string
    main.o(i.main) refers to utils.o(i.delay_ms) for delay_ms
    main.o(i.main) refers to esp_usart.o(i.esp_usart_init) for esp_usart_init
    main.o(i.main) refers to esp_usart.o(i.esp_usart_receive_register) for esp_usart_receive_register
    main.o(i.main) refers to mpu6050.o(i.detect_orientation) for detect_orientation
    main.o(i.main) refers to st7735.o(i.st7735_set_rotation) for st7735_set_rotation
    main.o(i.main) refers to rtc.o(i.rtc_get_date) for rtc_get_date
    main.o(i.main) refers to main.o(i.redraw_screen) for redraw_screen
    main.o(i.main) refers to printfa.o(i.__0snprintf) for __2snprintf
    main.o(i.main) refers to memseta.o(.text) for __aeabi_memclr4
    main.o(i.main) refers to strtok.o(.text) for strtok
    main.o(i.main) refers to strncpy.o(.text) for strncpy
    main.o(i.main) refers to strcmp.o(.text) for strcmp
    main.o(i.main) refers to st7735.o(i.st7735_draw_image) for st7735_draw_image
    main.o(i.main) refers to __0sscanf.o(.text) for __0sscanf
    main.o(i.main) refers to rtc.o(i.rtc_set_date) for rtc_set_date
    main.o(i.main) refers to mpu6050.o(i.mpu6050_read_temper) for mpu6050_read_temper
    main.o(i.main) refers to f2d.o(.text) for __aeabi_f2d
    main.o(i.main) refers to main.o(i.timer_elapsed_callback) for timer_elapsed_callback
    main.o(i.main) refers to stfonts.o(.data) for font_ascii_8x16
    main.o(i.main) refers to main.o(.data) for disp_height
    main.o(i.main) refers to main.o(i.usart_received) for usart_received
    main.o(i.main) refers to font_time_48.o(.data) for font_time_24x48
    main.o(i.main) refers to main.o(.bss) for rx_buffer
    main.o(i.main) refers to icon_weather_qing.o(.constdata) for icon_weather_qing
    main.o(i.main) refers to icon_weather_yu.o(.constdata) for icon_weather_yu
    main.o(i.main) refers to font_temper_32.o(.data) for font_temper_16x32
    main.o(i.redraw_screen) refers to printfa.o(i.__0snprintf) for __2snprintf
    main.o(i.redraw_screen) refers to st7735.o(i.st7735_write_string) for st7735_write_string
    main.o(i.redraw_screen) refers to strcmp.o(.text) for strcmp
    main.o(i.redraw_screen) refers to st7735.o(i.st7735_draw_image) for st7735_draw_image
    main.o(i.redraw_screen) refers to mpu6050.o(i.mpu6050_read_temper) for mpu6050_read_temper
    main.o(i.redraw_screen) refers to f2d.o(.text) for __aeabi_f2d
    main.o(i.redraw_screen) refers to stfonts.o(.data) for font_ascii_8x16
    main.o(i.redraw_screen) refers to font_time_48.o(.data) for font_time_24x48
    main.o(i.redraw_screen) refers to icon_weather_qing.o(.constdata) for icon_weather_qing
    main.o(i.redraw_screen) refers to icon_weather_yu.o(.constdata) for icon_weather_yu
    main.o(i.redraw_screen) refers to font_temper_32.o(.data) for font_temper_16x32
    main.o(i.timer_elapsed_callback) refers to main.o(.data) for runms
    main.o(i.usart_received) refers to main.o(.data) for line_ready
    main.o(i.usart_received) refers to main.o(.bss) for rx_buffer
    utils.o(i.board_init) refers to stm32f10x_rcc.o(i.RCC_APB2PeriphClockCmd) for RCC_APB2PeriphClockCmd
    utils.o(i.board_init) refers to stm32f10x_rcc.o(i.RCC_APB1PeriphClockCmd) for RCC_APB1PeriphClockCmd
    utils.o(i.board_init) refers to stm32f10x_rcc.o(i.RCC_AHBPeriphClockCmd) for RCC_AHBPeriphClockCmd
    utils.o(i.board_init) refers to stm32f10x_pwr.o(i.PWR_BackupAccessCmd) for PWR_BackupAccessCmd
    utils.o(i.board_init) refers to stm32f10x_bkp.o(i.BKP_DeInit) for BKP_DeInit
    utils.o(i.board_init) refers to stm32f10x_rcc.o(i.RCC_LSEConfig) for RCC_LSEConfig
    utils.o(i.board_init) refers to stm32f10x_rcc.o(i.RCC_GetFlagStatus) for RCC_GetFlagStatus
    utils.o(i.delay_ms) refers to utils.o(i.delay_us) for delay_us
    utils.o(i.delay_us) refers to system_stm32f10x.o(.data) for SystemCoreClock
    weather.o(i.weather_parse) refers to strstr.o(.text) for strstr
    weather.o(i.weather_parse) refers to strchr.o(.text) for strchr
[...]
    ..\driver\led.c                          0x00000000   Number         0  led.o ABSOLUTE
    ..\driver\mpu6050\mpu6050.c              0x00000000   Number         0  mpu6050.o ABSOLUTE
    ..\driver\mpu6050\swi2c.c                0x00000000   Number         0  swi2c.o ABSOLUTE
    ..\driver\ntc.c                          0x00000000   Number         0  ntc.o ABSOLUTE
    ..\driver\rtc.c                          0x00000000   Number         0  rtc.o ABSOLUTE
    ..\driver\st7735\lcd_spi.c               0x00000000   Number         0  lcd_spi.o ABSOLUTE
    ..\driver\st7735\st7735.c                0x00000000   Number         0  st7735.o ABSOLUTE
    ..\driver\st7735\stfonts.c               0x00000000   Number         0  stfonts.o ABSOLUTE
    ..\driver\st7735\stimage.c               0x00000000   Number         0  stimage.o ABSOLUTE
    ..\driver\timer.c                        0x00000000   Number         0  timer.o ABSOLUTE
    ..\firmware\cmsis\core\core_cm3.c        0x00000000   Number         0  core_cm3.o ABSOLUTE
    ..\firmware\cmsis\device\startup_stm32f10x_xl.s 0x00000000   Number         0  startup_stm32f10x_xl.o ABSOLUTE
    ..\firmware\cmsis\device\stm32f10x_it.c  0x00000000   Number         0  stm32f10x_it.o ABSOLUTE
    ..\firmware\cmsis\device\system_stm32f10x.c 0x00000000   Number         0  system_stm32f10x.o ABSOLUTE
    ..\firmware\driver\src\misc.c            0x00000000   Number         0  misc.o ABSOLUTE
    ..\firmware\driver\src\stm32f10x_adc.c   0x00000000   Number         0  stm32f10x_adc.o ABSOLUTE
    ..\firmware\driver\src\stm32f10x_bkp.c   0x00000000   Number         0  stm32f10x_bkp.o ABSOLUTE
    ..\firmware\driver\src\stm32f10x_can.c   0x00000000   Number         0  stm32f10x_can.o ABSOLUTE
    ..\firmware\driver\src\stm32f10x_cec.c   0x00000000   Number         0  stm32f10x_cec.o ABSOLUTE
    ..\firmware\driver\src\stm32f10x_crc.c   0x00000000   Number         0  stm32f10x_crc.o ABSOLUTE
    ..\firmware\driver\src\stm32f10x_dac.c   0x00000000   Number         0  stm32f10x_dac.o ABSOLUTE
    ..\firmware\driver\src\stm32f10x_dbgmcu.c 0x00000000   Number         0  stm32f10x_dbgmcu.o ABSOLUTE
    ..\firmware\driver\src\stm32f10x_dma.c   0x00000000   Number         0  stm32f10x_dma.o ABSOLUTE
    ..\firmware\driver\src\stm32f10x_exti.c  0x00000000   Number         0  stm32f10x_exti.o ABSOLUTE
    ..\firmware\driver\src\stm32f10x_flash.c 0x00000000   Number         0  stm32f10x_flash.o ABSOLUTE
    ..\firmware\driver\src\stm32f10x_fsmc.c  0x00000000   Number         0  stm32f10x_fsmc.o ABSOLUTE
    ..\firmware\driver\src\stm32f10x_gpio.c  0x00000000   Number         0  stm32f10x_gpio.o ABSOLUTE
    ..\firmware\driver\src\stm32f10x_i2c.c   0x00000000   Number         0  stm32f10x_i2c.o ABSOLUTE
    ..\firmware\driver\src\stm32f10x_iwdg.c  0x00000000   Number         0  stm32f10x_iwdg.o ABSOLUTE
    ..\firmware\driver\src\stm32f10x_pwr.c   0x00000000   Number         0  stm32f10x_pwr.o ABSOLUTE
    ..\firmware\driver\src\stm32f10x_rcc.c   0x00000000   Number         0  stm32f10x_rcc.o ABSOLUTE
    ..\firmware\driver\src\stm32f10x_rtc.c   0x00000000   Number         0  stm32f10x_rtc.o ABSOLUTE
    ..\firmware\driver\src\stm32f10x_sdio.c  0x00000000   Number         0  stm32f10x_sdio.o ABSOLUTE
    ..\firmware\driver\src\stm32f10x_spi.c   0x00000000   Number         0  stm32f10x_spi.o ABSOLUTE
    ..\firmware\driver\src\stm32f10x_tim.c   0x00000000   Number         0  stm32f10x_tim.o ABSOLUTE
    ..\firmware\driver\src\stm32f10x_usart.c 0x00000000   Number         0  stm32f10x_usart.o ABSOLUTE
    ..\firmware\driver\src\stm32f10x_wwdg.c  0x00000000   Number         0  stm32f10x_wwdg.o ABSOLUTE
    cdrcmple.s                               0x00000000   Number         0  cdrcmple.o ABSOLUTE
    cfcmple.s                                0x00000000   Number         0  cfcmple.o ABSOLUTE
    cfrcmple.s                               0x00000000   Number         0  cfrcmple.o ABSOLUTE
    dc.s                                     0x00000000   Number         0  dc.o ABSOLUTE
    handlers.s                               0x00000000   Number         0  handlers.o ABSOLUTE
    init.s                                   0x00000000   Number         0  init.o ABSOLUTE
    RESET                                    0x08000000   Section      304  startup_stm32f10x_xl.o(RESET)
    .ARM.Collect$$$$00000000                 0x08000130   Section        0  entry.o(.ARM.Collect$$$$00000000)
    .ARM.Collect$$$$00000001                 0x08000130   Section        4  entry2.o(.ARM.Collect$$$$00000001)
    .ARM.Collect$$$$00000004                 0x08000134   Section        4  entry5.o(.ARM.Collect$$$$00000004)
    .ARM.Collect$$$$00000008                 0x08000138   Section        0  entry7b.o(.ARM.Collect$$$$00000008)
    .ARM.Collect$$$$0000000A                 0x08000138   Section        0  entry8b.o(.ARM.Collect$$$$0000000A)
    .ARM.Collect$$$$0000000B                 0x08000138   Section        8  entry9a.o(.ARM.Collect$$$$0000000B)
    .ARM.Collect$$$$0000000E                 0x08000140   Section        4  entry12b.o(.ARM.Collect$$$$0000000E)
    .ARM.Collect$$$$0000000F                 0x08000144   Section        0  entry10a.o(.ARM.Collect$$$$0000000F)
    .ARM.Collect$$$$00000011                 0x08000144   Section        0  entry11a.o(.ARM.Collect$$$$00000011)
    .ARM.Collect$$$$00002712                 0x08000144   Section        4  entry2.o(.ARM.Collect$$$$00002712)
    __lit__00000000                          0x08000144   Data           4  entry2.o(.ARM.Collect$$$$00002712)
    .text                                    0x08000148   Section       36  startup_stm32f10x_xl.o(.text)
    .text                                    0x0800016c   Section        0  memcpya.o(.text)
    .text                                    0x08000190   Section        0  memseta.o(.text)
    .text                                    0x080001b4   Section        0  strncpy.o(.text)
    .text                                    0x080001cc   Section        0  strcmp.o(.text)
    .text                                    0x080001e8   Section        0  strtok.o(.text)
    .text                                    0x0800022c   Section        0  __0sscanf.o(.text)
    .text                                    0x08000264   Section        0  _scanf_int.o(.text)
    .text                                    0x080003b0   Section        0  fadd.o(.text)
    .text                                    0x08000460   Section        0  fdiv.o(.text)
    .text                                    0x080004dc   Section        0  fflti.o(.text)
    .text                                    0x080004ee   Section        0  f2d.o(.text)
    .text                                    0x08000514   Section       20  cfcmple.o(.text)
    .text                                    0x08000528   Section       20  cfrcmple.o(.text)
    .text                                    0x0800053c   Section        0  uidiv.o(.text)
    .text                                    0x08000568   Section        0  uldiv.o(.text)
    .text                                    0x080005ca   Section        0  _chval.o(.text)
    .text                                    0x080005e8   Section        0  scanf_char.o(.text)
    _scanf_char_input                        0x080005e9   Thumb Code    12  scanf_char.o(.text)
    .text                                    0x08000610   Section        0  _sgetc.o(.text)
    .text                                    0x08000650   Section        0  fepilogue.o(.text)
    .text                                    0x08000650   Section        0  iusefp.o(.text)
    .text                                    0x080006be   Section        0  dadd.o(.text)
    .text                                    0x0800080c   Section        0  dmul.o(.text)
    .text                                    0x080008f0   Section        0  ddiv.o(.text)
    .text                                    0x080009ce   Section        0  dfixul.o(.text)
    .text                                    0x08000a00   Section       48  cdrcmple.o(.text)
    .text                                    0x08000a30   Section       36  init.o(.text)
    .text                                    0x08000a54   Section        0  llshl.o(.text)
    .text                                    0x08000a72   Section        0  llushr.o(.text)
    .text                                    0x08000a92   Section        0  llsshr.o(.text)
    .text                                    0x08000ab8   Section        0  ctype_o.o(.text)
    .text                                    0x08000ac0   Section        0  isspace_o.o(.text)
    .text                                    0x08000ad4   Section        0  _scanf.o(.text)
    .text                                    0x08000e04   Section        0  depilogue.o(.text)
    i.ADC_Cmd                                0x08000ebe   Section        0  stm32f10x_adc.o(i.ADC_Cmd)
    i.ADC_DMACmd                             0x08000ed4   Section        0  stm32f10x_adc.o(i.ADC_DMACmd)
    i.ADC_GetCalibrationStatus               0x08000eea   Section        0  stm32f10x_adc.o(i.ADC_GetCalibrationStatus)
    i.ADC_GetResetCalibrationStatus          0x08000efe   Section        0  stm32f10x_adc.o(i.ADC_GetResetCalibrationStatus)
    i.ADC_Init                               0x08000f14   Section        0  stm32f10x_adc.o(i.ADC_Init)
    i.ADC_RegularChannelConfig               0x08000f64   Section        0  stm32f10x_adc.o(i.ADC_RegularChannelConfig)
    i.ADC_ResetCalibration                   0x0800101c   Section        0  stm32f10x_adc.o(i.ADC_ResetCalibration)
    i.ADC_SoftwareStartConvCmd               0x08001026   Section        0  stm32f10x_adc.o(i.ADC_SoftwareStartConvCmd)
    i.ADC_StartCalibration                   0x0800103c   Section        0  stm32f10x_adc.o(i.ADC_StartCalibration)
    i.BKP_DeInit                             0x08001046   Section        0  stm32f10x_bkp.o(i.BKP_DeInit)
    i.BusFault_Handler                       0x08001056   Section        0  stm32f10x_it.o(i.BusFault_Handler)
    i.DMA1_Channel1_IRQHandler               0x0800105c   Section        0  ntc.o(i.DMA1_Channel1_IRQHandler)
    i.DMA1_Channel3_IRQHandler               0x08001078   Section        0  lcd_spi.o(i.DMA1_Channel3_IRQHandler)
    i.DMA_ClearITPendingBit                  0x080010b4   Section        0  stm32f10x_dma.o(i.DMA_ClearITPendingBit)
    i.DMA_Cmd                                0x080010d0   Section        0  stm32f10x_dma.o(i.DMA_Cmd)
    i.DMA_DeInit                             0x080010e8   Section        0  stm32f10x_dma.o(i.DMA_DeInit)
    i.DMA_GetITStatus                        0x08001234   Section        0  stm32f10x_dma.o(i.DMA_GetITStatus)
    i.DMA_ITConfig                           0x08001260   Section        0  stm32f10x_dma.o(i.DMA_ITConfig)
    i.DMA_Init                               0x08001272   Section        0  stm32f10x_dma.o(i.DMA_Init)
    i.DebugMon_Handler                       0x080012ae   Section        0  stm32f10x_it.o(i.DebugMon_Handler)
    i.GPIO_Init                              0x080012b0   Section        0  stm32f10x_gpio.o(i.GPIO_Init)
    i.GPIO_ReadInputDataBit                  0x080013c6   Section        0  stm32f10x_gpio.o(i.GPIO_ReadInputDataBit)
    i.GPIO_ResetBits                         0x080013d8   Section        0  stm32f10x_gpio.o(i.GPIO_ResetBits)
    i.GPIO_SetBits                           0x080013dc   Section        0  stm32f10x_gpio.o(i.GPIO_SetBits)
    i.GPIO_WriteBit                          0x080013e0   Section        0  stm32f10x_gpio.o(i.GPIO_WriteBit)
    i.HardFault_Handler                      0x080013ea   Section        0  stm32f10x_it.o(i.HardFault_Handler)
    i.MemManage_Handler                      0x080013ee   Section        0  stm32f10x_it.o(i.MemManage_Handler)
    i.NMI_Handler                            0x080013f2   Section        0  stm32f10x_it.o(i.NMI_Handler)
    i.NVIC_Init                              0x080013f4   Section        0  misc.o(i.NVIC_Init)
    i.PWR_BackupAccessCmd                    0x08001464   Section        0  stm32f10x_pwr.o(i.PWR_BackupAccessCmd)
    i.PendSV_Handler                         0x08001470   Section        0  stm32f10x_it.o(i.PendSV_Handler)
    i.RCC_ADCCLKConfig                       0x08001474   Section        0  stm32f10x_rcc.o(i.RCC_ADCCLKConfig)
    i.RCC_AHBPeriphClockCmd                  0x0800148c   Section        0  stm32f10x_rcc.o(i.RCC_AHBPeriphClockCmd)
    i.RCC_APB1PeriphClockCmd                 0x080014ac   Section        0  stm32f10x_rcc.o(i.RCC_APB1PeriphClockCmd)
    i.RCC_APB2PeriphClockCmd                 0x080014cc   Section        0  stm32f10x_rcc.o(i.RCC_APB2PeriphClockCmd)
    i.RCC_BackupResetCmd                     0x080014ec   Section        0  stm32f10x_rcc.o(i.RCC_BackupResetCmd)
    i.RCC_GetClocksFreq                      0x080014f8   Section        0  stm32f10x_rcc.o(i.RCC_GetClocksFreq)
    i.RCC_GetFlagStatus                      0x080015cc   Section        0  stm32f10x_rcc.o(i.RCC_GetFlagStatus)
    i.RCC_LSEConfig                          0x08001608   Section        0  stm32f10x_rcc.o(i.RCC_LSEConfig)
    i.RCC_RTCCLKCmd                          0x0800163c   Section        0  stm32f10x_rcc.o(i.RCC_RTCCLKCmd)
    i.RCC_RTCCLKConfig                       0x08001648   Section        0  stm32f10x_rcc.o(i.RCC_RTCCLKConfig)
    i.RTC_EnterConfigMode                    0x08001658   Section        0  stm32f10x_rtc.o(i.RTC_EnterConfigMode)
    i.RTC_ExitConfigMode                     0x0800166c   Section        0  stm32f10x_rtc.o(i.RTC_ExitConfigMode)
    i.RTC_GetCounter                         0x08001680   Section        0  stm32f10x_rtc.o(i.RTC_GetCounter)
    i.RTC_SetCounter                         0x080016ac   Section        0  stm32f10x_rtc.o(i.RTC_SetCounter)
    i.RTC_SetPrescaler                       0x080016c8   Section        0  stm32f10x_rtc.o(i.RTC_SetPrescaler)
    i.RTC_WaitForLastTask                    0x080016e8   Section        0  stm32f10x_rtc.o(i.RTC_WaitForLastTask)
    i.RTC_WaitForSynchro                     0x080016fc   Section        0  stm32f10x_rtc.o(i.RTC_WaitForSynchro)
    i.SPI_Cmd                                0x08001720   Section        0  stm32f10x_spi.o(i.SPI_Cmd)
    i.SPI_I2S_DMACmd                         0x08001738   Section        0  stm32f10x_spi.o(i.SPI_I2S_DMACmd)
    i.SPI_I2S_GetFlagStatus                  0x0800174a   Section        0  stm32f10x_spi.o(i.SPI_I2S_GetFlagStatus)
    i.SPI_I2S_SendData                       0x0800175c   Section        0  stm32f10x_spi.o(i.SPI_I2S_SendData)
    i.SPI_Init                               0x08001760   Section        0  stm32f10x_spi.o(i.SPI_Init)
    i.SVC_Handler                            0x0800179c   Section        0  stm32f10x_it.o(i.SVC_Handler)
    i.SetSysClock                            0x0800179e   Section        0  system_stm32f10x.o(i.SetSysClock)
    SetSysClock                              0x0800179f   Thumb Code     8  system_stm32f10x.o(i.SetSysClock)
    i.SetSysClockTo72                        0x080017a8   Section        0  system_stm32f10x.o(i.SetSysClockTo72)
    SetSysClockTo72                          0x080017a9   Thumb Code   214  system_stm32f10x.o(i.SetSysClockTo72)
    i.SysTick_Handler                        0x08001888   Section        0  stm32f10x_it.o(i.SysTick_Handler)
    i.SystemInit                             0x0800188c   Section        0  system_stm32f10x.o(i.SystemInit)
    i.TIM2_IRQHandler                        0x080018ec   Section        0  timer.o(i.TIM2_IRQHandler)
    i.TIM_ClearITPendingBit                  0x08001914   Section        0  stm32f10x_tim.o(i.TIM_ClearITPendingBit)
    i.TIM_Cmd                                0x0800191a   Section        0  stm32f10x_tim.o(i.TIM_Cmd)
    i.TIM_GetITStatus                        0x08001932   Section        0  stm32f10x_tim.o(i.TIM_GetITStatus)
    i.TIM_ITConfig                           0x08001954   Section        0  stm32f10x_tim.o(i.TIM_ITConfig)
    i.TIM_TimeBaseInit                       0x08001968   Section        0  stm32f10x_tim.o(i.TIM_TimeBaseInit)
    i.USART2_IRQHandler                      0x08001a0c   Section        0  esp_usart.o(i.USART2_IRQHandler)
    i.USART_Cmd                              0x08001a40   Section        0  stm32f10x_usart.o(i.USART_Cmd)
    i.USART_GetITStatus                      0x08001a58   Section        0  stm32f10x_usart.o(i.USART_GetITStatus)
    i.USART_ITConfig                         0x08001aac   Section        0  stm32f10x_usart.o(i.USART_ITConfig)
    i.USART_Init                             0x08001af8   Section        0  stm32f10x_usart.o(i.USART_Init)
    i.USART_ReceiveData                      0x08001bd0   Section        0  stm32f10x_usart.o(i.USART_ReceiveData)
    i.UsageFault_Handler                     0x08001bda   Section        0  stm32f10x_it.o(i.UsageFault_Handler)
    i.__0snprintf                            0x08001be0   Section        0  printfa.o(i.__0snprintf)
    i.__scatterload_copy                     0x08001c14   Section       14  handlers.o(i.__scatterload_copy)
    i.__scatterload_null                     0x08001c22   Section        2  handlers.o(i.__scatterload_null)
    i.__scatterload_zeroinit                 0x08001c24   Section       14  handlers.o(i.__scatterload_zeroinit)
    i._fp_digits                             0x08001c34   Section        0  printfa.o(i._fp_digits)
    _fp_digits                               0x08001c35   Thumb Code   366  printfa.o(i._fp_digits)
    i._printf_core                           0x08001db8   Section        0  printfa.o(i._printf_core)
    _printf_core                             0x08001db9   Thumb Code  1704  printfa.o(i._printf_core)
    i._printf_post_padding                   0x0800246c   Section        0  printfa.o(i._printf_post_padding)
    _printf_post_padding                     0x0800246d   Thumb Code    36  printfa.o(i._printf_post_padding)
    i._printf_pre_padding                    0x08002490   Section        0  printfa.o(i._printf_pre_padding)
    _printf_pre_padding                      0x08002491   Thumb Code    46  printfa.o(i._printf_pre_padding)
    i._snputc                                0x080024be   Section        0  printfa.o(i._snputc)
    _snputc                                  0x080024bf   Thumb Code    22  printfa.o(i._snputc)
    i.adc_dma_init                           0x080024d4   Section        0  ntc.o(i.adc_dma_init)
    adc_dma_init                             0x080024d5   Thumb Code    78  ntc.o(i.adc_dma_init)
    i.adc_gpio_init                          0x08002530   Section        0  ntc.o(i.adc_gpio_init)
    adc_gpio_init                            0x08002531   Thumb Code    24  ntc.o(i.adc_gpio_init)
    i.adc_init                               0x0800254c   Section        0  ntc.o(i.adc_init)
    adc_init                                 0x0800254d   Thumb Code   126  ntc.o(i.adc_init)
    i.adc_nvic_init                          0x080025d0   Section        0  ntc.o(i.adc_nvic_init)
    adc_nvic_init                            0x080025d1   Thumb Code    34  ntc.o(i.adc_nvic_init)
    i.board_init                             0x080025f2   Section        0  utils.o(i.board_init)
    i.date_to_ts                             0x0800266c   Section        0  rtc.o(i.date_to_ts)
    i.date_validate                          0x08002700   Section        0  rtc.o(i.date_validate)
    date_validate                            0x08002701   Thumb Code    92  rtc.o(i.date_validate)
    i.delay_ms                               0x0800275c   Section        0  utils.o(i.delay_ms)
    i.delay_us                               0x08002774   Section        0  utils.o(i.delay_us)
    i.detect_orientation                     0x080027b4   Section        0  mpu6050.o(i.detect_orientation)
    i.esp_usart_init                         0x0800282c   Section        0  esp_usart.o(i.esp_usart_init)
    i.esp_usart_receive_register             0x080028c8   Section        0  esp_usart.o(i.esp_usart_receive_register)
    i.i2c_delay                              0x080028d4   Section        0  swi2c.o(i.i2c_delay)
    i2c_delay                                0x080028d5   Thumb Code    10  swi2c.o(i.i2c_delay)
    i.i2c_io_init                            0x080028e0   Section        0  swi2c.o(i.i2c_io_init)
    i2c_io_init                              0x080028e1   Thumb Code    56  swi2c.o(i.i2c_io_init)
    i.i2c_read_byte                          0x0800291c   Section        0  swi2c.o(i.i2c_read_byte)
    i2c_read_byte                            0x0800291d   Thumb Code   128  swi2c.o(i.i2c_read_byte)
    i.i2c_start                              0x080029a0   Section        0  swi2c.o(i.i2c_start)
    i2c_start                                0x080029a1   Thumb Code    44  swi2c.o(i.i2c_start)
    i.i2c_stop                               0x080029d0   Section        0  swi2c.o(i.i2c_stop)
    i2c_stop                                 0x080029d1   Thumb Code    40  swi2c.o(i.i2c_stop)
    i.i2c_write_byte                         0x080029fc   Section        0  swi2c.o(i.i2c_write_byte)
    i2c_write_byte                           0x080029fd   Thumb Code   130  swi2c.o(i.i2c_write_byte)
    i.lcd_spi_gpio_init                      0x08002a84   Section        0  lcd_spi.o(i.lcd_spi_gpio_init)
    lcd_spi_gpio_init                        0x08002a85   Thumb Code    76  lcd_spi.o(i.lcd_spi_gpio_init)
    i.lcd_spi_init                           0x08002ad4   Section        0  lcd_spi.o(i.lcd_spi_init)
    i.lcd_spi_lowlevel_init                  0x08002ae4   Section        0  lcd_spi.o(i.lcd_spi_lowlevel_init)
    lcd_spi_lowlevel_init                    0x08002ae5   Thumb Code    86  lcd_spi.o(i.lcd_spi_lowlevel_init)
    i.lcd_spi_nvic_init                      0x08002b40   Section        0  lcd_spi.o(i.lcd_spi_nvic_init)
    lcd_spi_nvic_init                        0x08002b41   Thumb Code    34  lcd_spi.o(i.lcd_spi_nvic_init)
    i.lcd_spi_send_finish_register           0x08002b64   Section        0  lcd_spi.o(i.lcd_spi_send_finish_register)
    i.lcd_spi_write                          0x08002b70   Section        0  lcd_spi.o(i.lcd_spi_write)
    i.lcd_spi_write_async                    0x08002bac   Section        0  lcd_spi.o(i.lcd_spi_write_async)
    i.led_init                               0x08002c08   Section        0  led.o(i.led_init)
    i.main                                   0x08002c34   Section        0  main.o(i.main)
    i.mpu6050_init                           0x08003044   Section        0  mpu6050.o(i.mpu6050_init)
    i.mpu6050_read_accel                     0x080030ac   Section        0  mpu6050.o(i.mpu6050_read_accel)
    i.mpu6050_read_temper                    0x0800312c   Section        0  mpu6050.o(i.mpu6050_read_temper)
    i.ntc_init                               0x08003168   Section        0  ntc.o(i.ntc_init)
    i.redraw_screen                          0x0800317c   Section        0  main.o(i.redraw_screen)
    redraw_screen                            0x0800317d   Thumb Code   276  main.o(i.redraw_screen)
    i.rtc_get_date                           0x080032e4   Section        0  rtc.o(i.rtc_get_date)
    i.rtc_init                               0x080032fa   Section        0  rtc.o(i.rtc_init)
    i.rtc_set_date                           0x08003320   Section        0  rtc.o(i.rtc_set_date)
    i.spi_on_async_finish                    0x08003348   Section        0  st7735.o(i.spi_on_async_finish)
    spi_on_async_finish                      0x08003349   Thumb Code     8  st7735.o(i.spi_on_async_finish)
    i.st7735_bl_on                           0x08003354   Section        0  st7735.o(i.st7735_bl_on)
    st7735_bl_on                             0x08003355   Thumb Code    14  st7735.o(i.st7735_bl_on)
    i.st7735_draw_image                      0x08003368   Section        0  st7735.o(i.st7735_draw_image)
    i.st7735_exec_cmds                       0x080033d0   Section        0  st7735.o(i.st7735_exec_cmds)
    st7735_exec_cmds                         0x080033d1   Thumb Code    64  st7735.o(i.st7735_exec_cmds)
    i.st7735_fill_rect                       0x08003410   Section        0  st7735.o(i.st7735_fill_rect)
    i.st7735_fill_screen                     0x080034dc   Section        0  st7735.o(i.st7735_fill_screen)
    i.st7735_find_font                       0x080034f0   Section        0  st7735.o(i.st7735_find_font)
    st7735_find_font                         0x080034f1   Thumb Code    56  st7735.o(i.st7735_find_font)
    i.st7735_init                            0x08003528   Section        0  st7735.o(i.st7735_init)
    i.st7735_pin_init                        0x08003558   Section        0  st7735.o(i.st7735_pin_init)
    st7735_pin_init                          0x08003559   Thumb Code   116  st7735.o(i.st7735_pin_init)
    i.st7735_reset                           0x080035d4   Section        0  st7735.o(i.st7735_reset)
    st7735_reset                             0x080035d5   Thumb Code    36  st7735.o(i.st7735_reset)
    i.st7735_select                          0x080035fc   Section        0  st7735.o(i.st7735_select)
    st7735_select                            0x080035fd   Thumb Code    14  st7735.o(i.st7735_select)
    i.st7735_set_rotation                    0x08003610   Section        0  st7735.o(i.st7735_set_rotation)
    i.st7735_set_window                      0x08003690   Section        0  st7735.o(i.st7735_set_window)
    st7735_set_window                        0x08003691   Thumb Code    82  st7735.o(i.st7735_set_window)
    i.st7735_unselect                        0x080036e4   Section        0  st7735.o(i.st7735_unselect)
    i.st7735_write_char                      0x080036f8   Section        0  st7735.o(i.st7735_write_char)
    i.st7735_write_cmd                       0x080037b0   Section        0  st7735.o(i.st7735_write_cmd)
    st7735_write_cmd                         0x080037b1   Thumb Code    22  st7735.o(i.st7735_write_cmd)
    i.st7735_write_data                      0x080037cc   Section        0  st7735.o(i.st7735_write_data)
    st7735_write_data                        0x080037cd   Thumb Code    42  st7735.o(i.st7735_write_data)
    i.st7735_write_string                    0x08003800   Section        0  st7735.o(i.st7735_write_string)
    i.swi2c_init                             0x0800385c   Section        0  swi2c.o(i.swi2c_init)
    i.swi2c_read                             0x08003864   Section        0  swi2c.o(i.swi2c_read)
    i.swi2c_write                            0x080038c8   Section        0  swi2c.o(i.swi2c_write)
    i.timer_elapsed_callback                 0x0800390c   Section        0  main.o(i.timer_elapsed_callback)
    timer_elapsed_callback                   0x0800390d   Thumb Code    28  main.o(i.timer_elapsed_callback)
    i.timer_elapsed_register                 0x08003930   Section        0  timer.o(i.timer_elapsed_register)
    i.timer_init                             0x0800393c   Section        0  timer.o(i.timer_init)
    i.timer_start                            0x0800398c   Section        0  timer.o(i.timer_start)
    i.ts_to_date                             0x08003998   Section        0  rtc.o(i.ts_to_date)
    i.usart_received                         0x08003a80   Section        0  main.o(i.usart_received)
    usart_received                           0x08003a81   Thumb Code    58  main.o(i.usart_received)
    .constdata                               0x08003ac8   Section      780  font_temper_32.o(.constdata)
    font_temper_16x32_data                   0x08003ac8   Data         780  font_temper_32.o(.constdata)
    .constdata                               0x08003dd4   Section     1740  font_time_48.o(.constdata)
    font_time_24x48_data                     0x08003dd4   Data        1740  font_time_48.o(.constdata)
    .constdata                               0x080044a0   Section     4616  icon_weather_qing.o(.constdata)
    qing_map                                 0x080044a0   Data        4608  icon_weather_qing.o(.constdata)
    .constdata                               0x080056a8   Section     4616  icon_weather_yu.o(.constdata)
    yu_map                                   0x080056a8   Data        4608  icon_weather_yu.o(.constdata)
    .constdata                               0x080068b0   Section      109  st7735.o(.constdata)
    init_cmd_list                            0x080068b0   Data         109  st7735.o(.constdata)
    .constdata                               0x0800691d   Section     1615  stfonts.o(.constdata)
    font_ascii_8x16_data                     0x0800691d   Data        1615  stfonts.o(.constdata)
    .constdata                               0x08006f6c   Section       48  rtc.o(.constdata)
    .constdata                               0x08006f9c   Section      129  ctype_o.o(.constdata)
    .constdata                               0x08007020   Section        4  ctype_o.o(.constdata)
    table                                    0x08007020   Data           4  ctype_o.o(.constdata)
    .data                                    0x20000000   Section       60  main.o(.data)
    rx_len                                   0x20000000   Data           2  main.o(.data)
    line_ready                               0x20000002   Data           1  main.o(.data)
    runms                                    0x20000004   Data           4  main.o(.data)
    disp_height                              0x20000008   Data           4  main.o(.data)
    last_weather                             0x2000000c   Data          32  main.o(.data)
    last_temp                                0x2000002c   Data          16  main.o(.data)
    .data                                    0x2000003c   Section       12  font_temper_32.o(.data)
    .data                                    0x20000048   Section       12  font_time_48.o(.data)
    .data                                    0x20000054   Section        1  st7735.o(.data)
    spi_async_done                           0x20000054   Data           1  st7735.o(.data)
    .data                                    0x20000058   Section       12  stfonts.o(.data)
    .data                                    0x20000064   Section        1  ntc.o(.data)
    dma_busy                                 0x20000064   Data           1  ntc.o(.data)
    .data                                    0x20000068   Section        4  timer.o(.data)
    timer_elapsed_callback                   0x20000068   Data           4  timer.o(.data)
    .data                                    0x2000006c   Section        4  lcd_spi.o(.data)
    lcd_spi_send_finish_callback             0x2000006c   Data           4  lcd_spi.o(.data)
    .data                                    0x20000070   Section        4  esp_usart.o(.data)
    esp_usart_receive_callback               0x20000070   Data           4  esp_usart.o(.data)
    .data                                    0x20000074   Section       20  system_stm32f10x.o(.data)
    .data                                    0x20000088   Section       20  stm32f10x_rcc.o(.data)
    APBAHBPrescTable                         0x20000088   Data          16  stm32f10x_rcc.o(.data)
    ADCPrescTable                            0x20000098   Data           4  stm32f10x_rcc.o(.data)
    .data                                    0x2000009c   Section        4  strtok.o(.data)
    state                                    0x2000009c   Data           4  strtok.o(.data)
    .bss                                     0x200000a0   Section      128  main.o(.bss)
    rx_buffer                                0x200000a0   Data         128  main.o(.bss)
    .bss                                     0x20000120   Section     4096  st7735.o(.bss)
    gram_buff                                0x20000120   Data        4096  st7735.o(.bss)
    .bss                                     0x20001120   Section      256  ntc.o(.bss)
    adc_buffer                               0x20001120   Data         256  ntc.o(.bss)
    STACK                                    0x20001220   Section     1024  startup_stm32f10x_xl.o(STACK)

    Global Symbols

    Symbol Name                              Value     Ov Type        Size  Object(Section)

    BuildAttributes$$THM_ISAv4$P$D$K$B$S$PE$A:L22UL41UL21$X:L11$S22US41US21$IEEE1$IW$USESV6$~STKCKD$USESV7$~SHL$OTIME$ROPI$IEEEX$EBA8$MICROLIB$REQ8$PRES8$EABIv2 0x00000000   Number         0  anon$$obj.o ABSOLUTE
    __ARM_use_no_argv                        0x00000000   Number         0  main.o ABSOLUTE
    _printf_a                                0x00000000   Number         0  stubs.o ABSOLUTE
    _printf_c                                0x00000000   Number         0  stubs.o ABSOLUTE
    _printf_charcount                        0x00000000   Number         0  stubs.o ABSOLUTE
    _printf_d                                0x00000000   Number         0  stubs.o ABSOLUTE
    _printf_e                                0x00000000   Number         0  stubs.o ABSOLUTE
    _printf_f                                0x00000000   Number         0  stubs.o ABSOLUTE
    _printf_flags                            0x00000000   Number         0  stubs.o ABSOLUTE
    _printf_fp_dec                           0x00000000   Number         0  stubs.o ABSOLUTE
    _printf_fp_hex                           0x00000000   Number         0  stubs.o ABSOLUTE
    _printf_g                                0x00000000   Number         0  stubs.o ABSOLUTE
    _printf_i                                0x00000000   Number         0  stubs.o ABSOLUTE
    _printf_int_dec                          0x00000000   Number         0  stubs.o ABSOLUTE
    _printf_l                                0x00000000   Number         0  stubs.o ABSOLUTE
    _printf_lc                               0x00000000   Number         0  stubs.o ABSOLUTE
    _printf_ll                               0x00000000   Number         0  stubs.o ABSOLUTE
    _printf_lld                              0x00000000   Number         0  stubs.o ABSOLUTE
    _printf_lli                              0x00000000   Number         0  stubs.o ABSOLUTE
    _printf_llo                              0x00000000   Number         0  stubs.o ABSOLUTE
    _printf_llu                              0x00000000   Number         0  stubs.o ABSOLUTE
    _printf_llx                              0x00000000   Number         0  stubs.o ABSOLUTE
    _printf_longlong_dec                     0x00000000   Number         0  stubs.o ABSOLUTE
    _printf_longlong_hex                     0x00000000   Number         0  stubs.o ABSOLUTE
    _printf_longlong_oct                     0x00000000   Number         0  stubs.o ABSOLUTE
    _printf_ls                               0x00000000   Number         0  stubs.o ABSOLUTE
    _printf_mbtowc                           0x00000000   Number         0  stubs.o ABSOLUTE
    _printf_n                                0x00000000   Number         0  stubs.o ABSOLUTE
    _printf_o                                0x00000000   Number         0  stubs.o ABSOLUTE
    _printf_p                                0x00000000   Number         0  stubs.o ABSOLUTE
    _printf_percent                          0x00000000   Number         0  stubs.o ABSOLUTE
    _printf_pre_padding                      0x00000000   Number         0  stubs.o ABSOLUTE
    _printf_return_value                     0x00000000   Number         0  stubs.o ABSOLUTE
    _printf_s                                0x00000000   Number         0  stubs.o ABSOLUTE
    _printf_sizespec                         0x00000000   Number         0  stubs.o ABSOLUTE
    _printf_str                              0x00000000   Number         0  stubs.o ABSOLUTE
    _printf_truncate_signed                  0x00000000   Number         0  stubs.o ABSOLUTE
    _printf_truncate_unsigned                0x00000000   Number         0  stubs.o ABSOLUTE
    _printf_u                                0x00000000   Number         0  stubs.o ABSOLUTE
    _printf_wc                               0x00000000   Number         0  stubs.o ABSOLUTE
    _printf_wctomb                           0x00000000   Number         0  stubs.o ABSOLUTE
    _printf_widthprec                        0x00000000   Number         0  stubs.o ABSOLUTE
    _printf_x                                0x00000000   Number         0  stubs.o ABSOLUTE
    __arm_fini_                               - Undefined Weak Reference
    __cpp_initialize__aeabi_                  - Undefined Weak Reference
    __cxa_finalize                            - Undefined Weak Reference
    __decompress                              - Undefined Weak Reference
    _clock_init                               - Undefined Weak Reference
    _microlib_exit                            - Undefined Weak Reference
    _scanf_longlong                           - Undefined Weak Reference
    _scanf_real                               - Undefined Weak Reference
    _scanf_string                             - Undefined Weak Reference
    __Vectors_Size                           0x00000130   Number         0  startup_stm32f10x_xl.o ABSOLUTE
    __Vectors                                0x08000000   Data           4  startup_stm32f10x_xl.o(RESET)
    __Vectors_End                            0x08000130   Data           0  startup_stm32f10x_xl.o(RESET)
    __main                                   0x08000131   Thumb Code     0  entry.o(.ARM.Collect$$$$00000000)
    _main_stk                                0x08000131   Thumb Code     0  entry2.o(.ARM.Collect$$$$00000001)
    _main_scatterload                        0x08000135   Thumb Code     0  entry5.o(.ARM.Collect$$$$00000004)
    __main_after_scatterload                 0x08000139   Thumb Code     0  entry5.o(.ARM.Collect$$$$00000004)
    _main_clock                              0x08000139   Thumb Code     0  entry7b.o(.ARM.Collect$$$$00000008)
    _main_cpp_init                           0x08000139   Thumb Code     0  entry8b.o(.ARM.Collect$$$$0000000A)
    _main_init                               0x08000139   Thumb Code     0  entry9a.o(.ARM.Collect$$$$0000000B)
    __rt_lib_shutdown_fini                   0x08000141   Thumb Code     0  entry12b.o(.ARM.Collect$$$$0000000E)
    __rt_final_cpp                           0x08000145   Thumb Code     0  entry10a.o(.ARM.Collect$$$$0000000F)
    __rt_final_exit                          0x08000145   Thumb Code     0  entry11a.o(.ARM.Collect$$$$00000011)
    Reset_Handler                            0x08000149   Thumb Code     8  startup_stm32f10x_xl.o(.text)
    ADC1_2_IRQHandler                        0x08000163   Thumb Code     0  startup_stm32f10x_xl.o(.text)
    ADC3_IRQHandler                          0x08000163   Thumb Code     0  startup_stm32f10x_xl.o(.text)
    CAN1_RX1_IRQHandler                      0x08000163   Thumb Code     0  startup_stm32f10x_xl.o(.text)
    CAN1_SCE_IRQHandler                      0x08000163   Thumb Code     0  startup_stm32f10x_xl.o(.text)
    DMA1_Channel2_IRQHandler                 0x08000163   Thumb Code     0  startup_stm32f10x_xl.o(.text)
    DMA1_Channel4_IRQHandler                 0x08000163   Thumb Code     0  startup_stm32f10x_xl.o(.text)
    DMA1_Channel5_IRQHandler                 0x08000163   Thumb Code     0  startup_stm32f10x_xl.o(.text)
    DMA1_Channel6_IRQHandler                 0x08000163   Thumb Code     0  startup_stm32f10x_xl.o(.text)
    DMA1_Channel7_IRQHandler                 0x08000163   Thumb Code     0  startup_stm32f10x_xl.o(.text)
    DMA2_Channel1_IRQHandler                 0x08000163   Thumb Code     0  startup_stm32f10x_xl.o(.text)
    DMA2_Channel2_IRQHandler                 0x08000163   Thumb Code     0  startup_stm32f10x_xl.o(.text)
    DMA2_Channel3_IRQHandler                 0x08000163   Thumb Code     0  startup_stm32f10x_xl.o(.text)
    DMA2_Channel4_5_IRQHandler               0x08000163   Thumb Code     0  startup_stm32f10x_xl.o(.text)
    EXTI0_IRQHandler                         0x08000163   Thumb Code     0  startup_stm32f10x_xl.o(.text)
    EXTI15_10_IRQHandler                     0x08000163   Thumb Code     0  startup_stm32f10x_xl.o(.text)
    EXTI1_IRQHandler                         0x08000163   Thumb Code     0  startup_stm32f10x_xl.o(.text)
    EXTI2_IRQHandler                         0x08000163   Thumb Code     0  startup_stm32f10x_xl.o(.text)
    EXTI3_IRQHandler                         0x08000163   Thumb Code     0  startup_stm32f10x_xl.o(.text)
    EXTI4_IRQHandler                         0x08000163   Thumb Code     0  startup_stm32f10x_xl.o(.text)
    EXTI9_5_IRQHandler                       0x08000163   Thumb Code     0  startup_stm32f10x_xl.o(.text)
    FLASH_IRQHandler                         0x08000163   Thumb Code     0  startup_stm32f10x_xl.o(.text)
    FSMC_IRQHandler                          0x08000163   Thumb Code     0  startup_stm32f10x_xl.o(.text)
    I2C1_ER_IRQHandler                       0x08000163   Thumb Code     0  startup_stm32f10x_xl.o(.text)
    I2C1_EV_IRQHandler                       0x08000163   Thumb Code     0  startup_stm32f10x_xl.o(.text)
    I2C2_ER_IRQHandler                       0x08000163   Thumb Code     0  startup_stm32f10x_xl.o(.text)
    I2C2_EV_IRQHandler                       0x08000163   Thumb Code     0  startup_stm32f10x_xl.o(.text)
    PVD_IRQHandler                           0x08000163   Thumb Code     0  startup_stm32f10x_xl.o(.text)
    RCC_IRQHandler                           0x08000163   Thumb Code     0  startup_stm32f10x_xl.o(.text)
    RTCAlarm_IRQHandler                      0x08000163   Thumb Code     0  startup_stm32f10x_xl.o(.text)
    RTC_IRQHandler                           0x08000163   Thumb Code     0  startup_stm32f10x_xl.o(.text)
    SDIO_IRQHandler                          0x08000163   Thumb Code     0  startup_stm32f10x_xl.o(.text)
    SPI1_IRQHandler                          0x08000163   Thumb Code     0  startup_stm32f10x_xl.o(.text)
    SPI2_IRQHandler                          0x08000163   Thumb Code     0  startup_stm32f10x_xl.o(.text)
    SPI3_IRQHandler                          0x08000163   Thumb Code     0  startup_stm32f10x_xl.o(.text)
    TAMPER_IRQHandler                        0x08000163   Thumb Code     0  startup_stm32f10x_xl.o(.text)
    TIM1_BRK_TIM9_IRQHandler                 0x08000163   Thumb Code     0  startup_stm32f10x_xl.o(.text)
    TIM1_CC_IRQHandler                       0x08000163   Thumb Code     0  startup_stm32f10x_xl.o(.text)
    TIM1_TRG_COM_TIM11_IRQHandler            0x08000163   Thumb Code     0  startup_stm32f10x_xl.o(.text)
    TIM1_UP_TIM10_IRQHandler                 0x08000163   Thumb Code     0  startup_stm32f10x_xl.o(.text)
    TIM3_IRQHandler                          0x08000163   Thumb Code     0  startup_stm32f10x_xl.o(.text)
    TIM4_IRQHandler                          0x08000163   Thumb Code     0  startup_stm32f10x_xl.o(.text)
    TIM5_IRQHandler                          0x08000163   Thumb Code     0  startup_stm32f10x_xl.o(.text)
    TIM6_IRQHandler                          0x08000163   Thumb Code     0  startup_stm32f10x_xl.o(.text)
    TIM7_IRQHandler                          0x08000163   Thumb Code     0  startup_stm32f10x_xl.o(.text)
    TIM8_BRK_TIM12_IRQHandler                0x08000163   Thumb Code     0  startup_stm32f10x_xl.o(.text)
    TIM8_CC_IRQHandler                       0x08000163   Thumb Code     0  startup_stm32f10x_xl.o(.text)
    TIM8_TRG_COM_TIM14_IRQHandler            0x08000163   Thumb Code     0  startup_stm32f10x_xl.o(.text)
    TIM8_UP_TIM13_IRQHandler                 0x08000163   Thumb Code     0  startup_stm32f10x_xl.o(.text)
    UART4_IRQHandler                         0x08000163   Thumb Code     0  startup_stm32f10x_xl.o(.text)
    UART5_IRQHandler                         0x08000163   Thumb Code     0  startup_stm32f10x_xl.o(.text)
    USART1_IRQHandler                        0x08000163   Thumb Code     0  startup_stm32f10x_xl.o(.text)
    USART3_IRQHandler                        0x08000163   Thumb Code     0  startup_stm32f10x_xl.o(.text)
    USBWakeUp_IRQHandler                     0x08000163   Thumb Code     0  startup_stm32f10x_xl.o(.text)
    USB_HP_CAN1_TX_IRQHandler                0x08000163   Thumb Code     0  startup_stm32f10x_xl.o(.text)
    USB_LP_CAN1_RX0_IRQHandler               0x08000163   Thumb Code     0  startup_stm32f10x_xl.o(.text)
    WWDG_IRQHandler                          0x08000163   Thumb Code     0  startup_stm32f10x_xl.o(.text)
    __aeabi_memcpy                           0x0800016d   Thumb Code    36  memcpya.o(.text)
    __aeabi_memcpy4                          0x0800016d   Thumb Code     0  memcpya.o(.text)
    __aeabi_memcpy8                          0x0800016d   Thumb Code     0  memcpya.o(.text)
    __aeabi_memset                           0x08000191   Thumb Code    14  memseta.o(.text)
    __aeabi_memset4                          0x08000191   Thumb Code     0  memseta.o(.text)
    __aeabi_memset8                          0x08000191   Thumb Code     0  memseta.o(.text)
    __aeabi_memclr                           0x0800019f   Thumb Code     4  memseta.o(.text)
    __aeabi_memclr4                          0x0800019f   Thumb Code     0  memseta.o(.text)
    __aeabi_memclr8                          0x0800019f   Thumb Code     0  memseta.o(.text)
    _memset$wrapper                          0x080001a3   Thumb Code    18  memseta.o(.text)
    strncpy                                  0x080001b5   Thumb Code    24  strncpy.o(.text)
    strcmp                                   0x080001cd   Thumb Code    28  strcmp.o(.text)
    strtok                                   0x080001e9   Thumb Code    62  strtok.o(.text)
    __0sscanf                                0x0800022d   Thumb Code    48  __0sscanf.o(.text)
    _scanf_int                               0x08000265   Thumb Code   332  _scanf_int.o(.text)
    __aeabi_fadd                             0x080003b1   Thumb Code   164  fadd.o(.text)
    __aeabi_fsub                             0x08000455   Thumb Code     6  fadd.o(.text)
    __aeabi_frsub                            0x0800045b   Thumb Code     6  fadd.o(.text)
    __aeabi_fdiv                             0x08000461   Thumb Code   124  fdiv.o(.text)
    __aeabi_i2f                              0x080004dd   Thumb Code    18  fflti.o(.text)
    __aeabi_f2d                              0x080004ef   Thumb Code    38  f2d.o(.text)
    __aeabi_cfcmpeq                          0x08000515   Thumb Code     0  cfcmple.o(.text)
    __aeabi_cfcmple                          0x08000515   Thumb Code    20  cfcmple.o(.text)
    __aeabi_cfrcmple                         0x08000529   Thumb Code    20  cfrcmple.o(.text)
    __aeabi_uidiv                            0x0800053d   Thumb Code     0  uidiv.o(.text)
    __aeabi_uidivmod                         0x0800053d   Thumb Code    44  uidiv.o(.text)
    __aeabi_uldivmod                         0x08000569   Thumb Code    98  uldiv.o(.text)
    _chval                                   0x080005cb   Thumb Code    28  _chval.o(.text)
    __vfscanf_char                           0x080005f5   Thumb Code    20  scanf_char.o(.text)
    _sgetc                                   0x08000611   Thumb Code    30  _sgetc.o(.text)
    _sbackspace                              0x0800062f   Thumb Code    34  _sgetc.o(.text)
    __I$use$fp                               0x08000651   Thumb Code     0  iusefp.o(.text)
    _float_round                             0x08000651   Thumb Code    18  fepilogue.o(.text)
    _float_epilogue                          0x08000663   Thumb Code    92  fepilogue.o(.text)
    __aeabi_dadd                             0x080006bf   Thumb Code   322  dadd.o(.text)
    __aeabi_dsub                             0x08000801   Thumb Code     6  dadd.o(.text)
    __aeabi_drsub                            0x08000807   Thumb Code     6  dadd.o(.text)
    __aeabi_dmul                             0x0800080d   Thumb Code   228  dmul.o(.text)
    __aeabi_ddiv                             0x080008f1   Thumb Code   222  ddiv.o(.text)
    __aeabi_d2ulz                            0x080009cf   Thumb Code    48  dfixul.o(.text)
    __aeabi_cdrcmple                         0x08000a01   Thumb Code    48  cdrcmple.o(.text)
    __scatterload                            0x08000a31   Thumb Code    28  init.o(.text)
    __scatterload_rt2                        0x08000a31   Thumb Code     0  init.o(.text)
    __aeabi_llsl                             0x08000a55   Thumb Code    30  llshl.o(.text)
    _ll_shift_l                              0x08000a55   Thumb Code     0  llshl.o(.text)
    __aeabi_llsr                             0x08000a73   Thumb Code    32  llushr.o(.text)
    _ll_ushift_r                             0x08000a73   Thumb Code     0  llushr.o(.text)
    __aeabi_lasr                             0x08000a93   Thumb Code    36  llsshr.o(.text)
    _ll_sshift_r                             0x08000a93   Thumb Code     0  llsshr.o(.text)
    __rt_ctype_table                         0x08000ab9   Thumb Code     4  ctype_o.o(.text)
    isspace                                  0x08000ac1   Thumb Code    18  isspace_o.o(.text)
    __vfscanf                                0x08000ad5   Thumb Code   810  _scanf.o(.text)
    _double_round                            0x08000e05   Thumb Code    30  depilogue.o(.text)
    _double_epilogue                         0x08000e23   Thumb Code   156  depilogue.o(.text)
    ADC_Cmd                                  0x08000ebf   Thumb Code    22  stm32f10x_adc.o(i.ADC_Cmd)
    ADC_DMACmd                               0x08000ed5   Thumb Code    22  stm32f10x_adc.o(i.ADC_DMACmd)
    ADC_GetCalibrationStatus                 0x08000eeb   Thumb Code    20  stm32f10x_adc.o(i.ADC_GetCalibrationStatus)
    ADC_GetResetCalibrationStatus            0x08000eff   Thumb Code    20  stm32f10x_adc.o(i.ADC_GetResetCalibrationStatus)
    ADC_Init                                 0x08000f15   Thumb Code    70  stm32f10x_adc.o(i.ADC_Init)
    ADC_RegularChannelConfig                 0x08000f65   Thumb Code   184  stm32f10x_adc.o(i.ADC_RegularChannelConfig)
    ADC_ResetCalibration                     0x0800101d   Thumb Code    10  stm32f10x_adc.o(i.ADC_ResetCalibration)
    ADC_SoftwareStartConvCmd                 0x08001027   Thumb Code    22  stm32f10x_adc.o(i.ADC_SoftwareStartConvCmd)
    ADC_StartCalibration                     0x0800103d   Thumb Code    10  stm32f10x_adc.o(i.ADC_StartCalibration)
    BKP_DeInit                               0x08001047   Thumb Code    16  stm32f10x_bkp.o(i.BKP_DeInit)
    BusFault_Handler                         0x08001057   Thumb Code     4  stm32f10x_it.o(i.BusFault_Handler)
    DMA1_Channel1_IRQHandler                 0x0800105d   Thumb Code    24  ntc.o(i.DMA1_Channel1_IRQHandler)
    DMA1_Channel3_IRQHandler                 0x08001079   Thumb Code    50  lcd_spi.o(i.DMA1_Channel3_IRQHandler)
    DMA_ClearITPendingBit                    0x080010b5   Thumb Code    18  stm32f10x_dma.o(i.DMA_ClearITPendingBit)
    DMA_Cmd                                  0x080010d1   Thumb Code    24  stm32f10x_dma.o(i.DMA_Cmd)
    DMA_DeInit                               0x080010e9   Thumb Code   324  stm32f10x_dma.o(i.DMA_DeInit)
    DMA_GetITStatus                          0x08001235   Thumb Code    36  stm32f10x_dma.o(i.DMA_GetITStatus)
    DMA_ITConfig                             0x08001261   Thumb Code    18  stm32f10x_dma.o(i.DMA_ITConfig)
    DMA_Init                                 0x08001273   Thumb Code    60  stm32f10x_dma.o(i.DMA_Init)
    DebugMon_Handler                         0x080012af   Thumb Code     2  stm32f10x_it.o(i.DebugMon_Handler)
    GPIO_Init                                0x080012b1   Thumb Code   278  stm32f10x_gpio.o(i.GPIO_Init)
    GPIO_ReadInputDataBit                    0x080013c7   Thumb Code    18  stm32f10x_gpio.o(i.GPIO_ReadInputDataBit)
    GPIO_ResetBits                           0x080013d9   Thumb Code     4  stm32f10x_gpio.o(i.GPIO_ResetBits)
    GPIO_SetBits                             0x080013dd   Thumb Code     4  stm32f10x_gpio.o(i.GPIO_SetBits)
    GPIO_WriteBit                            0x080013e1   Thumb Code    10  stm32f10x_gpio.o(i.GPIO_WriteBit)
    HardFault_Handler                        0x080013eb   Thumb Code     4  stm32f10x_it.o(i.HardFault_Handler)
    MemManage_Handler                        0x080013ef   Thumb Code     4  stm32f10x_it.o(i.MemManage_Handler)
    NMI_Handler                              0x080013f3   Thumb Code     2  stm32f10x_it.o(i.NMI_Handler)
    NVIC_Init                                0x080013f5   Thumb Code   100  misc.o(i.NVIC_Init)
    PWR_BackupAccessCmd                      0x08001465   Thumb Code     6  stm32f10x_pwr.o(i.PWR_BackupAccessCmd)
    PendSV_Handler                           0x08001471   Thumb Code     2  stm32f10x_it.o(i.PendSV_Handler)
    RCC_ADCCLKConfig                         0x08001475   Thumb Code    18  stm32f10x_rcc.o(i.RCC_ADCCLKConfig)
    RCC_AHBPeriphClockCmd                    0x0800148d   Thumb Code    26  stm32f10x_rcc.o(i.RCC_AHBPeriphClockCmd)
    RCC_APB1PeriphClockCmd                   0x080014ad   Thumb Code    26  stm32f10x_rcc.o(i.RCC_APB1PeriphClockCmd)
    RCC_APB2PeriphClockCmd                   0x080014cd   Thumb Code    26  stm32f10x_rcc.o(i.RCC_APB2PeriphClockCmd)
    RCC_BackupResetCmd                       0x080014ed   Thumb Code     6  stm32f10x_rcc.o(i.RCC_BackupResetCmd)
    RCC_GetClocksFreq                        0x080014f9   Thumb Code   192  stm32f10x_rcc.o(i.RCC_GetClocksFreq)
    RCC_GetFlagStatus                        0x080015cd   Thumb Code    56  stm32f10x_rcc.o(i.RCC_GetFlagStatus)
    RCC_LSEConfig                            0x08001609   Thumb Code    46  stm32f10x_rcc.o(i.RCC_LSEConfig)
    RCC_RTCCLKCmd                            0x0800163d   Thumb Code     6  stm32f10x_rcc.o(i.RCC_RTCCLKCmd)
    RCC_RTCCLKConfig                         0x08001649   Thumb Code    12  stm32f10x_rcc.o(i.RCC_RTCCLKConfig)
    RTC_EnterConfigMode                      0x08001659   Thumb Code    14  stm32f10x_rtc.o(i.RTC_EnterConfigMode)
    RTC_ExitConfigMode                       0x0800166d   Thumb Code    16  stm32f10x_rtc.o(i.RTC_ExitConfigMode)
    RTC_GetCounter                           0x08001681   Thumb Code    38  stm32f10x_rtc.o(i.RTC_GetCounter)
    RTC_SetCounter                           0x080016ad   Thumb Code    24  stm32f10x_rtc.o(i.RTC_SetCounter)
    RTC_SetPrescaler                         0x080016c9   Thumb Code    26  stm32f10x_rtc.o(i.RTC_SetPrescaler)
    RTC_WaitForLastTask                      0x080016e9   Thumb Code    16  stm32f10x_rtc.o(i.RTC_WaitForLastTask)
    RTC_WaitForSynchro                       0x080016fd   Thumb Code    30  stm32f10x_rtc.o(i.RTC_WaitForSynchro)
    SPI_Cmd                                  0x08001721   Thumb Code    24  stm32f10x_spi.o(i.SPI_Cmd)
    SPI_I2S_DMACmd                           0x08001739   Thumb Code    18  stm32f10x_spi.o(i.SPI_I2S_DMACmd)
    SPI_I2S_GetFlagStatus                    0x0800174b   Thumb Code    18  stm32f10x_spi.o(i.SPI_I2S_GetFlagStatus)
    SPI_I2S_SendData                         0x0800175d   Thumb Code     4  stm32f10x_spi.o(i.SPI_I2S_SendData)
    SPI_Init                                 0x08001761   Thumb Code    60  stm32f10x_spi.o(i.SPI_Init)
    SVC_Handler                              0x0800179d   Thumb Code     2  stm32f10x_it.o(i.SVC_Handler)
    SysTick_Handler                          0x08001889   Thumb Code     2  stm32f10x_it.o(i.SysTick_Handler)
    SystemInit                               0x0800188d   Thumb Code    78  system_stm32f10x.o(i.SystemInit)
    TIM2_IRQHandler                          0x080018ed   Thumb Code    34  timer.o(i.TIM2_IRQHandler)
    TIM_ClearITPendingBit                    0x08001915   Thumb Code     6  stm32f10x_tim.o(i.TIM_ClearITPendingBit)
    TIM_Cmd                                  0x0800191b   Thumb Code    24  stm32f10x_tim.o(i.TIM_Cmd)
    TIM_GetITStatus                          0x08001933   Thumb Code    34  stm32f10x_tim.o(i.TIM_GetITStatus)
    TIM_ITConfig                             0x08001955   Thumb Code    18  stm32f10x_tim.o(i.TIM_ITConfig)
    TIM_TimeBaseInit                         0x08001969   Thumb Code   122  stm32f10x_tim.o(i.TIM_TimeBaseInit)
    USART2_IRQHandler                        0x08001a0d   Thumb Code    42  esp_usart.o(i.USART2_IRQHandler)
    USART_Cmd                                0x08001a41   Thumb Code    24  stm32f10x_usart.o(i.USART_Cmd)
    USART_GetITStatus                        0x08001a59   Thumb Code    84  stm32f10x_usart.o(i.USART_GetITStatus)
    USART_ITConfig                           0x08001aad   Thumb Code    74  stm32f10x_usart.o(i.USART_ITConfig)
    USART_Init                               0x08001af9   Thumb Code   210  stm32f10x_usart.o(i.USART_Init)
    USART_ReceiveData                        0x08001bd1   Thumb Code    10  stm32f10x_usart.o(i.USART_ReceiveData)
    UsageFault_Handler                       0x08001bdb   Thumb Code     4  stm32f10x_it.o(i.UsageFault_Handler)
    __0snprintf                              0x08001be1   Thumb Code    48  printfa.o(i.__0snprintf)
    __1snprintf                              0x08001be1   Thumb Code     0  printfa.o(i.__0snprintf)
    __2snprintf                              0x08001be1   Thumb Code     0  printfa.o(i.__0snprintf)
    __c89snprintf                            0x08001be1   Thumb Code     0  printfa.o(i.__0snprintf)
    snprintf                                 0x08001be1   Thumb Code     0  printfa.o(i.__0snprintf)
    __scatterload_copy                       0x08001c15   Thumb Code    14  handlers.o(i.__scatterload_copy)
    __scatterload_null                       0x08001c23   Thumb Code     2  handlers.o(i.__scatterload_null)
    __scatterload_zeroinit                   0x08001c25   Thumb Code    14  handlers.o(i.__scatterload_zeroinit)
    board_init                               0x080025f3   Thumb Code   120  utils.o(i.board_init)
    date_to_ts                               0x0800266d   Thumb Code   142  rtc.o(i.date_to_ts)
    delay_ms                                 0x0800275d   Thumb Code    24  utils.o(i.delay_ms)
    delay_us                                 0x08002775   Thumb Code    54  utils.o(i.delay_us)
    detect_orientation                       0x080027b5   Thumb Code   110  mpu6050.o(i.detect_orientation)
    esp_usart_init                           0x0800282d   Thumb Code   148  esp_usart.o(i.esp_usart_init)
    esp_usart_receive_register               0x080028c9   Thumb Code     6  esp_usart.o(i.esp_usart_receive_register)
    lcd_spi_init                             0x08002ad5   Thumb Code    16  lcd_spi.o(i.lcd_spi_init)
    lcd_spi_send_finish_register             0x08002b65   Thumb Code     6  lcd_spi.o(i.lcd_spi_send_finish_register)
    lcd_spi_write                            0x08002b71   Thumb Code    56  lcd_spi.o(i.lcd_spi_write)
    lcd_spi_write_async                      0x08002bad   Thumb Code    82  lcd_spi.o(i.lcd_spi_write_async)
    led_init                                 0x08002c09   Thumb Code    40  led.o(i.led_init)
    main                                     0x08002c35   Thumb Code   860  main.o(i.main)
    mpu6050_init                             0x08003045   Thumb Code   104  mpu6050.o(i.mpu6050_init)
    mpu6050_read_accel                       0x080030ad   Thumb Code   126  mpu6050.o(i.mpu6050_read_accel)
    mpu6050_read_temper                      0x0800312d   Thumb Code    52  mpu6050.o(i.mpu6050_read_temper)
    ntc_init                                 0x08003169   Thumb Code    20  ntc.o(i.ntc_init)
    rtc_get_date                             0x080032e5   Thumb Code    22  rtc.o(i.rtc_get_date)
    rtc_init                                 0x080032fb   Thumb Code    38  rtc.o(i.rtc_init)
    rtc_set_date                             0x08003321   Thumb Code    40  rtc.o(i.rtc_set_date)
    st7735_draw_image                        0x08003369   Thumb Code   104  st7735.o(i.st7735_draw_image)
    st7735_fill_rect                         0x08003411   Thumb Code   198  st7735.o(i.st7735_fill_rect)
    st7735_fill_screen                       0x080034dd   Thumb Code    20  st7735.o(i.st7735_fill_screen)
    st7735_init                              0x08003529   Thumb Code    40  st7735.o(i.st7735_init)
    st7735_set_rotation                      0x08003611   Thumb Code   114  st7735.o(i.st7735_set_rotation)
    st7735_unselect                          0x080036e5   Thumb Code    14  st7735.o(i.st7735_unselect)
    st7735_write_char                        0x080036f9   Thumb Code   180  st7735.o(i.st7735_write_char)
    st7735_write_string                      0x08003801   Thumb Code    92  st7735.o(i.st7735_write_string)
    swi2c_init                               0x0800385d   Thumb Code     8  swi2c.o(i.swi2c_init)
    swi2c_read                               0x08003865   Thumb Code   100  swi2c.o(i.swi2c_read)
    swi2c_write                              0x080038c9   Thumb Code    68  swi2c.o(i.swi2c_write)
    timer_elapsed_register                   0x08003931   Thumb Code     6  timer.o(i.timer_elapsed_register)
    timer_init                               0x0800393d   Thumb Code    80  timer.o(i.timer_init)
    timer_start                              0x0800398d   Thumb Code    12  timer.o(i.timer_start)
    ts_to_date                               0x08003999   Thumb Code   228  rtc.o(i.ts_to_date)
    icon_weather_qing                        0x080056a0   Data           8  icon_weather_qing.o(.constdata)
    icon_weather_yu                          0x080068a8   Data           8  icon_weather_yu.o(.constdata)
    __ctype_table                            0x08006f9c   Data         129  ctype_o.o(.constdata)
    Region$$Table$$Base                      0x08007024   Number         0  anon$$obj.o(Region$$Table)
    Region$$Table$$Limit                     0x08007044   Number         0  anon$$obj.o(Region$$Table)
    font_temper_16x32                        0x2000003c   Data          12  font_temper_32.o(.data)
    font_time_24x48                          0x20000048   Data          12  font_time_48.o(.data)
    font_ascii_8x16                          0x20000058   Data          12  stfonts.o(.data)
    SystemCoreClock                          0x20000074   Data           4  system_stm32f10x.o(.data)
    AHBPrescTable                            0x20000078   Data          16  system_stm32f10x.o(.data)
    __initial_sp                             0x20001620   Data           0  startup_stm32f10x_xl.o(STACK)



==============================================================================

Memory Map of the image

  Image Entry point : 0x08000149

  Load Region LR_1 (Base: 0x08000000, Size: 0x000070e4, Max: 0xffffffff, ABSOLUTE)

    Execution Region ER_RO (Exec base: 0x08000000, Load base: 0x08000000, Size: 0x00007044, Max: 0xffffffff, ABSOLUTE)

    Exec Addr    Load Addr    Size         Type   Attr      Idx    E Section Name        Object

    0x08000000   0x08000000   0x00000130   Data   RO          936    RESET               startup_stm32f10x_xl.o
    0x08000130   0x08000130   0x00000000   Code   RO         4015  * .ARM.Collect$$$$00000000  mc_w.l(entry.o)
    0x08000130   0x08000130   0x00000004   Code   RO         4339    .ARM.Collect$$$$00000001  mc_w.l(entry2.o)
    0x08000134   0x08000134   0x00000004   Code   RO         4342    .ARM.Collect$$$$00000004  mc_w.l(entry5.o)
    0x08000138   0x08000138   0x00000000   Code   RO         4344    .ARM.Collect$$$$00000008  mc_w.l(entry7b.o)
    0x08000138   0x08000138   0x00000000   Code   RO         4346    .ARM.Collect$$$$0000000A  mc_w.l(entry8b.o)
    0x08000138   0x08000138   0x00000008   Code   RO         4347    .ARM.Collect$$$$0000000B  mc_w.l(entry9a.o)
    0x08000140   0x08000140   0x00000004   Code   RO         4354    .ARM.Collect$$$$0000000E  mc_w.l(entry12b.o)
    0x08000144   0x08000144   0x00000000   Code   RO         4349    .ARM.Collect$$$$0000000F  mc_w.l(entry10a.o)
    0x08000144   0x08000144   0x00000000   Code   RO         4351    .ARM.Collect$$$$00000011  mc_w.l(entry11a.o)
    0x08000144   0x08000144   0x00000004   Code   RO         4340    .ARM.Collect$$$$00002712  mc_w.l(entry2.o)
    0x08000148   0x08000148   0x00000024   Code   RO          937  * .text               startup_stm32f10x_xl.o
    0x0800016c   0x0800016c   0x00000024   Code   RO         4018    .text               mc_w.l(memcpya.o)
    0x08000190   0x08000190   0x00000024   Code   RO         4020    .text               mc_w.l(memseta.o)
    0x080001b4   0x080001b4   0x00000018   Code   RO         4024    .text               mc_w.l(strncpy.o)
    0x080001cc   0x080001cc   0x0000001c   Code   RO         4030    .text               mc_w.l(strcmp.o)
    0x080001e8   0x080001e8   0x00000044   Code   RO         4032    .text               mc_w.l(strtok.o)
    0x0800022c   0x0800022c   0x00000038   Code   RO         4301    .text               mc_w.l(__0sscanf.o)
    0x08000264   0x08000264   0x0000014c   Code   RO         4303    .text               mc_w.l(_scanf_int.o)
    0x080003b0   0x080003b0   0x000000b0   Code   RO         4307    .text               mf_w.l(fadd.o)
    0x08000460   0x08000460   0x0000007c   Code   RO         4311    .text               mf_w.l(fdiv.o)
    0x080004dc   0x080004dc   0x00000012   Code   RO         4313    .text               mf_w.l(fflti.o)
    0x080004ee   0x080004ee   0x00000026   Code   RO         4319    .text               mf_w.l(f2d.o)
    0x08000514   0x08000514   0x00000014   Code   RO         4321    .text               mf_w.l(cfcmple.o)
    0x08000528   0x08000528   0x00000014   Code   RO         4323    .text               mf_w.l(cfrcmple.o)
    0x0800053c   0x0800053c   0x0000002c   Code   RO         4358    .text               mc_w.l(uidiv.o)
    0x08000568   0x08000568   0x00000062   Code   RO         4360    .text               mc_w.l(uldiv.o)
    0x080005ca   0x080005ca   0x0000001c   Code   RO         4369    .text               mc_w.l(_chval.o)
    0x080005e6   0x080005e6   0x00000002   PAD
    0x080005e8   0x080005e8   0x00000028   Code   RO         4371    .text               mc_w.l(scanf_char.o)
    0x08000610   0x08000610   0x00000040   Code   RO         4373    .text               mc_w.l(_sgetc.o)
    0x08000650   0x08000650   0x00000000   Code   RO         4377    .text               mc_w.l(iusefp.o)
    0x08000650   0x08000650   0x0000006e   Code   RO         4378    .text               mf_w.l(fepilogue.o)
    0x080006be   0x080006be   0x0000014e   Code   RO         4382    .text               mf_w.l(dadd.o)
    0x0800080c   0x0800080c   0x000000e4   Code   RO         4384    .text               mf_w.l(dmul.o)
    0x080008f0   0x080008f0   0x000000de   Code   RO         4386    .text               mf_w.l(ddiv.o)
    0x080009ce   0x080009ce   0x00000030   Code   RO         4388    .text               mf_w.l(dfixul.o)
    0x080009fe   0x080009fe   0x00000002   PAD
    0x08000a00   0x08000a00   0x00000030   Code   RO         4390    .text               mf_w.l(cdrcmple.o)
    0x08000a30   0x08000a30   0x00000024   Code   RO         4392    .text               mc_w.l(init.o)
    0x08000a54   0x08000a54   0x0000001e   Code   RO         4395    .text               mc_w.l(llshl.o)
    0x08000a72   0x08000a72   0x00000020   Code   RO         4397    .text               mc_w.l(llushr.o)
    0x08000a92   0x08000a92   0x00000024   Code   RO         4399    .text               mc_w.l(llsshr.o)
    0x08000ab6   0x08000ab6   0x00000002   PAD
    0x08000ab8   0x08000ab8   0x00000008   Code   RO         4403    .text               mc_w.l(ctype_o.o)
    0x08000ac0   0x08000ac0   0x00000012   Code   RO         4425    .text               mc_w.l(isspace_o.o)
    0x08000ad2   0x08000ad2   0x00000002   PAD
    0x08000ad4   0x08000ad4   0x00000330   Code   RO         4431    .text               mc_w.l(_scanf.o)
    0x08000e04   0x08000e04   0x000000ba   Code   RO         4436    .text               mf_w.l(depilogue.o)
    0x08000ebe   0x08000ebe   0x00000016   Code   RO         1080    i.ADC_Cmd           stm32f10x_adc.o
    0x08000ed4   0x08000ed4   0x00000016   Code   RO         1081    i.ADC_DMACmd        stm32f10x_adc.o
    0x08000eea   0x08000eea   0x00000014   Code   RO         1088    i.ADC_GetCalibrationStatus  stm32f10x_adc.o
    0x08000efe   0x08000efe   0x00000014   Code   RO         1094    i.ADC_GetResetCalibrationStatus  stm32f10x_adc.o
    0x08000f12   0x08000f12   0x00000002   PAD
    0x08000f14   0x08000f14   0x00000050   Code   RO         1098    i.ADC_Init          stm32f10x_adc.o
    0x08000f64   0x08000f64   0x000000b8   Code   RO         1102    i.ADC_RegularChannelConfig  stm32f10x_adc.o
    0x0800101c   0x0800101c   0x0000000a   Code   RO         1103    i.ADC_ResetCalibration  stm32f10x_adc.o
    0x08001026   0x08001026   0x00000016   Code   RO         1105    i.ADC_SoftwareStartConvCmd  stm32f10x_adc.o
    0x0800103c   0x0800103c   0x0000000a   Code   RO         1107    i.ADC_StartCalibration  stm32f10x_adc.o
    0x08001046   0x08001046   0x00000010   Code   RO         1298    i.BKP_DeInit        stm32f10x_bkp.o
    0x08001056   0x08001056   0x00000004   Code   RO          941    i.BusFault_Handler  stm32f10x_it.o
    0x0800105a   0x0800105a   0x00000002   PAD
    0x0800105c   0x0800105c   0x0000001c   Code   RO          586    i.DMA1_Channel1_IRQHandler  ntc.o
    0x08001078   0x08001078   0x0000003c   Code   RO          735    i.DMA1_Channel3_IRQHandler  lcd_spi.o
    0x080010b4   0x080010b4   0x0000001c   Code   RO         1764    i.DMA_ClearITPendingBit  stm32f10x_dma.o
    0x080010d0   0x080010d0   0x00000018   Code   RO         1765    i.DMA_Cmd           stm32f10x_dma.o
    0x080010e8   0x080010e8   0x0000014c   Code   RO         1766    i.DMA_DeInit        stm32f10x_dma.o
    0x08001234   0x08001234   0x0000002c   Code   RO         1769    i.DMA_GetITStatus   stm32f10x_dma.o
    0x08001260   0x08001260   0x00000012   Code   RO         1770    i.DMA_ITConfig      stm32f10x_dma.o
    0x08001272   0x08001272   0x0000003c   Code   RO         1771    i.DMA_Init          stm32f10x_dma.o
    0x080012ae   0x080012ae   0x00000002   Code   RO          942    i.DebugMon_Handler  stm32f10x_it.o
    0x080012b0   0x080012b0   0x00000116   Code   RO         2189    i.GPIO_Init         stm32f10x_gpio.o
    0x080013c6   0x080013c6   0x00000012   Code   RO         2193    i.GPIO_ReadInputDataBit  stm32f10x_gpio.o
    0x080013d8   0x080013d8   0x00000004   Code   RO         2196    i.GPIO_ResetBits    stm32f10x_gpio.o
    0x080013dc   0x080013dc   0x00000004   Code   RO         2197    i.GPIO_SetBits      stm32f10x_gpio.o
    0x080013e0   0x080013e0   0x0000000a   Code   RO         2200    i.GPIO_WriteBit     stm32f10x_gpio.o
    0x080013ea   0x080013ea   0x00000004   Code   RO          943    i.HardFault_Handler  stm32f10x_it.o
    0x080013ee   0x080013ee   0x00000004   Code   RO          944    i.MemManage_Handler  stm32f10x_it.o
    0x080013f2   0x080013f2   0x00000002   Code   RO          945    i.NMI_Handler       stm32f10x_it.o
    0x080013f4   0x080013f4   0x00000070   Code   RO         1038    i.NVIC_Init         misc.o
    0x08001464   0x08001464   0x0000000c   Code   RO         2543    i.PWR_BackupAccessCmd  stm32f10x_pwr.o
    0x08001470   0x08001470   0x00000002   Code   RO          946    i.PendSV_Handler    stm32f10x_it.o
    0x08001472   0x08001472   0x00000002   PAD
    0x08001474   0x08001474   0x00000018   Code   RO         2603    i.RCC_ADCCLKConfig  stm32f10x_rcc.o
    0x0800148c   0x0800148c   0x00000020   Code   RO         2604    i.RCC_AHBPeriphClockCmd  stm32f10x_rcc.o
    0x080014ac   0x080014ac   0x00000020   Code   RO         2605    i.RCC_APB1PeriphClockCmd  stm32f10x_rcc.o
    0x080014cc   0x080014cc   0x00000020   Code   RO         2607    i.RCC_APB2PeriphClockCmd  stm32f10x_rcc.o
    0x080014ec   0x080014ec   0x0000000c   Code   RO         2610    i.RCC_BackupResetCmd  stm32f10x_rcc.o
    0x080014f8   0x080014f8   0x000000d4   Code   RO         2615    i.RCC_GetClocksFreq  stm32f10x_rcc.o
    0x080015cc   0x080015cc   0x0000003c   Code   RO         2616    i.RCC_GetFlagStatus  stm32f10x_rcc.o
    0x08001608   0x08001608   0x00000034   Code   RO         2623    i.RCC_LSEConfig     stm32f10x_rcc.o
    0x0800163c   0x0800163c   0x0000000c   Code   RO         2630    i.RCC_RTCCLKCmd     stm32f10x_rcc.o
    0x08001648   0x08001648   0x00000010   Code   RO         2631    i.RCC_RTCCLKConfig  stm32f10x_rcc.o
    0x08001658   0x08001658   0x00000014   Code   RO         2805    i.RTC_EnterConfigMode  stm32f10x_rtc.o
    0x0800166c   0x0800166c   0x00000014   Code   RO         2806    i.RTC_ExitConfigMode  stm32f10x_rtc.o
    0x08001680   0x08001680   0x0000002c   Code   RO         2807    i.RTC_GetCounter    stm32f10x_rtc.o
    0x080016ac   0x080016ac   0x0000001c   Code   RO         2813    i.RTC_SetCounter    stm32f10x_rtc.o
    0x080016c8   0x080016c8   0x00000020   Code   RO         2814    i.RTC_SetPrescaler  stm32f10x_rtc.o
    0x080016e8   0x080016e8   0x00000014   Code   RO         2815    i.RTC_WaitForLastTask  stm32f10x_rtc.o
    0x080016fc   0x080016fc   0x00000024   Code   RO         2816    i.RTC_WaitForSynchro  stm32f10x_rtc.o
    0x08001720   0x08001720   0x00000018   Code   RO         3084    i.SPI_Cmd           stm32f10x_spi.o
    0x08001738   0x08001738   0x00000012   Code   RO         3090    i.SPI_I2S_DMACmd    stm32f10x_spi.o
    0x0800174a   0x0800174a   0x00000012   Code   RO         3092    i.SPI_I2S_GetFlagStatus  stm32f10x_spi.o
    0x0800175c   0x0800175c   0x00000004   Code   RO         3096    i.SPI_I2S_SendData  stm32f10x_spi.o
    0x08001760   0x08001760   0x0000003c   Code   RO         3097    i.SPI_Init          stm32f10x_spi.o
    0x0800179c   0x0800179c   0x00000002   Code   RO          947    i.SVC_Handler       stm32f10x_it.o
    0x0800179e   0x0800179e   0x00000008   Code   RO         1004    i.SetSysClock       system_stm32f10x.o
    0x080017a6   0x080017a6   0x00000002   PAD
    0x080017a8   0x080017a8   0x000000e0   Code   RO         1005    i.SetSysClockTo72   system_stm32f10x.o
    0x08001888   0x08001888   0x00000002   Code   RO          948    i.SysTick_Handler   stm32f10x_it.o
    0x0800188a   0x0800188a   0x00000002   PAD
    0x0800188c   0x0800188c   0x00000060   Code   RO         1007    i.SystemInit        system_stm32f10x.o
    0x080018ec   0x080018ec   0x00000028   Code   RO          697    i.TIM2_IRQHandler   timer.o
    0x08001914   0x08001914   0x00000006   Code   RO         3234    i.TIM_ClearITPendingBit  stm32f10x_tim.o
    0x0800191a   0x0800191a   0x00000018   Code   RO         3239    i.TIM_Cmd           stm32f10x_tim.o
    0x08001932   0x08001932   0x00000022   Code   RO         3260    i.TIM_GetITStatus   stm32f10x_tim.o
    0x08001954   0x08001954   0x00000012   Code   RO         3264    i.TIM_ITConfig      stm32f10x_tim.o
    0x08001966   0x08001966   0x00000002   PAD
    0x08001968   0x08001968   0x000000a4   Code   RO         3310    i.TIM_TimeBaseInit  stm32f10x_tim.o
    0x08001a0c   0x08001a0c   0x00000034   Code   RO          885    i.USART2_IRQHandler  esp_usart.o
    0x08001a40   0x08001a40   0x00000018   Code   RO         3775    i.USART_Cmd         stm32f10x_usart.o
    0x08001a58   0x08001a58   0x00000054   Code   RO         3779    i.USART_GetITStatus  stm32f10x_usart.o
    0x08001aac   0x08001aac   0x0000004a   Code   RO         3781    i.USART_ITConfig    stm32f10x_usart.o
    0x08001af6   0x08001af6   0x00000002   PAD
    0x08001af8   0x08001af8   0x000000d8   Code   RO         3782    i.USART_Init        stm32f10x_usart.o
    0x08001bd0   0x08001bd0   0x0000000a   Code   RO         3789    i.USART_ReceiveData  stm32f10x_usart.o
    0x08001bda   0x08001bda   0x00000004   Code   RO          949    i.UsageFault_Handler  stm32f10x_it.o
    0x08001bde   0x08001bde   0x00000002   PAD
    0x08001be0   0x08001be0   0x00000034   Code   RO         4274    i.__0snprintf       mc_w.l(printfa.o)
    0x08001c14   0x08001c14   0x0000000e   Code   RO         4443    i.__scatterload_copy  mc_w.l(handlers.o)
    0x08001c22   0x08001c22   0x00000002   Code   RO         4444    i.__scatterload_null  mc_w.l(handlers.o)
    0x08001c24   0x08001c24   0x0000000e   Code   RO         4445    i.__scatterload_zeroinit  mc_w.l(handlers.o)
    0x08001c32   0x08001c32   0x00000002   PAD
    0x08001c34   0x08001c34   0x00000184   Code   RO         4280    i._fp_digits        mc_w.l(printfa.o)
    0x08001db8   0x08001db8   0x000006b4   Code   RO         4281    i._printf_core      mc_w.l(printfa.o)
    0x0800246c   0x0800246c   0x00000024   Code   RO         4282    i._printf_post_padding  mc_w.l(printfa.o)
    0x08002490   0x08002490   0x0000002e   Code   RO         4283    i._printf_pre_padding  mc_w.l(printfa.o)
    0x080024be   0x080024be   0x00000016   Code   RO         4284    i._snputc           mc_w.l(printfa.o)
    0x080024d4   0x080024d4   0x0000005c   Code   RO          587    i.adc_dma_init      ntc.o
    0x08002530   0x08002530   0x0000001c   Code   RO          588    i.adc_gpio_init     ntc.o
    0x0800254c   0x0800254c   0x00000084   Code   RO          589    i.adc_init          ntc.o
    0x080025d0   0x080025d0   0x00000022   Code   RO          590    i.adc_nvic_init     ntc.o
    0x080025f2   0x080025f2   0x00000078   Code   RO          164    i.board_init        utils.o
    0x0800266a   0x0800266a   0x00000002   PAD
    0x0800266c   0x0800266c   0x00000094   Code   RO          643    i.date_to_ts        rtc.o
    0x08002700   0x08002700   0x0000005c   Code   RO          644    i.date_validate     rtc.o
    0x0800275c   0x0800275c   0x00000018   Code   RO          165    i.delay_ms          utils.o
    0x08002774   0x08002774   0x00000040   Code   RO          166    i.delay_us          utils.o
    0x080027b4   0x080027b4   0x00000078   Code   RO          788    i.detect_orientation  mpu6050.o
    0x0800282c   0x0800282c   0x0000009c   Code   RO          886    i.esp_usart_init    esp_usart.o
    0x080028c8   0x080028c8   0x0000000c   Code   RO          887    i.esp_usart_receive_register  esp_usart.o
    0x080028d4   0x080028d4   0x0000000a   Code   RO          831    i.i2c_delay         swi2c.o
    0x080028de   0x080028de   0x00000002   PAD
    0x080028e0   0x080028e0   0x0000003c   Code   RO          832    i.i2c_io_init       swi2c.o
    0x0800291c   0x0800291c   0x00000084   Code   RO          833    i.i2c_read_byte     swi2c.o
    0x080029a0   0x080029a0   0x00000030   Code   RO          834    i.i2c_start         swi2c.o
    0x080029d0   0x080029d0   0x0000002c   Code   RO          835    i.i2c_stop          swi2c.o
    0x080029fc   0x080029fc   0x00000088   Code   RO          836    i.i2c_write_byte    swi2c.o
    0x08002a84   0x08002a84   0x00000050   Code   RO          736    i.lcd_spi_gpio_init  lcd_spi.o
    0x08002ad4   0x08002ad4   0x00000010   Code   RO          737    i.lcd_spi_init      lcd_spi.o
    0x08002ae4   0x08002ae4   0x0000005c   Code   RO          738    i.lcd_spi_lowlevel_init  lcd_spi.o
    0x08002b40   0x08002b40   0x00000022   Code   RO          739    i.lcd_spi_nvic_init  lcd_spi.o
    0x08002b62   0x08002b62   0x00000002   PAD
    0x08002b64   0x08002b64   0x0000000c   Code   RO          740    i.lcd_spi_send_finish_register  lcd_spi.o
    0x08002b70   0x08002b70   0x0000003c   Code   RO          741    i.lcd_spi_write     lcd_spi.o
    0x08002bac   0x08002bac   0x0000005c   Code   RO          742    i.lcd_spi_write_async  lcd_spi.o
    0x08002c08   0x08002c08   0x0000002c   Code   RO          548    i.led_init          led.o
    0x08002c34   0x08002c34   0x00000410   Code   RO            1    i.main              main.o
    0x08003044   0x08003044   0x00000068   Code   RO          789    i.mpu6050_init      mpu6050.o
    0x080030ac   0x080030ac   0x0000007e   Code   RO          790    i.mpu6050_read_accel  mpu6050.o
    0x0800312a   0x0800312a   0x00000002   PAD
    0x0800312c   0x0800312c   0x0000003c   Code   RO          792    i.mpu6050_read_temper  mpu6050.o
    0x08003168   0x08003168   0x00000014   Code   RO          592    i.ntc_init          ntc.o
    0x0800317c   0x0800317c   0x00000168   Code   RO            2    i.redraw_screen     main.o
    0x080032e4   0x080032e4   0x00000016   Code   RO          645    i.rtc_get_date      rtc.o
    0x080032fa   0x080032fa   0x00000026   Code   RO          647    i.rtc_init          rtc.o
    0x08003320   0x08003320   0x00000028   Code   RO          648    i.rtc_set_date      rtc.o
    0x08003348   0x08003348   0x0000000c   Code   RO          297    i.spi_on_async_finish  st7735.o
    0x08003354   0x08003354   0x00000014   Code   RO          299    i.st7735_bl_on      st7735.o
    0x08003368   0x08003368   0x00000068   Code   RO          300    i.st7735_draw_image  st7735.o
    0x080033d0   0x080033d0   0x00000040   Code   RO          302    i.st7735_exec_cmds  st7735.o
    0x08003410   0x08003410   0x000000cc   Code   RO          303    i.st7735_fill_rect  st7735.o
    0x080034dc   0x080034dc   0x00000014   Code   RO          304    i.st7735_fill_screen  st7735.o
    0x080034f0   0x080034f0   0x00000038   Code   RO          305    i.st7735_find_font  st7735.o
    0x08003528   0x08003528   0x00000030   Code   RO          306    i.st7735_init       st7735.o
    0x08003558   0x08003558   0x0000007c   Code   RO          307    i.st7735_pin_init   st7735.o
    0x080035d4   0x080035d4   0x00000028   Code   RO          308    i.st7735_reset      st7735.o
    0x080035fc   0x080035fc   0x00000014   Code   RO          309    i.st7735_select     st7735.o
    0x08003610   0x08003610   0x00000080   Code   RO          310    i.st7735_set_rotation  st7735.o
    0x08003690   0x08003690   0x00000052   Code   RO          311    i.st7735_set_window  st7735.o
    0x080036e2   0x080036e2   0x00000002   PAD
    0x080036e4   0x080036e4   0x00000014   Code   RO          312    i.st7735_unselect   st7735.o
    0x080036f8   0x080036f8   0x000000b8   Code   RO          313    i.st7735_write_char  st7735.o
    0x080037b0   0x080037b0   0x0000001c   Code   RO          314    i.st7735_write_cmd  st7735.o
    0x080037cc   0x080037cc   0x00000034   Code   RO          315    i.st7735_write_data  st7735.o
    0x08003800   0x08003800   0x0000005c   Code   RO          318    i.st7735_write_string  st7735.o
    0x0800385c   0x0800385c   0x00000008   Code   RO          837    i.swi2c_init        swi2c.o
    0x08003864   0x08003864   0x00000064   Code   RO          838    i.swi2c_read        swi2c.o
    0x080038c8   0x080038c8   0x00000044   Code   RO          839    i.swi2c_write       swi2c.o
    0x0800390c   0x0800390c   0x00000024   Code   RO            3    i.timer_elapsed_callback  main.o
    0x08003930   0x08003930   0x0000000c   Code   RO          698    i.timer_elapsed_register  timer.o
    0x0800393c   0x0800393c   0x00000050   Code   RO          699    i.timer_init        timer.o
    0x0800398c   0x0800398c   0x0000000c   Code   RO          700    i.timer_start       timer.o
    0x08003998   0x08003998   0x000000e8   Code   RO          650    i.ts_to_date        rtc.o
    0x08003a80   0x08003a80   0x00000048   Code   RO            4    i.usart_received    main.o
    0x08003ac8   0x08003ac8   0x0000030c   Data   RO          203    .constdata          font_temper_32.o
    0x08003dd4   0x08003dd4   0x000006cc   Data   RO          217    .constdata          font_time_48.o
    0x080044a0   0x080044a0   0x00001208   Data   RO          253    .constdata          icon_weather_qing.o
    0x080056a8   0x080056a8   0x00001208   Data   RO          284    .constdata          icon_weather_yu.o
    0x080068b0   0x080068b0   0x0000006d   Data   RO          320    .constdata          st7735.o
    0x0800691d   0x0800691d   0x0000064f   Data   RO          431    .constdata          stfonts.o
    0x08006f6c   0x08006f6c   0x00000030   Data   RO          651    .constdata          rtc.o
    0x08006f9c   0x08006f9c   0x00000081   Data   RO         4404    .constdata          mc_w.l(ctype_o.o)
    0x0800701d   0x0800701d   0x00000003   PAD
    0x08007020   0x08007020   0x00000004   Data   RO         4405    .constdata          mc_w.l(ctype_o.o)
    0x08007024   0x08007024   0x00000020   Data   RO         4441    Region$$Table       anon$$obj.o


    Execution Region ER_RW (Exec base: 0x20000000, Load base: 0x08007044, Size: 0x000000a0, Max: 0xffffffff, ABSOLUTE)

    Exec Addr    Load Addr    Size         Type   Attr      Idx    E Section Name        Object

    0x20000000   0x08007044   0x0000003c   Data   RW            6    .data               main.o
    0x2000003c   0x08007080   0x0000000c   Data   RW          204    .data               font_temper_32.o
    0x20000048   0x0800708c   0x0000000c   Data   RW          218    .data               font_time_48.o
    0x20000054   0x08007098   0x00000001   Data   RW          321    .data               st7735.o
    0x20000055   0x08007099   0x00000003   PAD
    0x20000058   0x0800709c   0x0000000c   Data   RW          432    .data               stfonts.o
    0x20000064   0x080070a8   0x00000001   Data   RW          595    .data               ntc.o
    0x20000065   0x080070a9   0x00000003   PAD
    0x20000068   0x080070ac   0x00000004   Data   RW          702    .data               timer.o
    0x2000006c   0x080070b0   0x00000004   Data   RW          743    .data               lcd_spi.o
    0x20000070   0x080070b4   0x00000004   Data   RW          890    .data               esp_usart.o
    0x20000074   0x080070b8   0x00000014   Data   RW         1008    .data               system_stm32f10x.o
    0x20000088   0x080070cc   0x00000014   Data   RW         2635    .data               stm32f10x_rcc.o
    0x2000009c   0x080070e0   0x00000004   Data   RW         4033    .data               mc_w.l(strtok.o)


    Execution Region ER_ZI (Exec base: 0x200000a0, Load base: 0x080070e4, Size: 0x00001580, Max: 0xffffffff, ABSOLUTE)

    Exec Addr    Load Addr    Size         Type   Attr      Idx    E Section Name        Object

    0x200000a0        -       0x00000080   Zero   RW            5    .bss                main.o
    0x20000120        -       0x00001000   Zero   RW          319    .bss                st7735.o
    0x20001120        -       0x00000100   Zero   RW          594    .bss                ntc.o
    0x20001220        -       0x00000400   Zero   RW          934    STACK               startup_stm32f10x_xl.o


==============================================================================

Image component sizes


      Code (inc. data)   RO Data    RW Data    ZI Data      Debug   Object Name

         0          0          0          0          0         32   core_cm3.o
       220         24          0          4          0       1938   esp_usart.o
         0          0        780         12          0       1362   font_temper_32.o
         0          0       1740         12          0       1350   font_time_48.o
         0          0       4616          0          0       1358   icon_weather_qing.o
         0          0       4616          0          0       1346   icon_weather_yu.o
       446         40          0          4          0       5103   lcd_spi.o
        44          4          0          0          0        471   led.o
      1508        286          0         60        128     286227   main.o
       112         12          0          0          0       1144   misc.o
       410         18          0          0          0       7974   mpu6050.o
       334         28          0          1        256       3714   ntc.o
       572         10         48          0          0       4267   rtc.o
      1298         82        109          1       4096      13292   st7735.o
        36          8        304          0       1024        832   startup_stm32f10x_xl.o
         0          0       1615         12          0       1362   stfonts.o
       390         10          0          0          0       7537   stm32f10x_adc.o
        16          0          0          0          0        481   stm32f10x_bkp.o
       506         26          0          0          0       5267   stm32f10x_dma.o
       314          0          0          0          0       4372   stm32f10x_gpio.o
        26          0          0          0          0       4170   stm32f10x_it.o
        12          6          0          0          0        510   stm32f10x_pwr.o
       484         70          0         20          0       8405   stm32f10x_rcc.o
       200         36          0          0          0       3667   stm32f10x_rtc.o
       124          0          0          0          0       4009   stm32f10x_spi.o
       246         42          0          0          0       3678   stm32f10x_tim.o
       408          6          0          0          0       5126   stm32f10x_usart.o
       606         22          0          0          0       6024   swi2c.o
       328         28          0         20          0       2461   system_stm32f10x.o
       144         12          0          4          0       2178   timer.o
       208         10          0          0          0       1427   utils.o
         0          0          0          0          0        440   weather.o

    ----------------------------------------------------------------------
      9018        780      13860        156       5504     391524   Object Totals
         0          0         32          0          0          0   (incl. Generated)
        26          0          0          6          0          0   (incl. Padding)

    ----------------------------------------------------------------------

      Code (inc. data)   RO Data    RW Data    ZI Data      Debug   Library Member Name

        56          8          0          0          0         84   __0sscanf.o
        28          0          0          0          0         68   _chval.o
       816          6          0          0          0        112   _scanf.o
       332          0          0          0          0         96   _scanf_int.o
        64          0          0          0          0         84   _sgetc.o
         8          4        133          0          0         68   ctype_o.o
         0          0          0          0          0          0   entry.o
         0          0          0          0          0          0   entry10a.o
         0          0          0          0          0          0   entry11a.o
         4          0          0          0          0          0   entry12b.o
         8          4          0          0          0          0   entry2.o
         4          0          0          0          0          0   entry5.o
         0          0          0          0          0          0   entry7b.o
         0          0          0          0          0          0   entry8b.o
         8          4          0          0          0          0   entry9a.o
        30          0          0          0          0          0   handlers.o
        36          8          0          0          0         68   init.o
        18          0          0          0          0         76   isspace_o.o
         0          0          0          0          0          0   iusefp.o
        30          0          0          0          0         68   llshl.o
        36          0          0          0          0         68   llsshr.o
        32          0          0          0          0         68   llushr.o
        36          0          0          0          0         68   memcpya.o
        36          0          0          0          0        108   memseta.o
      2260         84          0          0          0        536   printfa.o
        40          8          0          0          0         84   scanf_char.o
        28          0          0          0          0         76   strcmp.o
        24          0          0          0          0         76   strncpy.o
        68          6          0          4          0         80   strtok.o
        44          0          0          0          0         80   uidiv.o
        98          0          0          0          0         92   uldiv.o
        48          0          0          0          0         68   cdrcmple.o
        20          0          0          0          0         68   cfcmple.o
        20          0          0          0          0         68   cfrcmple.o
       334          0          0          0          0        148   dadd.o
       222          0          0          0          0        100   ddiv.o
       186          0          0          0          0        176   depilogue.o
        48          0          0          0          0         68   dfixul.o
       228          0          0          0          0         96   dmul.o
        38          0          0          0          0         68   f2d.o
       176          0          0          0          0        140   fadd.o
       124          0          0          0          0         88   fdiv.o
       110          0          0          0          0        168   fepilogue.o
        18          0          0          0          0         68   fflti.o

    ----------------------------------------------------------------------
      5726        132        136          4          0       3384   Library Totals
        10          0          3          0          0          0   (incl. Padding)

    ----------------------------------------------------------------------

      Code (inc. data)   RO Data    RW Data    ZI Data      Debug   Library Name

      4144        132        133          4          0       2060   mc_w.l
      1572          0          0          0          0       1324   mf_w.l

    ----------------------------------------------------------------------
      5726        132        136          4          0       3384   Library Totals

    ----------------------------------------------------------------------

==============================================================================


      Code (inc. data)   RO Data    RW Data    ZI Data      Debug   

     14744        912      13996        160       5504     386584   Grand Totals
     14744        912      13996        160       5504     386584   ELF Image Totals
     14744        912      13996        160          0          0   ROM Totals

==============================================================================

    Total RO  Size (Code + RO Data)                28740 (  28.07kB)
    Total RW  Size (RW Data + ZI Data)              5664 (   5.53kB)
    Total ROM Size (Code + RO Data + RW Data)      28900 (  28.22kB)

==============================================================================

