Component: ARM Compiler 5.06 update 7 (build 960) Tool: armlink [4d3601]

==============================================================================

Section Cross References

    main.o(i.adc_to_temp) refers to ffltui.o(.text) for __aeabi_ui2f
    main.o(i.adc_to_temp) refers to fdiv.o(.text) for __aeabi_fdiv
    main.o(i.adc_to_temp) refers to fadd.o(.text) for __aeabi_fsub
    main.o(i.adc_to_temp) refers to fmul.o(.text) for __aeabi_fmul
    main.o(i.adc_to_temp) refers to logf.o(i.logf) for logf
    main.o(i.main) refers to utils.o(i.board_init) for board_init
    main.o(i.main) refers to usart.o(i.usart_init) for usart_init
    main.o(i.main) refers to ntc.o(i.ntc_init) for ntc_init
    main.o(i.main) refers to st7735.o(i.st7735_init) for st7735_init
    main.o(i.main) refers to st7735.o(i.st7735_fill_screen) for st7735_fill_screen
    main.o(i.main) refers to st7735.o(i.st7735_write_string) for st7735_write_string
    main.o(i.main) refers to utils.o(i.delay_ms) for delay_ms
    main.o(i.main) refers to ntc.o(i.ntc_read) for ntc_read
    main.o(i.main) refers to main.o(i.adc_to_temp) for adc_to_temp
    main.o(i.main) refers to ffixi.o(.text) for __aeabi_f2iz
    main.o(i.main) refers to printf1.o(i.__0snprintf$1) for __2snprintf
    main.o(i.main) refers to stfonts.o(.data) for font_ascii_8x16
    utils.o(i.board_init) refers to stm32f10x_rcc.o(i.RCC_APB2PeriphClockCmd) for RCC_APB2PeriphClockCmd
    utils.o(i.board_init) refers to stm32f10x_rcc.o(i.RCC_AHBPeriphClockCmd) for RCC_AHBPeriphClockCmd
    utils.o(i.board_init) refers to misc.o(i.NVIC_PriorityGroupConfig) for NVIC_PriorityGroupConfig
    led.o(i.led_init) refers to stm32f10x_gpio.o(i.GPIO_Init) for GPIO_Init
    led.o(i.led_init) refers to stm32f10x_gpio.o(i.GPIO_SetBits) for GPIO_SetBits
    led.o(i.led_off) refers to led.o(i.led_set) for led_set
    led.o(i.led_on) refers to led.o(i.led_set) for led_set
    led.o(i.led_set) refers to stm32f10x_gpio.o(i.GPIO_WriteBit) for GPIO_WriteBit
    led.o(i.led_toggle) refers to led.o(i.led_set) for led_set
    led.o(i.led_toggle) refers to led.o(.data) for led_state
    usart.o(i.USART1_IRQHandler) refers to stm32f10x_usart.o(i.USART_GetITStatus) for USART_GetITStatus
    usart.o(i.USART1_IRQHandler) refers to stm32f10x_usart.o(i.USART_ReceiveData) for USART_ReceiveData
    usart.o(i.USART1_IRQHandler) refers to usart.o(.data) for usart_receive_callback
    usart.o(i.usart_init) refers to stm32f10x_gpio.o(i.GPIO_Init) for GPIO_Init
    usart.o(i.usart_init) refers to misc.o(i.NVIC_Init) for NVIC_Init
    usart.o(i.usart_init) refers to stm32f10x_usart.o(i.USART_Init) for USART_Init
    usart.o(i.usart_init) refers to stm32f10x_usart.o(i.USART_ITConfig) for USART_ITConfig
    usart.o(i.usart_init) refers to stm32f10x_usart.o(i.USART_Cmd) for USART_Cmd
    usart.o(i.usart_receive_register) refers to usart.o(.data) for usart_receive_callback
    usart.o(i.usart_write_data) refers to stm32f10x_usart.o(i.USART_GetFlagStatus) for USART_GetFlagStatus
    usart.o(i.usart_write_data) refers to stm32f10x_usart.o(i.USART_SendData) for USART_SendData
    usart.o(i.usart_write_string) refers to strlen.o(.text) for strlen
    usart.o(i.usart_write_string) refers to usart.o(i.usart_write_data) for usart_write_data
    ntc.o(i.DMA1_Channel1_IRQHandler) refers to stm32f10x_dma.o(i.DMA_GetITStatus) for DMA_GetITStatus
    ntc.o(i.DMA1_Channel1_IRQHandler) refers to stm32f10x_dma.o(i.DMA_ClearITPendingBit) for DMA_ClearITPendingBit
    ntc.o(i.DMA1_Channel1_IRQHandler) refers to ntc.o(.data) for dma_busy
    ntc.o(i.adc_dma_init) refers to stm32f10x_dma.o(i.DMA_DeInit) for DMA_DeInit
    ntc.o(i.adc_dma_init) refers to stm32f10x_dma.o(i.DMA_Init) for DMA_Init
    ntc.o(i.adc_dma_init) refers to stm32f10x_dma.o(i.DMA_ITConfig) for DMA_ITConfig
    ntc.o(i.adc_dma_init) refers to ntc.o(.bss) for adc_buffer
    ntc.o(i.adc_gpio_init) refers to stm32f10x_gpio.o(i.GPIO_Init) for GPIO_Init
    ntc.o(i.adc_init) refers to stm32f10x_rcc.o(i.RCC_ADCCLKConfig) for RCC_ADCCLKConfig
    ntc.o(i.adc_init) refers to stm32f10x_adc.o(i.ADC_Init) for ADC_Init
    ntc.o(i.adc_init) refers to stm32f10x_adc.o(i.ADC_RegularChannelConfig) for ADC_RegularChannelConfig
    ntc.o(i.adc_init) refers to stm32f10x_adc.o(i.ADC_DMACmd) for ADC_DMACmd
    ntc.o(i.adc_init) refers to stm32f10x_adc.o(i.ADC_Cmd) for ADC_Cmd
    ntc.o(i.adc_init) refers to stm32f10x_adc.o(i.ADC_ResetCalibration) for ADC_ResetCalibration
    ntc.o(i.adc_init) refers to stm32f10x_adc.o(i.ADC_GetResetCalibrationStatus) for ADC_GetResetCalibrationStatus
    ntc.o(i.adc_init) refers to stm32f10x_adc.o(i.ADC_StartCalibration) for ADC_StartCalibration
    ntc.o(i.adc_init) refers to stm32f10x_adc.o(i.ADC_GetCalibrationStatus) for ADC_GetCalibrationStatus
    ntc.o(i.adc_init) refers to stm32f10x_adc.o(i.ADC_SoftwareStartConvCmd) for ADC_SoftwareStartConvCmd
    ntc.o(i.adc_nvic_init) refers to misc.o(i.NVIC_Init) for NVIC_Init
[...]
    Removing stm32f10x_can.o(i.CAN_DBGFreeze), (22 bytes).
    Removing stm32f10x_can.o(i.CAN_DeInit), (56 bytes).
    Removing stm32f10x_can.o(i.CAN_FIFORelease), (22 bytes).
    Removing stm32f10x_can.o(i.CAN_FilterInit), (264 bytes).
    Removing stm32f10x_can.o(i.CAN_GetFlagStatus), (120 bytes).
    Removing stm32f10x_can.o(i.CAN_GetITStatus), (288 bytes).
    Removing stm32f10x_can.o(i.CAN_GetLSBTransmitErrorCounter), (12 bytes).
    Removing stm32f10x_can.o(i.CAN_GetLastErrorCode), (12 bytes).
    Removing stm32f10x_can.o(i.CAN_GetReceiveErrorCounter), (10 bytes).
    Removing stm32f10x_can.o(i.CAN_ITConfig), (18 bytes).
    Removing stm32f10x_can.o(i.CAN_Init), (276 bytes).
    Removing stm32f10x_can.o(i.CAN_MessagePending), (30 bytes).
    Removing stm32f10x_can.o(i.CAN_OperatingModeRequest), (162 bytes).
    Removing stm32f10x_can.o(i.CAN_Receive), (240 bytes).
    Removing stm32f10x_can.o(i.CAN_SlaveStartBank), (52 bytes).
    Removing stm32f10x_can.o(i.CAN_Sleep), (30 bytes).
    Removing stm32f10x_can.o(i.CAN_StructInit), (32 bytes).
    Removing stm32f10x_can.o(i.CAN_TTComModeCmd), (118 bytes).
    Removing stm32f10x_can.o(i.CAN_Transmit), (294 bytes).
    Removing stm32f10x_can.o(i.CAN_TransmitStatus), (160 bytes).
    Removing stm32f10x_can.o(i.CAN_WakeUp), (48 bytes).
    Removing stm32f10x_can.o(i.CheckITStatus), (18 bytes).
    Removing stm32f10x_cec.o(i.CEC_ClearFlag), (36 bytes).
    Removing stm32f10x_cec.o(i.CEC_ClearITPendingBit), (36 bytes).
    Removing stm32f10x_cec.o(i.CEC_Cmd), (32 bytes).
    Removing stm32f10x_cec.o(i.CEC_DeInit), (22 bytes).
    Removing stm32f10x_cec.o(i.CEC_EndOfMessageCmd), (12 bytes).
    Removing stm32f10x_cec.o(i.CEC_GetFlagStatus), (48 bytes).
    Removing stm32f10x_cec.o(i.CEC_GetITStatus), (40 bytes).
    Removing stm32f10x_cec.o(i.CEC_ITConfig), (12 bytes).
    Removing stm32f10x_cec.o(i.CEC_Init), (32 bytes).
    Removing stm32f10x_cec.o(i.CEC_OwnAddressConfig), (12 bytes).
    Removing stm32f10x_cec.o(i.CEC_ReceiveDataByte), (12 bytes).
    Removing stm32f10x_cec.o(i.CEC_SendDataByte), (12 bytes).
    Removing stm32f10x_cec.o(i.CEC_SetPrescaler), (12 bytes).
    Removing stm32f10x_cec.o(i.CEC_StartOfMessage), (12 bytes).
    Removing stm32f10x_crc.o(i.CRC_CalcBlockCRC), (36 bytes).
    Removing stm32f10x_crc.o(i.CRC_CalcCRC), (16 bytes).
    Removing stm32f10x_crc.o(i.CRC_GetCRC), (12 bytes).
    Removing stm32f10x_crc.o(i.CRC_GetIDRegister), (12 bytes).
    Removing stm32f10x_crc.o(i.CRC_ResetDR), (12 bytes).
    Removing stm32f10x_crc.o(i.CRC_SetIDRegister), (12 bytes).
    Removing stm32f10x_dac.o(i.DAC_Cmd), (40 bytes).
    Removing stm32f10x_dac.o(i.DAC_DMACmd), (44 bytes).
    Removing stm32f10x_dac.o(i.DAC_DeInit), (22 bytes).
    Removing stm32f10x_dac.o(i.DAC_DualSoftwareTriggerCmd), (36 bytes).
    Removing stm32f10x_dac.o(i.DAC_GetDataOutputValue), (36 bytes).
    Removing stm32f10x_dac.o(i.DAC_Init), (52 bytes).
    Removing stm32f10x_dac.o(i.DAC_SetChannel1Data), (32 bytes).
    Removing stm32f10x_dac.o(i.DAC_SetChannel2Data), (32 bytes).
    Removing stm32f10x_dac.o(i.DAC_SetDualChannelData), (36 bytes).
    Removing stm32f10x_dac.o(i.DAC_SoftwareTriggerCmd), (44 bytes).
    Removing stm32f10x_dac.o(i.DAC_StructInit), (12 bytes).
    Removing stm32f10x_dac.o(i.DAC_WaveGenerationCmd), (40 bytes).
    Removing stm32f10x_dbgmcu.o(i.DBGMCU_Config), (32 bytes).
    Removing stm32f10x_dbgmcu.o(i.DBGMCU_GetDEVID), (16 bytes).
    Removing stm32f10x_dbgmcu.o(i.DBGMCU_GetREVID), (12 bytes).
    Removing stm32f10x_dma.o(i.DMA_ClearFlag), (28 bytes).
    Removing stm32f10x_dma.o(i.DMA_GetCurrDataCounter), (8 bytes).
    Removing stm32f10x_dma.o(i.DMA_GetFlagStatus), (44 bytes).
    Removing stm32f10x_dma.o(i.DMA_SetCurrDataCounter), (4 bytes).
    Removing stm32f10x_dma.o(i.DMA_StructInit), (26 bytes).
    Removing stm32f10x_exti.o(i.EXTI_ClearFlag), (12 bytes).
    Removing stm32f10x_exti.o(i.EXTI_ClearITPendingBit), (12 bytes).
    Removing stm32f10x_exti.o(i.EXTI_DeInit), (36 bytes).
    Removing stm32f10x_exti.o(i.EXTI_GenerateSWInterrupt), (16 bytes).
    Removing stm32f10x_exti.o(i.EXTI_GetFlagStatus), (24 bytes).
    Removing stm32f10x_exti.o(i.EXTI_GetITStatus), (40 bytes).
    Removing stm32f10x_exti.o(i.EXTI_Init), (148 bytes).
    Removing stm32f10x_exti.o(i.EXTI_StructInit), (16 bytes).
    Removing stm32f10x_flash.o(i.FLASH_ClearFlag), (12 bytes).
    Removing stm32f10x_flash.o(i.FLASH_EnableWriteProtection), (196 bytes).
    Removing stm32f10x_flash.o(i.FLASH_EraseAllBank1Pages), (72 bytes).
    Removing stm32f10x_flash.o(i.FLASH_EraseAllPages), (72 bytes).
    Removing stm32f10x_flash.o(i.FLASH_EraseOptionBytes), (168 bytes).
    Removing stm32f10x_flash.o(i.FLASH_ErasePage), (76 bytes).
    Removing stm32f10x_flash.o(i.FLASH_GetBank1Status), (52 bytes).
    Removing stm32f10x_flash.o(i.FLASH_GetFlagStatus), (48 bytes).
    Removing stm32f10x_flash.o(i.FLASH_GetPrefetchBufferStatus), (24 bytes).
    Removing stm32f10x_flash.o(i.FLASH_GetReadOutProtectionStatus), (24 bytes).
    Removing stm32f10x_flash.o(i.FLASH_GetStatus), (52 bytes).
    Removing stm32f10x_flash.o(i.FLASH_GetUserOptionByte), (12 bytes).
    Removing stm32f10x_flash.o(i.FLASH_GetWriteProtectionOptionByte), (12 bytes).
    Removing stm32f10x_flash.o(i.FLASH_HalfCycleAccessCmd), (28 bytes).
    Removing stm32f10x_flash.o(i.FLASH_ITConfig), (32 bytes).
    Removing stm32f10x_flash.o(i.FLASH_Lock), (20 bytes).
    Removing stm32f10x_flash.o(i.FLASH_LockBank1), (20 bytes).
    Removing stm32f10x_flash.o(i.FLASH_PrefetchBufferCmd), (28 bytes).
    Removing stm32f10x_flash.o(i.FLASH_ProgramHalfWord), (64 bytes).
    Removing stm32f10x_flash.o(i.FLASH_ProgramOptionByteData), (84 bytes).
    Removing stm32f10x_flash.o(i.FLASH_ProgramWord), (108 bytes).
    Removing stm32f10x_flash.o(i.FLASH_ReadOutProtection), (172 bytes).
    Removing stm32f10x_flash.o(i.FLASH_SetLatency), (24 bytes).
    Removing stm32f10x_flash.o(i.FLASH_Unlock), (24 bytes).
    Removing stm32f10x_flash.o(i.FLASH_UnlockBank1), (24 bytes).
    Removing stm32f10x_flash.o(i.FLASH_UserOptionByteConfig), (104 bytes).
    Removing stm32f10x_flash.o(i.FLASH_WaitForLastBank1Operation), (38 bytes).
    Removing stm32f10x_flash.o(i.FLASH_WaitForLastOperation), (38 bytes).
    Removing stm32f10x_fsmc.o(i.FSMC_ClearFlag), (64 bytes).
    Removing stm32f10x_fsmc.o(i.FSMC_ClearITPendingBit), (72 bytes).
    Removing stm32f10x_fsmc.o(i.FSMC_GetECC), (28 bytes).
    Removing stm32f10x_fsmc.o(i.FSMC_GetFlagStatus), (56 bytes).
    Removing stm32f10x_fsmc.o(i.FSMC_GetITStatus), (68 bytes).
    Removing stm32f10x_fsmc.o(i.FSMC_ITConfig), (128 bytes).
    Removing stm32f10x_fsmc.o(i.FSMC_NANDCmd), (92 bytes).
    Removing stm32f10x_fsmc.o(i.FSMC_NANDDeInit), (68 bytes).
    Removing stm32f10x_fsmc.o(i.FSMC_NANDECCCmd), (92 bytes).
    Removing stm32f10x_fsmc.o(i.FSMC_NANDInit), (136 bytes).
    Removing stm32f10x_fsmc.o(i.FSMC_NANDStructInit), (54 bytes).
    Removing stm32f10x_fsmc.o(i.FSMC_NORSRAMCmd), (52 bytes).
    Removing stm32f10x_fsmc.o(i.FSMC_NORSRAMDeInit), (54 bytes).
    Removing stm32f10x_fsmc.o(i.FSMC_NORSRAMInit), (230 bytes).
    Removing stm32f10x_fsmc.o(i.FSMC_NORSRAMStructInit), (114 bytes).
    Removing stm32f10x_fsmc.o(i.FSMC_PCCARDCmd), (48 bytes).
    Removing stm32f10x_fsmc.o(i.FSMC_PCCARDDeInit), (40 bytes).
    Removing stm32f10x_fsmc.o(i.FSMC_PCCARDInit), (132 bytes).
    Removing stm32f10x_fsmc.o(i.FSMC_PCCARDStructInit), (60 bytes).
    Removing stm32f10x_gpio.o(i.GPIO_AFIODeInit), (20 bytes).
    Removing stm32f10x_gpio.o(i.GPIO_DeInit), (200 bytes).
    Removing stm32f10x_gpio.o(i.GPIO_ETH_MediaInterfaceConfig), (12 bytes).
    Removing stm32f10x_gpio.o(i.GPIO_EXTILineConfig), (64 bytes).
    Removing stm32f10x_gpio.o(i.GPIO_EventOutputCmd), (12 bytes).
    Removing stm32f10x_gpio.o(i.GPIO_EventOutputConfig), (32 bytes).
    Removing stm32f10x_gpio.o(i.GPIO_PinLockConfig), (18 bytes).
    Removing stm32f10x_gpio.o(i.GPIO_PinRemapConfig), (144 bytes).
    Removing stm32f10x_gpio.o(i.GPIO_ReadInputData), (8 bytes).
    Removing stm32f10x_gpio.o(i.GPIO_ReadInputDataBit), (18 bytes).
    Removing stm32f10x_gpio.o(i.GPIO_ReadOutputData), (8 bytes).
    Removing stm32f10x_gpio.o(i.GPIO_ReadOutputDataBit), (18 bytes).
    Removing stm32f10x_gpio.o(i.GPIO_ResetBits), (4 bytes).
    Removing stm32f10x_gpio.o(i.GPIO_SetBits), (4 bytes).
    Removing stm32f10x_gpio.o(i.GPIO_StructInit), (16 bytes).
    Removing stm32f10x_gpio.o(i.GPIO_Write), (4 bytes).
    Removing stm32f10x_i2c.o(i.I2C_ARPCmd), (24 bytes).
    Removing stm32f10x_i2c.o(i.I2C_AcknowledgeConfig), (24 bytes).
    Removing stm32f10x_i2c.o(i.I2C_CalculatePEC), (24 bytes).
    Removing stm32f10x_i2c.o(i.I2C_CheckEvent), (42 bytes).
    Removing stm32f10x_i2c.o(i.I2C_ClearFlag), (12 bytes).
    Removing stm32f10x_i2c.o(i.I2C_ClearITPendingBit), (12 bytes).
    Removing stm32f10x_i2c.o(i.I2C_Cmd), (24 bytes).
    Removing stm32f10x_i2c.o(i.I2C_DMACmd), (24 bytes).
    Removing stm32f10x_i2c.o(i.I2C_DMALastTransferCmd), (24 bytes).
    Removing stm32f10x_i2c.o(i.I2C_DeInit), (56 bytes).
    Removing stm32f10x_i2c.o(i.I2C_DualAddressCmd), (24 bytes).
    Removing stm32f10x_i2c.o(i.I2C_FastModeDutyCycleConfig), (28 bytes).
    Removing stm32f10x_i2c.o(i.I2C_GeneralCallCmd), (24 bytes).
    Removing stm32f10x_i2c.o(i.I2C_GenerateSTART), (24 bytes).
    Removing stm32f10x_i2c.o(i.I2C_GenerateSTOP), (24 bytes).
    Removing stm32f10x_i2c.o(i.I2C_GetFlagStatus), (58 bytes).
    Removing stm32f10x_i2c.o(i.I2C_GetITStatus), (38 bytes).
    Removing stm32f10x_i2c.o(i.I2C_GetLastEvent), (26 bytes).
    Removing stm32f10x_i2c.o(i.I2C_GetPEC), (8 bytes).
    Removing stm32f10x_i2c.o(i.I2C_ITConfig), (18 bytes).
    Removing stm32f10x_i2c.o(i.I2C_Init), (236 bytes).
    Removing stm32f10x_i2c.o(i.I2C_NACKPositionConfig), (28 bytes).
    Removing stm32f10x_i2c.o(i.I2C_OwnAddress2Config), (22 bytes).
    Removing stm32f10x_i2c.o(i.I2C_PECPositionConfig), (28 bytes).
    Removing stm32f10x_i2c.o(i.I2C_ReadRegister), (22 bytes).
    Removing stm32f10x_i2c.o(i.I2C_ReceiveData), (8 bytes).
    Removing stm32f10x_i2c.o(i.I2C_SMBusAlertConfig), (28 bytes).
    Removing stm32f10x_i2c.o(i.I2C_Send7bitAddress), (18 bytes).
    Removing stm32f10x_i2c.o(i.I2C_SendData), (4 bytes).
    Removing stm32f10x_i2c.o(i.I2C_SoftwareResetCmd), (22 bytes).
    Removing stm32f10x_i2c.o(i.I2C_StretchClockCmd), (24 bytes).
    Removing stm32f10x_i2c.o(i.I2C_StructInit), (30 bytes).
    Removing stm32f10x_i2c.o(i.I2C_TransmitPEC), (24 bytes).
    Removing stm32f10x_iwdg.o(i.IWDG_Enable), (16 bytes).
    Removing stm32f10x_iwdg.o(i.IWDG_GetFlagStatus), (24 bytes).
    Removing stm32f10x_iwdg.o(i.IWDG_ReloadCounter), (16 bytes).
    Removing stm32f10x_iwdg.o(i.IWDG_SetPrescaler), (12 bytes).
    Removing stm32f10x_iwdg.o(i.IWDG_SetReload), (12 bytes).
    Removing stm32f10x_iwdg.o(i.IWDG_WriteAccessCmd), (12 bytes).
    Removing stm32f10x_pwr.o(i.PWR_BackupAccessCmd), (12 bytes).
    Removing stm32f10x_pwr.o(i.PWR_ClearFlag), (20 bytes).
    Removing stm32f10x_pwr.o(i.PWR_DeInit), (22 bytes).
    Removing stm32f10x_pwr.o(i.PWR_EnterSTANDBYMode), (40 bytes).
    Removing stm32f10x_pwr.o(i.PWR_EnterSTOPMode), (64 bytes).
    Removing stm32f10x_pwr.o(i.PWR_GetFlagStatus), (24 bytes).
    Removing stm32f10x_pwr.o(i.PWR_PVDCmd), (12 bytes).
    Removing stm32f10x_pwr.o(i.PWR_PVDLevelConfig), (24 bytes).
    Removing stm32f10x_pwr.o(i.PWR_WakeUpPinCmd), (12 bytes).
    Removing stm32f10x_rcc.o(i.RCC_APB1PeriphClockCmd), (32 bytes).
    Removing stm32f10x_rcc.o(i.RCC_APB1PeriphResetCmd), (32 bytes).
    Removing stm32f10x_rcc.o(i.RCC_APB2PeriphResetCmd), (32 bytes).
    Removing stm32f10x_rcc.o(i.RCC_AdjustHSICalibrationValue), (24 bytes).
    Removing stm32f10x_rcc.o(i.RCC_BackupResetCmd), (12 bytes).
    Removing stm32f10x_rcc.o(i.RCC_ClearFlag), (20 bytes).
    Removing stm32f10x_rcc.o(i.RCC_ClearITPendingBit), (12 bytes).
    Removing stm32f10x_rcc.o(i.RCC_ClockSecuritySystemCmd), (12 bytes).
    Removing stm32f10x_rcc.o(i.RCC_DeInit), (76 bytes).
    Removing stm32f10x_rcc.o(i.RCC_GetFlagStatus), (60 bytes).
    Removing stm32f10x_rcc.o(i.RCC_GetITStatus), (24 bytes).
    Removing stm32f10x_rcc.o(i.RCC_GetSYSCLKSource), (16 bytes).
    Removing stm32f10x_rcc.o(i.RCC_HCLKConfig), (24 bytes).
    Removing stm32f10x_rcc.o(i.RCC_HSEConfig), (76 bytes).
    Removing stm32f10x_rcc.o(i.RCC_HSICmd), (12 bytes).
    Removing stm32f10x_rcc.o(i.RCC_ITConfig), (32 bytes).
    Removing stm32f10x_rcc.o(i.RCC_LSEConfig), (52 bytes).
    Removing stm32f10x_rcc.o(i.RCC_LSICmd), (12 bytes).
    Removing stm32f10x_rcc.o(i.RCC_MCOConfig), (12 bytes).
    Removing stm32f10x_rcc.o(i.RCC_PCLK1Config), (24 bytes).
    Removing stm32f10x_rcc.o(i.RCC_PCLK2Config), (24 bytes).
    Removing stm32f10x_rcc.o(i.RCC_PLLCmd), (12 bytes).
    Removing stm32f10x_rcc.o(i.RCC_PLLConfig), (28 bytes).
    Removing stm32f10x_rcc.o(i.RCC_RTCCLKCmd), (12 bytes).
    Removing stm32f10x_rcc.o(i.RCC_RTCCLKConfig), (16 bytes).
    Removing stm32f10x_rcc.o(i.RCC_SYSCLKConfig), (24 bytes).
    Removing stm32f10x_rcc.o(i.RCC_USBCLKConfig), (12 bytes).
    Removing stm32f10x_rcc.o(i.RCC_WaitForHSEStartUp), (56 bytes).
    Removing stm32f10x_rtc.o(i.RTC_ClearFlag), (16 bytes).
    Removing stm32f10x_rtc.o(i.RTC_ClearITPendingBit), (16 bytes).
    Removing stm32f10x_rtc.o(i.RTC_EnterConfigMode), (20 bytes).
    Removing stm32f10x_rtc.o(i.RTC_ExitConfigMode), (20 bytes).
    Removing stm32f10x_rtc.o(i.RTC_GetCounter), (44 bytes).
    Removing stm32f10x_rtc.o(i.RTC_GetDivider), (24 bytes).
    Removing stm32f10x_rtc.o(i.RTC_GetFlagStatus), (24 bytes).
    Removing stm32f10x_rtc.o(i.RTC_GetITStatus), (36 bytes).
    Removing stm32f10x_rtc.o(i.RTC_ITConfig), (32 bytes).
    Removing stm32f10x_rtc.o(i.RTC_SetAlarm), (28 bytes).
    Removing stm32f10x_rtc.o(i.RTC_SetCounter), (28 bytes).
    Removing stm32f10x_rtc.o(i.RTC_SetPrescaler), (32 bytes).
    Removing stm32f10x_rtc.o(i.RTC_WaitForLastTask), (20 bytes).
    Removing stm32f10x_rtc.o(i.RTC_WaitForSynchro), (36 bytes).
    Removing stm32f10x_sdio.o(i.SDIO_CEATAITCmd), (16 bytes).
    Removing stm32f10x_sdio.o(i.SDIO_ClearFlag), (12 bytes).
    Removing stm32f10x_sdio.o(i.SDIO_ClearITPendingBit), (12 bytes).
    Removing stm32f10x_sdio.o(i.SDIO_ClockCmd), (12 bytes).
    Removing stm32f10x_sdio.o(i.SDIO_CmdStructInit), (14 bytes).
    Removing stm32f10x_sdio.o(i.SDIO_CommandCompletionCmd), (12 bytes).
    Removing stm32f10x_sdio.o(i.SDIO_DMACmd), (12 bytes).
    Removing stm32f10x_sdio.o(i.SDIO_DataConfig), (48 bytes).
    Removing stm32f10x_sdio.o(i.SDIO_DataStructInit), (20 bytes).
    Removing stm32f10x_sdio.o(i.SDIO_DeInit), (36 bytes).
    Removing stm32f10x_sdio.o(i.SDIO_GetCommandResponse), (12 bytes).
    Removing stm32f10x_sdio.o(i.SDIO_GetDataCounter), (12 bytes).
    Removing stm32f10x_sdio.o(i.SDIO_GetFIFOCount), (12 bytes).
    Removing stm32f10x_sdio.o(i.SDIO_GetFlagStatus), (24 bytes).
    Removing stm32f10x_sdio.o(i.SDIO_GetITStatus), (24 bytes).
    Removing stm32f10x_sdio.o(i.SDIO_GetPowerState), (16 bytes).
    Removing stm32f10x_sdio.o(i.SDIO_GetResponse), (24 bytes).
    Removing stm32f10x_sdio.o(i.SDIO_ITConfig), (32 bytes).
    Removing stm32f10x_sdio.o(i.SDIO_Init), (48 bytes).
    Removing stm32f10x_sdio.o(i.SDIO_ReadData), (12 bytes).
    Removing stm32f10x_sdio.o(i.SDIO_SendCEATACmd), (12 bytes).
    Removing stm32f10x_sdio.o(i.SDIO_SendCommand), (44 bytes).
    Removing stm32f10x_sdio.o(i.SDIO_SendSDIOSuspendCmd), (12 bytes).
    Removing stm32f10x_sdio.o(i.SDIO_SetPowerState), (12 bytes).
    Removing stm32f10x_sdio.o(i.SDIO_SetSDIOOperation), (12 bytes).
    Removing stm32f10x_sdio.o(i.SDIO_SetSDIOReadWaitMode), (12 bytes).
    Removing stm32f10x_sdio.o(i.SDIO_StartSDIOReadWait), (12 bytes).
    Removing stm32f10x_sdio.o(i.SDIO_StopSDIOReadWait), (12 bytes).
    Removing stm32f10x_sdio.o(i.SDIO_StructInit), (16 bytes).
    Removing stm32f10x_sdio.o(i.SDIO_WriteData), (12 bytes).
    Removing stm32f10x_spi.o(i.I2S_Cmd), (24 bytes).
    Removing stm32f10x_spi.o(i.I2S_Init), (232 bytes).
    Removing stm32f10x_spi.o(i.I2S_StructInit), (20 bytes).
    Removing stm32f10x_spi.o(i.SPI_BiDirectionalLineConfig), (28 bytes).
    Removing stm32f10x_spi.o(i.SPI_CalculateCRC), (24 bytes).
    Removing stm32f10x_spi.o(i.SPI_DataSizeConfig), (18 bytes).
    Removing stm32f10x_spi.o(i.SPI_GetCRC), (16 bytes).
    Removing stm32f10x_spi.o(i.SPI_GetCRCPolynomial), (6 bytes).
    Removing stm32f10x_spi.o(i.SPI_I2S_ClearFlag), (6 bytes).
    Removing stm32f10x_spi.o(i.SPI_I2S_ClearITPendingBit), (20 bytes).
    Removing stm32f10x_spi.o(i.SPI_I2S_DeInit), (88 bytes).
    Removing stm32f10x_spi.o(i.SPI_I2S_GetITStatus), (52 bytes).
    Removing stm32f10x_spi.o(i.SPI_I2S_ITConfig), (32 bytes).
    Removing stm32f10x_spi.o(i.SPI_I2S_ReceiveData), (6 bytes).
    Removing stm32f10x_spi.o(i.SPI_NSSInternalSoftwareConfig), (30 bytes).
    Removing stm32f10x_spi.o(i.SPI_SSOutputCmd), (24 bytes).
    Removing stm32f10x_spi.o(i.SPI_StructInit), (24 bytes).
    Removing stm32f10x_spi.o(i.SPI_TransmitCRC), (10 bytes).
    Removing stm32f10x_tim.o(i.TI1_Config), (128 bytes).
    Removing stm32f10x_tim.o(i.TI2_Config), (152 bytes).
    Removing stm32f10x_tim.o(i.TI3_Config), (144 bytes).
    Removing stm32f10x_tim.o(i.TI4_Config), (152 bytes).
    Removing stm32f10x_tim.o(i.TIM_ARRPreloadConfig), (24 bytes).
    Removing stm32f10x_tim.o(i.TIM_BDTRConfig), (32 bytes).
    Removing stm32f10x_tim.o(i.TIM_BDTRStructInit), (18 bytes).
    Removing stm32f10x_tim.o(i.TIM_CCPreloadControl), (24 bytes).
    Removing stm32f10x_tim.o(i.TIM_CCxCmd), (30 bytes).
    Removing stm32f10x_tim.o(i.TIM_CCxNCmd), (30 bytes).
    Removing stm32f10x_tim.o(i.TIM_ClearFlag), (6 bytes).
    Removing stm32f10x_tim.o(i.TIM_ClearITPendingBit), (6 bytes).
    Removing stm32f10x_tim.o(i.TIM_ClearOC1Ref), (18 bytes).
    Removing stm32f10x_tim.o(i.TIM_ClearOC2Ref), (24 bytes).
    Removing stm32f10x_tim.o(i.TIM_ClearOC3Ref), (18 bytes).
    Removing stm32f10x_tim.o(i.TIM_ClearOC4Ref), (24 bytes).
    Removing stm32f10x_tim.o(i.TIM_Cmd), (24 bytes).
    Removing stm32f10x_tim.o(i.TIM_CounterModeConfig), (18 bytes).
    Removing stm32f10x_tim.o(i.TIM_CtrlPWMOutputs), (30 bytes).
    Removing stm32f10x_tim.o(i.TIM_DMACmd), (18 bytes).
    Removing stm32f10x_tim.o(i.TIM_DMAConfig), (10 bytes).
    Removing stm32f10x_tim.o(i.TIM_DeInit), (488 bytes).
    Removing stm32f10x_tim.o(i.TIM_ETRClockMode1Config), (54 bytes).
    Removing stm32f10x_tim.o(i.TIM_ETRClockMode2Config), (32 bytes).
    Removing stm32f10x_tim.o(i.TIM_ETRConfig), (28 bytes).
    Removing stm32f10x_tim.o(i.TIM_EncoderInterfaceConfig), (66 bytes).
    Removing stm32f10x_tim.o(i.TIM_ForcedOC1Config), (18 bytes).
    Removing stm32f10x_tim.o(i.TIM_ForcedOC2Config), (26 bytes).
    Removing stm32f10x_tim.o(i.TIM_ForcedOC3Config), (18 bytes).
    Removing stm32f10x_tim.o(i.TIM_ForcedOC4Config), (26 bytes).
    Removing stm32f10x_tim.o(i.TIM_GenerateEvent), (4 bytes).
    Removing stm32f10x_tim.o(i.TIM_GetCapture1), (6 bytes).
    Removing stm32f10x_tim.o(i.TIM_GetCapture2), (6 bytes).
    Removing stm32f10x_tim.o(i.TIM_GetCapture3), (6 bytes).
    Removing stm32f10x_tim.o(i.TIM_GetCapture4), (8 bytes).
    Removing stm32f10x_tim.o(i.TIM_GetCounter), (6 bytes).
    Removing stm32f10x_tim.o(i.TIM_GetFlagStatus), (18 bytes).
    Removing stm32f10x_tim.o(i.TIM_GetITStatus), (34 bytes).
    Removing stm32f10x_tim.o(i.TIM_GetPrescaler), (6 bytes).
    Removing stm32f10x_tim.o(i.TIM_ICInit), (172 bytes).
    Removing stm32f10x_tim.o(i.TIM_ICStructInit), (18 bytes).
    Removing stm32f10x_tim.o(i.TIM_ITConfig), (18 bytes).
    Removing stm32f10x_tim.o(i.TIM_ITRxExternalClockConfig), (24 bytes).
    Removing stm32f10x_tim.o(i.TIM_InternalClockConfig), (12 bytes).
    Removing stm32f10x_tim.o(i.TIM_OC1FastConfig), (18 bytes).
    Removing stm32f10x_tim.o(i.TIM_OC1Init), (152 bytes).
    Removing stm32f10x_tim.o(i.TIM_OC1NPolarityConfig), (18 bytes).
    Removing stm32f10x_tim.o(i.TIM_OC1PolarityConfig), (18 bytes).
    Removing stm32f10x_tim.o(i.TIM_OC1PreloadConfig), (18 bytes).
    Removing stm32f10x_tim.o(i.TIM_OC2FastConfig), (26 bytes).
    Removing stm32f10x_tim.o(i.TIM_OC2Init), (164 bytes).
    Removing stm32f10x_tim.o(i.TIM_OC2NPolarityConfig), (26 bytes).
    Removing stm32f10x_tim.o(i.TIM_OC2PolarityConfig), (26 bytes).
    Removing stm32f10x_tim.o(i.TIM_OC2PreloadConfig), (26 bytes).
    Removing stm32f10x_tim.o(i.TIM_OC3FastConfig), (18 bytes).
    Removing stm32f10x_tim.o(i.TIM_OC3Init), (160 bytes).
    Removing stm32f10x_tim.o(i.TIM_OC3NPolarityConfig), (26 bytes).
    Removing stm32f10x_tim.o(i.TIM_OC3PolarityConfig), (26 bytes).
    Removing stm32f10x_tim.o(i.TIM_OC3PreloadConfig), (18 bytes).
    Removing stm32f10x_tim.o(i.TIM_OC4FastConfig), (26 bytes).
    Removing stm32f10x_tim.o(i.TIM_OC4Init), (124 bytes).
    Removing stm32f10x_tim.o(i.TIM_OC4PolarityConfig), (26 bytes).
    Removing stm32f10x_tim.o(i.TIM_OC4PreloadConfig), (26 bytes).
    Removing stm32f10x_tim.o(i.TIM_OCStructInit), (20 bytes).
    Removing stm32f10x_tim.o(i.TIM_PWMIConfig), (124 bytes).
    Removing stm32f10x_tim.o(i.TIM_PrescalerConfig), (6 bytes).
    Removing stm32f10x_tim.o(i.TIM_SelectCCDMA), (24 bytes).
    Removing stm32f10x_tim.o(i.TIM_SelectCOM), (24 bytes).
    Removing stm32f10x_tim.o(i.TIM_SelectHallSensor), (24 bytes).
    Removing stm32f10x_tim.o(i.TIM_SelectInputTrigger), (18 bytes).
    Removing stm32f10x_tim.o(i.TIM_SelectMasterSlaveMode), (18 bytes).
    Removing stm32f10x_tim.o(i.TIM_SelectOCxM), (82 bytes).
    Removing stm32f10x_tim.o(i.TIM_SelectOnePulseMode), (18 bytes).
    Removing stm32f10x_tim.o(i.TIM_SelectOutputTrigger), (18 bytes).
    Removing stm32f10x_tim.o(i.TIM_SelectSlaveMode), (18 bytes).
    Removing stm32f10x_tim.o(i.TIM_SetAutoreload), (4 bytes).
    Removing stm32f10x_tim.o(i.TIM_SetClockDivision), (18 bytes).
    Removing stm32f10x_tim.o(i.TIM_SetCompare1), (4 bytes).
    Removing stm32f10x_tim.o(i.TIM_SetCompare2), (4 bytes).
    Removing stm32f10x_tim.o(i.TIM_SetCompare3), (4 bytes).
    Removing stm32f10x_tim.o(i.TIM_SetCompare4), (6 bytes).
    Removing stm32f10x_tim.o(i.TIM_SetCounter), (4 bytes).
    Removing stm32f10x_tim.o(i.TIM_SetIC1Prescaler), (18 bytes).
    Removing stm32f10x_tim.o(i.TIM_SetIC2Prescaler), (26 bytes).
    Removing stm32f10x_tim.o(i.TIM_SetIC3Prescaler), (18 bytes).
    Removing stm32f10x_tim.o(i.TIM_SetIC4Prescaler), (26 bytes).
    Removing stm32f10x_tim.o(i.TIM_TIxExternalClockConfig), (62 bytes).
    Removing stm32f10x_tim.o(i.TIM_TimeBaseInit), (164 bytes).
    Removing stm32f10x_tim.o(i.TIM_TimeBaseStructInit), (18 bytes).
    Removing stm32f10x_tim.o(i.TIM_UpdateDisableConfig), (24 bytes).
    Removing stm32f10x_tim.o(i.TIM_UpdateRequestConfig), (24 bytes).
    Removing stm32f10x_usart.o(i.USART_ClearFlag), (18 bytes).
    Removing stm32f10x_usart.o(i.USART_ClearITPendingBit), (30 bytes).
    Removing stm32f10x_usart.o(i.USART_ClockInit), (34 bytes).
    Removing stm32f10x_usart.o(i.USART_ClockStructInit), (12 bytes).
    Removing stm32f10x_usart.o(i.USART_DMACmd), (18 bytes).
    Removing stm32f10x_usart.o(i.USART_DeInit), (156 bytes).
    Removing stm32f10x_usart.o(i.USART_GetFlagStatus), (26 bytes).
    Removing stm32f10x_usart.o(i.USART_HalfDuplexCmd), (24 bytes).
    Removing stm32f10x_usart.o(i.USART_IrDACmd), (24 bytes).
    Removing stm32f10x_usart.o(i.USART_IrDAConfig), (18 bytes).
    Removing stm32f10x_usart.o(i.USART_LINBreakDetectLengthConfig), (18 bytes).
    Removing stm32f10x_usart.o(i.USART_LINCmd), (24 bytes).
    Removing stm32f10x_usart.o(i.USART_OneBitMethodCmd), (24 bytes).
    Removing stm32f10x_usart.o(i.USART_OverSampling8Cmd), (22 bytes).
    Removing stm32f10x_usart.o(i.USART_ReceiverWakeUpCmd), (24 bytes).
    Removing stm32f10x_usart.o(i.USART_SendBreak), (10 bytes).
    Removing stm32f10x_usart.o(i.USART_SendData), (8 bytes).
    Removing stm32f10x_usart.o(i.USART_SetAddress), (18 bytes).
    Removing stm32f10x_usart.o(i.USART_SetGuardTime), (16 bytes).
    Removing stm32f10x_usart.o(i.USART_SetPrescaler), (16 bytes).
    Removing stm32f10x_usart.o(i.USART_SmartCardCmd), (24 bytes).
    Removing stm32f10x_usart.o(i.USART_SmartCardNACKCmd), (24 bytes).
    Removing stm32f10x_usart.o(i.USART_StructInit), (24 bytes).
    Removing stm32f10x_usart.o(i.USART_WakeUpConfig), (18 bytes).
    Removing stm32f10x_wwdg.o(i.WWDG_ClearFlag), (12 bytes).
    Removing stm32f10x_wwdg.o(i.WWDG_DeInit), (22 bytes).
    Removing stm32f10x_wwdg.o(i.WWDG_Enable), (16 bytes).
    Removing stm32f10x_wwdg.o(i.WWDG_EnableIT), (12 bytes).
    Removing stm32f10x_wwdg.o(i.WWDG_GetFlagStatus), (12 bytes).
    Removing stm32f10x_wwdg.o(i.WWDG_SetCounter), (16 bytes).
    Removing stm32f10x_wwdg.o(i.WWDG_SetPrescaler), (24 bytes).
    Removing stm32f10x_wwdg.o(i.WWDG_SetWindowValue), (40 bytes).
    Removing dadd.o(.text), (334 bytes).
    Removing dmul.o(.text), (228 bytes).
    Removing ddiv.o(.text), (222 bytes).
    Removing dfixul.o(.text), (48 bytes).
    Removing cdrcmple.o(.text), (48 bytes).
    Removing depilogue.o(.text), (186 bytes).

465 unused section(s) (total 19347 bytes) removed from the image.

==============================================================================

Image Symbol Table

    Local Symbols

    Symbol Name                              Value     Ov Type        Size  Object(Section)

    ../clib/microlib/division.c              0x00000000   Number         0  uldiv.o ABSOLUTE
    ../clib/microlib/division.c              0x00000000   Number         0  uidiv.o ABSOLUTE
    ../clib/microlib/errno.c                 0x00000000   Number         0  errno.o ABSOLUTE
    ../clib/microlib/init/entry.s            0x00000000   Number         0  entry8a.o ABSOLUTE
    ../clib/microlib/init/entry.s            0x00000000   Number         0  entry12b.o ABSOLUTE
    ../clib/microlib/init/entry.s            0x00000000   Number         0  entry12a.o ABSOLUTE
    ../clib/microlib/init/entry.s            0x00000000   Number         0  entry7b.o ABSOLUTE
    ../clib/microlib/init/entry.s            0x00000000   Number         0  entry11b.o ABSOLUTE
    ../clib/microlib/init/entry.s            0x00000000   Number         0  entry7a.o ABSOLUTE
    ../clib/microlib/init/entry.s            0x00000000   Number         0  entry5.o ABSOLUTE
    ../clib/microlib/init/entry.s            0x00000000   Number         0  entry2.o ABSOLUTE
    ../clib/microlib/init/entry.s            0x00000000   Number         0  entry11a.o ABSOLUTE
    ../clib/microlib/init/entry.s            0x00000000   Number         0  entry10b.o ABSOLUTE
    ../clib/microlib/init/entry.s            0x00000000   Number         0  entry10a.o ABSOLUTE
    ../clib/microlib/init/entry.s            0x00000000   Number         0  entry.o ABSOLUTE
    ../clib/microlib/init/entry.s            0x00000000   Number         0  entry9b.o ABSOLUTE
    ../clib/microlib/init/entry.s            0x00000000   Number         0  entry9a.o ABSOLUTE
    ../clib/microlib/init/entry.s            0x00000000   Number         0  entry8b.o ABSOLUTE
    ../clib/microlib/longlong.c              0x00000000   Number         0  llsshr.o ABSOLUTE
    ../clib/microlib/longlong.c              0x00000000   Number         0  llushr.o ABSOLUTE
    ../clib/microlib/longlong.c              0x00000000   Number         0  llshl.o ABSOLUTE
    ../clib/microlib/printf/printf.c         0x00000000   Number         0  printf6.o ABSOLUTE
    ../clib/microlib/printf/printf.c         0x00000000   Number         0  printf7.o ABSOLUTE
    ../clib/microlib/printf/printf.c         0x00000000   Number         0  printfa.o ABSOLUTE
    ../clib/microlib/printf/printf.c         0x00000000   Number         0  printf0.o ABSOLUTE
    ../clib/microlib/printf/printf.c         0x00000000   Number         0  printf1.o ABSOLUTE
    ../clib/microlib/printf/printf.c         0x00000000   Number         0  printf2.o ABSOLUTE
    ../clib/microlib/printf/printf.c         0x00000000   Number         0  printf8.o ABSOLUTE
    ../clib/microlib/printf/printf.c         0x00000000   Number         0  printf3.o ABSOLUTE
    ../clib/microlib/printf/printf.c         0x00000000   Number         0  printfb.o ABSOLUTE
    ../clib/microlib/printf/printf.c         0x00000000   Number         0  printf4.o ABSOLUTE
    ../clib/microlib/printf/printf.c         0x00000000   Number         0  printf5.o ABSOLUTE
    ../clib/microlib/printf/stubs.s          0x00000000   Number         0  stubs.o ABSOLUTE
    ../clib/microlib/stdio/fputc.c           0x00000000   Number         0  fputc.o ABSOLUTE
    ../clib/microlib/stdio/semi.s            0x00000000   Number         0  semi.o ABSOLUTE
    ../clib/microlib/stdio/streams.c         0x00000000   Number         0  stdout.o ABSOLUTE
    ../clib/microlib/string/strlen.c         0x00000000   Number         0  strlen.o ABSOLUTE
    ../clib/microlib/stubs.s                 0x00000000   Number         0  iusesemip.o ABSOLUTE
    ../clib/microlib/stubs.s                 0x00000000   Number         0  iusefp.o ABSOLUTE
    ../fplib/microlib/fpadd.c                0x00000000   Number         0  dadd.o ABSOLUTE
    ../fplib/microlib/fpadd.c                0x00000000   Number         0  fadd.o ABSOLUTE
    ../fplib/microlib/fpdiv.c                0x00000000   Number         0  fdiv.o ABSOLUTE
    ../fplib/microlib/fpdiv.c                0x00000000   Number         0  ddiv.o ABSOLUTE
    ../fplib/microlib/fpepilogue.c           0x00000000   Number         0  depilogue.o ABSOLUTE
    ../fplib/microlib/fpepilogue.c           0x00000000   Number         0  fepilogue.o ABSOLUTE
    ../fplib/microlib/fpfix.c                0x00000000   Number         0  ffixi.o ABSOLUTE
    ../fplib/microlib/fpfix.c                0x00000000   Number         0  dfixul.o ABSOLUTE
    ../fplib/microlib/fpflt.c                0x00000000   Number         0  ffltui.o ABSOLUTE
    ../fplib/microlib/fpflt.c                0x00000000   Number         0  fflti.o ABSOLUTE
    ../fplib/microlib/fpmul.c                0x00000000   Number         0  fmul.o ABSOLUTE
    ../fplib/microlib/fpmul.c                0x00000000   Number         0  dmul.o ABSOLUTE
    ../fplib/microlib/fpscalb.c              0x00000000   Number         0  fscalb.o ABSOLUTE
    ../mathlib/funder.c                      0x00000000   Number         0  funder.o ABSOLUTE
    ../mathlib/logf.c                        0x00000000   Number         0  logf_x.o ABSOLUTE
    ../mathlib/logf.c                        0x00000000   Number         0  logf.o ABSOLUTE
    ..\\firmware\\cmsis\\core\\core_cm3.c    0x00000000   Number         0  core_cm3.o ABSOLUTE
    ..\app\lcd_spi.c                         0x00000000   Number         0  lcd_spi.o ABSOLUTE
    ..\app\led.c                             0x00000000   Number         0  led.o ABSOLUTE
    ..\app\main.c                            0x00000000   Number         0  main.o ABSOLUTE
    ..\app\ntc.c                             0x00000000   Number         0  ntc.o ABSOLUTE
    ..\app\usart.c                           0x00000000   Number         0  usart.o ABSOLUTE
    ..\app\utils.c                           0x00000000   Number         0  utils.o ABSOLUTE
    ..\driver\st7735\st7735.c                0x00000000   Number         0  st7735.o ABSOLUTE
    ..\driver\st7735\stfonts.c               0x00000000   Number         0  stfonts.o ABSOLUTE
    ..\firmware\cmsis\core\core_cm3.c        0x00000000   Number         0  core_cm3.o ABSOLUTE
    ..\firmware\cmsis\device\startup_stm32f10x_xl.s 0x00000000   Number         0  startup_stm32f10x_xl.o ABSOLUTE
    ..\firmware\cmsis\device\stm32f10x_it.c  0x00000000   Number         0  stm32f10x_it.o ABSOLUTE
    ..\firmware\cmsis\device\system_stm32f10x.c 0x00000000   Number         0  system_stm32f10x.o ABSOLUTE
    ..\firmware\driver\src\misc.c            0x00000000   Number         0  misc.o ABSOLUTE
    ..\firmware\driver\src\stm32f10x_adc.c   0x00000000   Number         0  stm32f10x_adc.o ABSOLUTE
    ..\firmware\driver\src\stm32f10x_bkp.c   0x00000000   Number         0  stm32f10x_bkp.o ABSOLUTE
    ..\firmware\driver\src\stm32f10x_can.c   0x00000000   Number         0  stm32f10x_can.o ABSOLUTE
    ..\firmware\driver\src\stm32f10x_cec.c   0x00000000   Number         0  stm32f10x_cec.o ABSOLUTE
    ..\firmware\driver\src\stm32f10x_crc.c   0x00000000   Number         0  stm32f10x_crc.o ABSOLUTE
    ..\firmware\driver\src\stm32f10x_dac.c   0x00000000   Number         0  stm32f10x_dac.o ABSOLUTE
    ..\firmware\driver\src\stm32f10x_dbgmcu.c 0x00000000   Number         0  stm32f10x_dbgmcu.o ABSOLUTE
    ..\firmware\driver\src\stm32f10x_dma.c   0x00000000   Number         0  stm32f10x_dma.o ABSOLUTE
    ..\firmware\driver\src\stm32f10x_exti.c  0x00000000   Number         0  stm32f10x_exti.o ABSOLUTE
    ..\firmware\driver\src\stm32f10x_flash.c 0x00000000   Number         0  stm32f10x_flash.o ABSOLUTE
    ..\firmware\driver\src\stm32f10x_fsmc.c  0x00000000   Number         0  stm32f10x_fsmc.o ABSOLUTE
    ..\firmware\driver\src\stm32f10x_gpio.c  0x00000000   Number         0  stm32f10x_gpio.o ABSOLUTE
    ..\firmware\driver\src\stm32f10x_i2c.c   0x00000000   Number         0  stm32f10x_i2c.o ABSOLUTE
    ..\firmware\driver\src\stm32f10x_iwdg.c  0x00000000   Number         0  stm32f10x_iwdg.o ABSOLUTE
    ..\firmware\driver\src\stm32f10x_pwr.c   0x00000000   Number         0  stm32f10x_pwr.o ABSOLUTE
    ..\firmware\driver\src\stm32f10x_rcc.c   0x00000000   Number         0  stm32f10x_rcc.o ABSOLUTE
    ..\firmware\driver\src\stm32f10x_rtc.c   0x00000000   Number         0  stm32f10x_rtc.o ABSOLUTE
    ..\firmware\driver\src\stm32f10x_sdio.c  0x00000000   Number         0  stm32f10x_sdio.o ABSOLUTE
    ..\firmware\driver\src\stm32f10x_spi.c   0x00000000   Number         0  stm32f10x_spi.o ABSOLUTE
    ..\firmware\driver\src\stm32f10x_tim.c   0x00000000   Number         0  stm32f10x_tim.o ABSOLUTE
    ..\firmware\driver\src\stm32f10x_usart.c 0x00000000   Number         0  stm32f10x_usart.o ABSOLUTE
    ..\firmware\driver\src\stm32f10x_wwdg.c  0x00000000   Number         0  stm32f10x_wwdg.o ABSOLUTE
    cdrcmple.s                               0x00000000   Number         0  cdrcmple.o ABSOLUTE
    dc.s                                     0x00000000   Number         0  dc.o ABSOLUTE
    handlers.s                               0x00000000   Number         0  handlers.o ABSOLUTE
    init.s                                   0x00000000   Number         0  init.o ABSOLUTE
    RESET                                    0x08000000   Section      304  startup_stm32f10x_xl.o(RESET)
    .ARM.Collect$$$$00000000                 0x08000130   Section        0  entry.o(.ARM.Collect$$$$00000000)
    .ARM.Collect$$$$00000001                 0x08000130   Section        4  entry2.o(.ARM.Collect$$$$00000001)
    .ARM.Collect$$$$00000004                 0x08000134   Section        4  entry5.o(.ARM.Collect$$$$00000004)
    .ARM.Collect$$$$00000008                 0x08000138   Section        0  entry7b.o(.ARM.Collect$$$$00000008)
    .ARM.Collect$$$$0000000A                 0x08000138   Section        0  entry8b.o(.ARM.Collect$$$$0000000A)
    .ARM.Collect$$$$0000000B                 0x08000138   Section        8  entry9a.o(.ARM.Collect$$$$0000000B)
    .ARM.Collect$$$$0000000E                 0x08000140   Section        4  entry12b.o(.ARM.Collect$$$$0000000E)
    .ARM.Collect$$$$0000000F                 0x08000144   Section        0  entry10a.o(.ARM.Collect$$$$0000000F)
    .ARM.Collect$$$$00000011                 0x08000144   Section        0  entry11a.o(.ARM.Collect$$$$00000011)
    .ARM.Collect$$$$00002712                 0x08000144   Section        4  entry2.o(.ARM.Collect$$$$00002712)
    __lit__00000000                          0x08000144   Data           4  entry2.o(.ARM.Collect$$$$00002712)
    .text                                    0x08000148   Section       36  startup_stm32f10x_xl.o(.text)
    .text                                    0x0800016c   Section        0  fadd.o(.text)
    .text                                    0x0800021c   Section        0  fmul.o(.text)
    .text                                    0x08000280   Section        0  fdiv.o(.text)
    .text                                    0x080002fc   Section        0  ffltui.o(.text)
    .text                                    0x08000306   Section        0  ffixi.o(.text)
    .text                                    0x08000338   Section        0  uidiv.o(.text)
    .text                                    0x08000364   Section        0  iusefp.o(.text)
    .text                                    0x08000364   Section        0  fepilogue.o(.text)
    .text                                    0x080003d2   Section        0  fscalb.o(.text)
    .text                                    0x080003ea   Section        0  fflti.o(.text)
    .text                                    0x080003fc   Section       36  init.o(.text)
    i.ADC_Cmd                                0x08000420   Section        0  stm32f10x_adc.o(i.ADC_Cmd)
    i.ADC_DMACmd                             0x08000436   Section        0  stm32f10x_adc.o(i.ADC_DMACmd)
    i.ADC_GetCalibrationStatus               0x0800044c   Section        0  stm32f10x_adc.o(i.ADC_GetCalibrationStatus)
    i.ADC_GetResetCalibrationStatus          0x08000460   Section        0  stm32f10x_adc.o(i.ADC_GetResetCalibrationStatus)
    i.ADC_Init                               0x08000474   Section        0  stm32f10x_adc.o(i.ADC_Init)
    i.ADC_RegularChannelConfig               0x080004c4   Section        0  stm32f10x_adc.o(i.ADC_RegularChannelConfig)
    i.ADC_ResetCalibration                   0x0800057c   Section        0  stm32f10x_adc.o(i.ADC_ResetCalibration)
    i.ADC_SoftwareStartConvCmd               0x08000586   Section        0  stm32f10x_adc.o(i.ADC_SoftwareStartConvCmd)
    i.ADC_StartCalibration                   0x0800059c   Section        0  stm32f10x_adc.o(i.ADC_StartCalibration)
    i.BusFault_Handler                       0x080005a6   Section        0  stm32f10x_it.o(i.BusFault_Handler)
    i.DMA1_Channel1_IRQHandler               0x080005ac   Section        0  ntc.o(i.DMA1_Channel1_IRQHandler)
    i.DMA1_Channel3_IRQHandler               0x080005c8   Section        0  lcd_spi.o(i.DMA1_Channel3_IRQHandler)
    i.DMA_ClearITPendingBit                  0x08000604   Section        0  stm32f10x_dma.o(i.DMA_ClearITPendingBit)
    i.DMA_Cmd                                0x08000620   Section        0  stm32f10x_dma.o(i.DMA_Cmd)
    i.DMA_DeInit                             0x08000638   Section        0  stm32f10x_dma.o(i.DMA_DeInit)
    i.DMA_GetITStatus                        0x08000784   Section        0  stm32f10x_dma.o(i.DMA_GetITStatus)
    i.DMA_ITConfig                           0x080007b0   Section        0  stm32f10x_dma.o(i.DMA_ITConfig)
    i.DMA_Init                               0x080007c2   Section        0  stm32f10x_dma.o(i.DMA_Init)
    i.DebugMon_Handler                       0x080007fe   Section        0  stm32f10x_it.o(i.DebugMon_Handler)
    i.GPIO_Init                              0x08000800   Section        0  stm32f10x_gpio.o(i.GPIO_Init)
    i.GPIO_WriteBit                          0x08000916   Section        0  stm32f10x_gpio.o(i.GPIO_WriteBit)
    i.HardFault_Handler                      0x08000920   Section        0  stm32f10x_it.o(i.HardFault_Handler)
    i.MemManage_Handler                      0x08000924   Section        0  stm32f10x_it.o(i.MemManage_Handler)
    i.NMI_Handler                            0x08000928   Section        0  stm32f10x_it.o(i.NMI_Handler)
    i.NVIC_Init                              0x0800092c   Section        0  misc.o(i.NVIC_Init)
    i.NVIC_PriorityGroupConfig               0x0800099c   Section        0  misc.o(i.NVIC_PriorityGroupConfig)
    i.PendSV_Handler                         0x080009b0   Section        0  stm32f10x_it.o(i.PendSV_Handler)
    i.RCC_ADCCLKConfig                       0x080009b4   Section        0  stm32f10x_rcc.o(i.RCC_ADCCLKConfig)
    i.RCC_AHBPeriphClockCmd                  0x080009cc   Section        0  stm32f10x_rcc.o(i.RCC_AHBPeriphClockCmd)
    i.RCC_APB2PeriphClockCmd                 0x080009ec   Section        0  stm32f10x_rcc.o(i.RCC_APB2PeriphClockCmd)
    i.RCC_GetClocksFreq                      0x08000a0c   Section        0  stm32f10x_rcc.o(i.RCC_GetClocksFreq)
    i.SPI_Cmd                                0x08000ae0   Section        0  stm32f10x_spi.o(i.SPI_Cmd)
    i.SPI_I2S_DMACmd                         0x08000af8   Section        0  stm32f10x_spi.o(i.SPI_I2S_DMACmd)
    i.SPI_I2S_GetFlagStatus                  0x08000b0a   Section        0  stm32f10x_spi.o(i.SPI_I2S_GetFlagStatus)
    i.SPI_I2S_SendData                       0x08000b1c   Section        0  stm32f10x_spi.o(i.SPI_I2S_SendData)
    i.SPI_Init                               0x08000b20   Section        0  stm32f10x_spi.o(i.SPI_Init)
    i.SVC_Handler                            0x08000b5c   Section        0  stm32f10x_it.o(i.SVC_Handler)
    i.SetSysClock                            0x08000b5e   Section        0  system_stm32f10x.o(i.SetSysClock)
    SetSysClock                              0x08000b5f   Thumb Code     8  system_stm32f10x.o(i.SetSysClock)
    i.SetSysClockTo72                        0x08000b68   Section        0  system_stm32f10x.o(i.SetSysClockTo72)
    SetSysClockTo72                          0x08000b69   Thumb Code   214  system_stm32f10x.o(i.SetSysClockTo72)
    i.SysTick_Handler                        0x08000c48   Section        0  stm32f10x_it.o(i.SysTick_Handler)
    i.SystemInit                             0x08000c4c   Section        0  system_stm32f10x.o(i.SystemInit)
    i.USART1_IRQHandler                      0x08000cac   Section        0  usart.o(i.USART1_IRQHandler)
    i.USART_Cmd                              0x08000ce0   Section        0  stm32f10x_usart.o(i.USART_Cmd)
    i.USART_GetITStatus                      0x08000cf8   Section        0  stm32f10x_usart.o(i.USART_GetITStatus)
    i.USART_ITConfig                         0x08000d4c   Section        0  stm32f10x_usart.o(i.USART_ITConfig)
    i.USART_Init                             0x08000d98   Section        0  stm32f10x_usart.o(i.USART_Init)
    i.USART_ReceiveData                      0x08000e70   Section        0  stm32f10x_usart.o(i.USART_ReceiveData)
    i.UsageFault_Handler                     0x08000e7a   Section        0  stm32f10x_it.o(i.UsageFault_Handler)
    i.__0snprintf$1                          0x08000e80   Section        0  printf1.o(i.__0snprintf$1)
    i.__mathlib_flt_divzero                  0x08000eb4   Section        0  funder.o(i.__mathlib_flt_divzero)
    i.__mathlib_flt_infnan                   0x08000ebe   Section        0  funder.o(i.__mathlib_flt_infnan)
    i.__mathlib_flt_invalid                  0x08000ec4   Section        0  funder.o(i.__mathlib_flt_invalid)
    i.__scatterload_copy                     0x08000ecc   Section       14  handlers.o(i.__scatterload_copy)
    i.__scatterload_null                     0x08000eda   Section        2  handlers.o(i.__scatterload_null)
    i.__scatterload_zeroinit                 0x08000edc   Section       14  handlers.o(i.__scatterload_zeroinit)
    i.__set_errno                            0x08000eec   Section        0  errno.o(i.__set_errno)
    i._printf_core                           0x08000ef8   Section        0  printf1.o(i._printf_core)
    _printf_core                             0x08000ef9   Thumb Code   336  printf1.o(i._printf_core)
    i._snputc                                0x0800104c   Section        0  printf1.o(i._snputc)
    _snputc                                  0x0800104d   Thumb Code    22  printf1.o(i._snputc)
    i.adc_dma_init                           0x08001064   Section        0  ntc.o(i.adc_dma_init)
    adc_dma_init                             0x08001065   Thumb Code    78  ntc.o(i.adc_dma_init)
    i.adc_gpio_init                          0x080010c0   Section        0  ntc.o(i.adc_gpio_init)
    adc_gpio_init                            0x080010c1   Thumb Code    24  ntc.o(i.adc_gpio_init)
    i.adc_init                               0x080010dc   Section        0  ntc.o(i.adc_init)
    adc_init                                 0x080010dd   Thumb Code   126  ntc.o(i.adc_init)
    i.adc_nvic_init                          0x08001160   Section        0  ntc.o(i.adc_nvic_init)
    adc_nvic_init                            0x08001161   Thumb Code    34  ntc.o(i.adc_nvic_init)
    i.adc_to_temp                            0x08001184   Section        0  main.o(i.adc_to_temp)
    i.board_init                             0x08001208   Section        0  utils.o(i.board_init)
    i.delay_ms                               0x08001244   Section        0  utils.o(i.delay_ms)
    i.lcd_spi_gpio_init                      0x0800125c   Section        0  lcd_spi.o(i.lcd_spi_gpio_init)
    lcd_spi_gpio_init                        0x0800125d   Thumb Code    76  lcd_spi.o(i.lcd_spi_gpio_init)
    i.lcd_spi_init                           0x080012ac   Section        0  lcd_spi.o(i.lcd_spi_init)
    i.lcd_spi_lowlevel_init                  0x080012bc   Section        0  lcd_spi.o(i.lcd_spi_lowlevel_init)
    lcd_spi_lowlevel_init                    0x080012bd   Thumb Code    86  lcd_spi.o(i.lcd_spi_lowlevel_init)
    i.lcd_spi_nvic_init                      0x08001318   Section        0  lcd_spi.o(i.lcd_spi_nvic_init)
    lcd_spi_nvic_init                        0x08001319   Thumb Code    34  lcd_spi.o(i.lcd_spi_nvic_init)
    i.lcd_spi_send_finish_register           0x0800133c   Section        0  lcd_spi.o(i.lcd_spi_send_finish_register)
    i.lcd_spi_write                          0x08001348   Section        0  lcd_spi.o(i.lcd_spi_write)
    i.lcd_spi_write_async                    0x08001384   Section        0  lcd_spi.o(i.lcd_spi_write_async)
    i.logf                                   0x080013e0   Section        0  logf.o(i.logf)
    i.main                                   0x08001570   Section        0  main.o(i.main)
    i.ntc_init                               0x08001600   Section        0  ntc.o(i.ntc_init)
    i.ntc_read                               0x08001614   Section        0  ntc.o(i.ntc_read)
    i.spi_on_async_finish                    0x08001658   Section        0  st7735.o(i.spi_on_async_finish)
    spi_on_async_finish                      0x08001659   Thumb Code     8  st7735.o(i.spi_on_async_finish)
    i.st7735_bl_on                           0x08001664   Section        0  st7735.o(i.st7735_bl_on)
    st7735_bl_on                             0x08001665   Thumb Code    14  st7735.o(i.st7735_bl_on)
    i.st7735_exec_cmds                       0x08001678   Section        0  st7735.o(i.st7735_exec_cmds)
    st7735_exec_cmds                         0x08001679   Thumb Code    64  st7735.o(i.st7735_exec_cmds)
    i.st7735_fill_rect                       0x080016b8   Section        0  st7735.o(i.st7735_fill_rect)
    i.st7735_fill_screen                     0x08001784   Section        0  st7735.o(i.st7735_fill_screen)
    i.st7735_init                            0x08001798   Section        0  st7735.o(i.st7735_init)
    i.st7735_pin_init                        0x080017c8   Section        0  st7735.o(i.st7735_pin_init)
    st7735_pin_init                          0x080017c9   Thumb Code   116  st7735.o(i.st7735_pin_init)
    i.st7735_reset                           0x08001844   Section        0  st7735.o(i.st7735_reset)
    st7735_reset                             0x08001845   Thumb Code    36  st7735.o(i.st7735_reset)
    i.st7735_select                          0x0800186c   Section        0  st7735.o(i.st7735_select)
    st7735_select                            0x0800186d   Thumb Code    14  st7735.o(i.st7735_select)
    i.st7735_set_window                      0x08001880   Section        0  st7735.o(i.st7735_set_window)
    st7735_set_window                        0x08001881   Thumb Code    82  st7735.o(i.st7735_set_window)
    i.st7735_unselect                        0x080018d4   Section        0  st7735.o(i.st7735_unselect)
    i.st7735_write_char                      0x080018e8   Section        0  st7735.o(i.st7735_write_char)
    i.st7735_write_cmd                       0x080019a0   Section        0  st7735.o(i.st7735_write_cmd)
    st7735_write_cmd                         0x080019a1   Thumb Code    22  st7735.o(i.st7735_write_cmd)
    i.st7735_write_data                      0x080019bc   Section        0  st7735.o(i.st7735_write_data)
    st7735_write_data                        0x080019bd   Thumb Code    42  st7735.o(i.st7735_write_data)
    i.st7735_write_string                    0x080019f0   Section        0  st7735.o(i.st7735_write_string)
    i.usart_init                             0x08001a4c   Section        0  usart.o(i.usart_init)
    .constdata                               0x08001aec   Section      109  st7735.o(.constdata)
    init_cmd_list                            0x08001aec   Data         109  st7735.o(.constdata)
    .constdata                               0x08001b59   Section     2352  stfonts.o(.constdata)
    font_ascii_8x16_data                     0x08001b59   Data        2048  stfonts.o(.constdata)
    font_ni_hao_shi_jie_16x16_data           0x08002359   Data         128  stfonts.o(.constdata)
    font_hello_world_8x16_data               0x080023d9   Data         176  stfonts.o(.constdata)
    .constdata                               0x0800248c   Section       64  logf.o(.constdata)
    logahi                                   0x0800248c   Data          32  logf.o(.constdata)
    logalo                                   0x080024ac   Data          32  logf.o(.constdata)
    .data                                    0x20000000   Section        4  usart.o(.data)
    usart_receive_callback                   0x20000000   Data           4  usart.o(.data)
    .data                                    0x20000004   Section        1  ntc.o(.data)
    dma_busy                                 0x20000004   Data           1  ntc.o(.data)
    .data                                    0x20000008   Section        4  lcd_spi.o(.data)
    lcd_spi_send_finish_callback             0x20000008   Data           4  lcd_spi.o(.data)
    .data                                    0x2000000c   Section        1  st7735.o(.data)
    spi_async_done                           0x2000000c   Data           1  st7735.o(.data)
    .data                                    0x20000010   Section       36  stfonts.o(.data)
    .data                                    0x20000034   Section       20  stm32f10x_rcc.o(.data)
    APBAHBPrescTable                         0x20000034   Data          16  stm32f10x_rcc.o(.data)
    ADCPrescTable                            0x20000044   Data           4  stm32f10x_rcc.o(.data)
    .data                                    0x20000048   Section        4  errno.o(.data)
    _errno                                   0x20000048   Data           4  errno.o(.data)
    .bss                                     0x2000004c   Section      256  ntc.o(.bss)
    adc_buffer                               0x2000004c   Data         256  ntc.o(.bss)
    .bss                                     0x2000014c   Section     4096  st7735.o(.bss)
    gram_buff                                0x2000014c   Data        4096  st7735.o(.bss)
    STACK                                    0x20001150   Section     1024  startup_stm32f10x_xl.o(STACK)

    Global Symbols

    Symbol Name                              Value     Ov Type        Size  Object(Section)

    BuildAttributes$$THM_ISAv4$P$D$K$B$S$PE$A:L22UL41UL21$X:L11$S22US41US21$IEEE1$IW$USESV6$~STKCKD$USESV7$~SHL$OTIME$ROPI$IEEEX$EBA8$MICROLIB$REQ8$PRES8$EABIv2 0x00000000   Number         0  anon$$obj.o ABSOLUTE
    __ARM_use_no_argv                        0x00000000   Number         0  main.o ABSOLUTE
    _printf_a                                0x00000000   Number         0  stubs.o ABSOLUTE
    _printf_c                                0x00000000   Number         0  stubs.o ABSOLUTE
    _printf_charcount                        0x00000000   Number         0  stubs.o ABSOLUTE
    _printf_d                                0x00000000   Number         0  stubs.o ABSOLUTE
    _printf_e                                0x00000000   Number         0  stubs.o ABSOLUTE
    _printf_f                                0x00000000   Number         0  stubs.o ABSOLUTE
    _printf_flags                            0x00000000   Number         0  stubs.o ABSOLUTE
    _printf_fp_dec                           0x00000000   Number         0  stubs.o ABSOLUTE
    _printf_fp_hex                           0x00000000   Number         0  stubs.o ABSOLUTE
    _printf_g                                0x00000000   Number         0  stubs.o ABSOLUTE
    _printf_i                                0x00000000   Number         0  stubs.o ABSOLUTE
    _printf_int_dec                          0x00000000   Number         0  stubs.o ABSOLUTE
    _printf_l                                0x00000000   Number         0  stubs.o ABSOLUTE
    _printf_lc                               0x00000000   Number         0  stubs.o ABSOLUTE
    _printf_ll                               0x00000000   Number         0  stubs.o ABSOLUTE
    _printf_lld                              0x00000000   Number         0  stubs.o ABSOLUTE
    _printf_lli                              0x00000000   Number         0  stubs.o ABSOLUTE
    _printf_llo                              0x00000000   Number         0  stubs.o ABSOLUTE
    _printf_llu                              0x00000000   Number         0  stubs.o ABSOLUTE
    _printf_llx                              0x00000000   Number         0  stubs.o ABSOLUTE
    _printf_longlong_dec                     0x00000000   Number         0  stubs.o ABSOLUTE
    _printf_longlong_hex                     0x00000000   Number         0  stubs.o ABSOLUTE
    _printf_longlong_oct                     0x00000000   Number         0  stubs.o ABSOLUTE
    _printf_ls                               0x00000000   Number         0  stubs.o ABSOLUTE
    _printf_mbtowc                           0x00000000   Number         0  stubs.o ABSOLUTE
    _printf_n                                0x00000000   Number         0  stubs.o ABSOLUTE
    _printf_o                                0x00000000   Number         0  stubs.o ABSOLUTE
    _printf_p                                0x00000000   Number         0  stubs.o ABSOLUTE
    _printf_percent                          0x00000000   Number         0  stubs.o ABSOLUTE
    _printf_pre_padding                      0x00000000   Number         0  stubs.o ABSOLUTE
    _printf_return_value                     0x00000000   Number         0  stubs.o ABSOLUTE
    _printf_s                                0x00000000   Number         0  stubs.o ABSOLUTE
    _printf_sizespec                         0x00000000   Number         0  stubs.o ABSOLUTE
    _printf_str                              0x00000000   Number         0  stubs.o ABSOLUTE
    _printf_truncate_signed                  0x00000000   Number         0  stubs.o ABSOLUTE
    _printf_truncate_unsigned                0x00000000   Number         0  stubs.o ABSOLUTE
    _printf_u                                0x00000000   Number         0  stubs.o ABSOLUTE
    _printf_wc                               0x00000000   Number         0  stubs.o ABSOLUTE
    _printf_wctomb                           0x00000000   Number         0  stubs.o ABSOLUTE
    _printf_widthprec                        0x00000000   Number         0  stubs.o ABSOLUTE
    _printf_x                                0x00000000   Number         0  stubs.o ABSOLUTE
    __arm_fini_                               - Undefined Weak Reference
    __cpp_initialize__aeabi_                  - Undefined Weak Reference
    __cxa_finalize                            - Undefined Weak Reference
    __decompress                              - Undefined Weak Reference
    _clock_init                               - Undefined Weak Reference
    _microlib_exit                            - Undefined Weak Reference
    __Vectors_Size                           0x00000130   Number         0  startup_stm32f10x_xl.o ABSOLUTE
    __Vectors                                0x08000000   Data           4  startup_stm32f10x_xl.o(RESET)
    __Vectors_End                            0x08000130   Data           0  startup_stm32f10x_xl.o(RESET)
    __main                                   0x08000131   Thumb Code     0  entry.o(.ARM.Collect$$$$00000000)
    _main_stk                                0x08000131   Thumb Code     0  entry2.o(.ARM.Collect$$$$00000001)
    _main_scatterload                        0x08000135   Thumb Code     0  entry5.o(.ARM.Collect$$$$00000004)
    __main_after_scatterload                 0x08000139   Thumb Code     0  entry5.o(.ARM.Collect$$$$00000004)
    _main_clock                              0x08000139   Thumb Code     0  entry7b.o(.ARM.Collect$$$$00000008)
    _main_cpp_init                           0x08000139   Thumb Code     0  entry8b.o(.ARM.Collect$$$$0000000A)
    _main_init                               0x08000139   Thumb Code     0  entry9a.o(.ARM.Collect$$$$0000000B)
    __rt_lib_shutdown_fini                   0x08000141   Thumb Code     0  entry12b.o(.ARM.Collect$$$$0000000E)
    __rt_final_cpp                           0x08000145   Thumb Code     0  entry10a.o(.ARM.Collect$$$$0000000F)
    __rt_final_exit                          0x08000145   Thumb Code     0  entry11a.o(.ARM.Collect$$$$00000011)
    Reset_Handler                            0x08000149   Thumb Code     8  startup_stm32f10x_xl.o(.text)
    ADC1_2_IRQHandler                        0x08000163   Thumb Code     0  startup_stm32f10x_xl.o(.text)
    ADC3_IRQHandler                          0x08000163   Thumb Code     0  startup_stm32f10x_xl.o(.text)
    CAN1_RX1_IRQHandler                      0x08000163   Thumb Code     0  startup_stm32f10x_xl.o(.text)
    CAN1_SCE_IRQHandler                      0x08000163   Thumb Code     0  startup_stm32f10x_xl.o(.text)
    DMA1_Channel2_IRQHandler                 0x08000163   Thumb Code     0  startup_stm32f10x_xl.o(.text)
    DMA1_Channel4_IRQHandler                 0x08000163   Thumb Code     0  startup_stm32f10x_xl.o(.text)
    DMA1_Channel5_IRQHandler                 0x08000163   Thumb Code     0  startup_stm32f10x_xl.o(.text)
    DMA1_Channel6_IRQHandler                 0x08000163   Thumb Code     0  startup_stm32f10x_xl.o(.text)
    DMA1_Channel7_IRQHandler                 0x08000163   Thumb Code     0  startup_stm32f10x_xl.o(.text)
    DMA2_Channel1_IRQHandler                 0x08000163   Thumb Code     0  startup_stm32f10x_xl.o(.text)
    DMA2_Channel2_IRQHandler                 0x08000163   Thumb Code     0  startup_stm32f10x_xl.o(.text)
    DMA2_Channel3_IRQHandler                 0x08000163   Thumb Code     0  startup_stm32f10x_xl.o(.text)
    DMA2_Channel4_5_IRQHandler               0x08000163   Thumb Code     0  startup_stm32f10x_xl.o(.text)
    EXTI0_IRQHandler                         0x08000163   Thumb Code     0  startup_stm32f10x_xl.o(.text)
    EXTI15_10_IRQHandler                     0x08000163   Thumb Code     0  startup_stm32f10x_xl.o(.text)
    EXTI1_IRQHandler                         0x08000163   Thumb Code     0  startup_stm32f10x_xl.o(.text)
    EXTI2_IRQHandler                         0x08000163   Thumb Code     0  startup_stm32f10x_xl.o(.text)
    EXTI3_IRQHandler                         0x08000163   Thumb Code     0  startup_stm32f10x_xl.o(.text)
    EXTI4_IRQHandler                         0x08000163   Thumb Code     0  startup_stm32f10x_xl.o(.text)
    EXTI9_5_IRQHandler                       0x08000163   Thumb Code     0  startup_stm32f10x_xl.o(.text)
    FLASH_IRQHandler                         0x08000163   Thumb Code     0  startup_stm32f10x_xl.o(.text)
    FSMC_IRQHandler                          0x08000163   Thumb Code     0  startup_stm32f10x_xl.o(.text)
    I2C1_ER_IRQHandler                       0x08000163   Thumb Code     0  startup_stm32f10x_xl.o(.text)
    I2C1_EV_IRQHandler                       0x08000163   Thumb Code     0  startup_stm32f10x_xl.o(.text)
    I2C2_ER_IRQHandler                       0x08000163   Thumb Code     0  startup_stm32f10x_xl.o(.text)
    I2C2_EV_IRQHandler                       0x08000163   Thumb Code     0  startup_stm32f10x_xl.o(.text)
    PVD_IRQHandler                           0x08000163   Thumb Code     0  startup_stm32f10x_xl.o(.text)
    RCC_IRQHandler                           0x08000163   Thumb Code     0  startup_stm32f10x_xl.o(.text)
    RTCAlarm_IRQHandler                      0x08000163   Thumb Code     0  startup_stm32f10x_xl.o(.text)
    RTC_IRQHandler                           0x08000163   Thumb Code     0  startup_stm32f10x_xl.o(.text)
    SDIO_IRQHandler                          0x08000163   Thumb Code     0  startup_stm32f10x_xl.o(.text)
    SPI1_IRQHandler                          0x08000163   Thumb Code     0  startup_stm32f10x_xl.o(.text)
    SPI2_IRQHandler                          0x08000163   Thumb Code     0  startup_stm32f10x_xl.o(.text)
    SPI3_IRQHandler                          0x08000163   Thumb Code     0  startup_stm32f10x_xl.o(.text)
    TAMPER_IRQHandler                        0x08000163   Thumb Code     0  startup_stm32f10x_xl.o(.text)
    TIM1_BRK_TIM9_IRQHandler                 0x08000163   Thumb Code     0  startup_stm32f10x_xl.o(.text)
    TIM1_CC_IRQHandler                       0x08000163   Thumb Code     0  startup_stm32f10x_xl.o(.text)
    TIM1_TRG_COM_TIM11_IRQHandler            0x08000163   Thumb Code     0  startup_stm32f10x_xl.o(.text)
    TIM1_UP_TIM10_IRQHandler                 0x08000163   Thumb Code     0  startup_stm32f10x_xl.o(.text)
    TIM2_IRQHandler                          0x08000163   Thumb Code     0  startup_stm32f10x_xl.o(.text)
    TIM3_IRQHandler                          0x08000163   Thumb Code     0  startup_stm32f10x_xl.o(.text)
    TIM4_IRQHandler                          0x08000163   Thumb Code     0  startup_stm32f10x_xl.o(.text)
    TIM5_IRQHandler                          0x08000163   Thumb Code     0  startup_stm32f10x_xl.o(.text)
    TIM6_IRQHandler                          0x08000163   Thumb Code     0  startup_stm32f10x_xl.o(.text)
    TIM7_IRQHandler                          0x08000163   Thumb Code     0  startup_stm32f10x_xl.o(.text)
    TIM8_BRK_TIM12_IRQHandler                0x08000163   Thumb Code     0  startup_stm32f10x_xl.o(.text)
    TIM8_CC_IRQHandler                       0x08000163   Thumb Code     0  startup_stm32f10x_xl.o(.text)
    TIM8_TRG_COM_TIM14_IRQHandler            0x08000163   Thumb Code     0  startup_stm32f10x_xl.o(.text)
    TIM8_UP_TIM13_IRQHandler                 0x08000163   Thumb Code     0  startup_stm32f10x_xl.o(.text)
    UART4_IRQHandler                         0x08000163   Thumb Code     0  startup_stm32f10x_xl.o(.text)
    UART5_IRQHandler                         0x08000163   Thumb Code     0  startup_stm32f10x_xl.o(.text)
    USART2_IRQHandler                        0x08000163   Thumb Code     0  startup_stm32f10x_xl.o(.text)
    USART3_IRQHandler                        0x08000163   Thumb Code     0  startup_stm32f10x_xl.o(.text)
    USBWakeUp_IRQHandler                     0x08000163   Thumb Code     0  startup_stm32f10x_xl.o(.text)
    USB_HP_CAN1_TX_IRQHandler                0x08000163   Thumb Code     0  startup_stm32f10x_xl.o(.text)
    USB_LP_CAN1_RX0_IRQHandler               0x08000163   Thumb Code     0  startup_stm32f10x_xl.o(.text)
    WWDG_IRQHandler                          0x08000163   Thumb Code     0  startup_stm32f10x_xl.o(.text)
    __aeabi_fadd                             0x0800016d   Thumb Code   164  fadd.o(.text)
    __aeabi_fsub                             0x08000211   Thumb Code     6  fadd.o(.text)
    __aeabi_frsub                            0x08000217   Thumb Code     6  fadd.o(.text)
    __aeabi_fmul                             0x0800021d   Thumb Code   100  fmul.o(.text)
    __aeabi_fdiv                             0x08000281   Thumb Code   124  fdiv.o(.text)
    __aeabi_ui2f                             0x080002fd   Thumb Code    10  ffltui.o(.text)
    __aeabi_f2iz                             0x08000307   Thumb Code    50  ffixi.o(.text)
    __aeabi_uidiv                            0x08000339   Thumb Code     0  uidiv.o(.text)
    __aeabi_uidivmod                         0x08000339   Thumb Code    44  uidiv.o(.text)
    __I$use$fp                               0x08000365   Thumb Code     0  iusefp.o(.text)
    _float_round                             0x08000365   Thumb Code    18  fepilogue.o(.text)
    _float_epilogue                          0x08000377   Thumb Code    92  fepilogue.o(.text)
    __ARM_scalbnf                            0x080003d3   Thumb Code    24  fscalb.o(.text)
    scalbnf                                  0x080003d3   Thumb Code     0  fscalb.o(.text)
    __aeabi_i2f                              0x080003eb   Thumb Code    18  fflti.o(.text)
    __scatterload                            0x080003fd   Thumb Code    28  init.o(.text)
    __scatterload_rt2                        0x080003fd   Thumb Code     0  init.o(.text)
    ADC_Cmd                                  0x08000421   Thumb Code    22  stm32f10x_adc.o(i.ADC_Cmd)
    ADC_DMACmd                               0x08000437   Thumb Code    22  stm32f10x_adc.o(i.ADC_DMACmd)
    ADC_GetCalibrationStatus                 0x0800044d   Thumb Code    20  stm32f10x_adc.o(i.ADC_GetCalibrationStatus)
    ADC_GetResetCalibrationStatus            0x08000461   Thumb Code    20  stm32f10x_adc.o(i.ADC_GetResetCalibrationStatus)
    ADC_Init                                 0x08000475   Thumb Code    70  stm32f10x_adc.o(i.ADC_Init)
    ADC_RegularChannelConfig                 0x080004c5   Thumb Code   184  stm32f10x_adc.o(i.ADC_RegularChannelConfig)
    ADC_ResetCalibration                     0x0800057d   Thumb Code    10  stm32f10x_adc.o(i.ADC_ResetCalibration)
    ADC_SoftwareStartConvCmd                 0x08000587   Thumb Code    22  stm32f10x_adc.o(i.ADC_SoftwareStartConvCmd)
    ADC_StartCalibration                     0x0800059d   Thumb Code    10  stm32f10x_adc.o(i.ADC_StartCalibration)
    BusFault_Handler                         0x080005a7   Thumb Code     4  stm32f10x_it.o(i.BusFault_Handler)
    DMA1_Channel1_IRQHandler                 0x080005ad   Thumb Code    24  ntc.o(i.DMA1_Channel1_IRQHandler)
    DMA1_Channel3_IRQHandler                 0x080005c9   Thumb Code    50  lcd_spi.o(i.DMA1_Channel3_IRQHandler)
    DMA_ClearITPendingBit                    0x08000605   Thumb Code    18  stm32f10x_dma.o(i.DMA_ClearITPendingBit)
    DMA_Cmd                                  0x08000621   Thumb Code    24  stm32f10x_dma.o(i.DMA_Cmd)
    DMA_DeInit                               0x08000639   Thumb Code   324  stm32f10x_dma.o(i.DMA_DeInit)
    DMA_GetITStatus                          0x08000785   Thumb Code    36  stm32f10x_dma.o(i.DMA_GetITStatus)
    DMA_ITConfig                             0x080007b1   Thumb Code    18  stm32f10x_dma.o(i.DMA_ITConfig)
    DMA_Init                                 0x080007c3   Thumb Code    60  stm32f10x_dma.o(i.DMA_Init)
    DebugMon_Handler                         0x080007ff   Thumb Code     2  stm32f10x_it.o(i.DebugMon_Handler)
    GPIO_Init                                0x08000801   Thumb Code   278  stm32f10x_gpio.o(i.GPIO_Init)
    GPIO_WriteBit                            0x08000917   Thumb Code    10  stm32f10x_gpio.o(i.GPIO_WriteBit)
    HardFault_Handler                        0x08000921   Thumb Code     4  stm32f10x_it.o(i.HardFault_Handler)
    MemManage_Handler                        0x08000925   Thumb Code     4  stm32f10x_it.o(i.MemManage_Handler)
    NMI_Handler                              0x08000929   Thumb Code     2  stm32f10x_it.o(i.NMI_Handler)
    NVIC_Init                                0x0800092d   Thumb Code   100  misc.o(i.NVIC_Init)
    NVIC_PriorityGroupConfig                 0x0800099d   Thumb Code    10  misc.o(i.NVIC_PriorityGroupConfig)
    PendSV_Handler                           0x080009b1   Thumb Code     2  stm32f10x_it.o(i.PendSV_Handler)
    RCC_ADCCLKConfig                         0x080009b5   Thumb Code    18  stm32f10x_rcc.o(i.RCC_ADCCLKConfig)
    RCC_AHBPeriphClockCmd                    0x080009cd   Thumb Code    26  stm32f10x_rcc.o(i.RCC_AHBPeriphClockCmd)
    RCC_APB2PeriphClockCmd                   0x080009ed   Thumb Code    26  stm32f10x_rcc.o(i.RCC_APB2PeriphClockCmd)
    RCC_GetClocksFreq                        0x08000a0d   Thumb Code   192  stm32f10x_rcc.o(i.RCC_GetClocksFreq)
    SPI_Cmd                                  0x08000ae1   Thumb Code    24  stm32f10x_spi.o(i.SPI_Cmd)
    SPI_I2S_DMACmd                           0x08000af9   Thumb Code    18  stm32f10x_spi.o(i.SPI_I2S_DMACmd)
    SPI_I2S_GetFlagStatus                    0x08000b0b   Thumb Code    18  stm32f10x_spi.o(i.SPI_I2S_GetFlagStatus)
    SPI_I2S_SendData                         0x08000b1d   Thumb Code     4  stm32f10x_spi.o(i.SPI_I2S_SendData)
    SPI_Init                                 0x08000b21   Thumb Code    60  stm32f10x_spi.o(i.SPI_Init)
    SVC_Handler                              0x08000b5d   Thumb Code     2  stm32f10x_it.o(i.SVC_Handler)
    SysTick_Handler                          0x08000c49   Thumb Code     2  stm32f10x_it.o(i.SysTick_Handler)
    SystemInit                               0x08000c4d   Thumb Code    78  system_stm32f10x.o(i.SystemInit)
    USART1_IRQHandler                        0x08000cad   Thumb Code    42  usart.o(i.USART1_IRQHandler)
    USART_Cmd                                0x08000ce1   Thumb Code    24  stm32f10x_usart.o(i.USART_Cmd)
    USART_GetITStatus                        0x08000cf9   Thumb Code    84  stm32f10x_usart.o(i.USART_GetITStatus)
    USART_ITConfig                           0x08000d4d   Thumb Code    74  stm32f10x_usart.o(i.USART_ITConfig)
    USART_Init                               0x08000d99   Thumb Code   210  stm32f10x_usart.o(i.USART_Init)
    USART_ReceiveData                        0x08000e71   Thumb Code    10  stm32f10x_usart.o(i.USART_ReceiveData)
    UsageFault_Handler                       0x08000e7b   Thumb Code     4  stm32f10x_it.o(i.UsageFault_Handler)
    __0snprintf$1                            0x08000e81   Thumb Code    48  printf1.o(i.__0snprintf$1)
    __1snprintf$1                            0x08000e81   Thumb Code     0  printf1.o(i.__0snprintf$1)
    __2snprintf                              0x08000e81   Thumb Code     0  printf1.o(i.__0snprintf$1)
    __mathlib_flt_divzero                    0x08000eb5   Thumb Code    10  funder.o(i.__mathlib_flt_divzero)
    __mathlib_flt_infnan                     0x08000ebf   Thumb Code     6  funder.o(i.__mathlib_flt_infnan)
    __mathlib_flt_invalid                    0x08000ec5   Thumb Code     8  funder.o(i.__mathlib_flt_invalid)
    __scatterload_copy                       0x08000ecd   Thumb Code    14  handlers.o(i.__scatterload_copy)
    __scatterload_null                       0x08000edb   Thumb Code     2  handlers.o(i.__scatterload_null)
    __scatterload_zeroinit                   0x08000edd   Thumb Code    14  handlers.o(i.__scatterload_zeroinit)
    __set_errno                              0x08000eed   Thumb Code     6  errno.o(i.__set_errno)
    adc_to_temp                              0x08001185   Thumb Code   112  main.o(i.adc_to_temp)
    board_init                               0x08001209   Thumb Code    60  utils.o(i.board_init)
    delay_ms                                 0x08001245   Thumb Code    24  utils.o(i.delay_ms)
    lcd_spi_init                             0x080012ad   Thumb Code    16  lcd_spi.o(i.lcd_spi_init)
    lcd_spi_send_finish_register             0x0800133d   Thumb Code     6  lcd_spi.o(i.lcd_spi_send_finish_register)
    lcd_spi_write                            0x08001349   Thumb Code    56  lcd_spi.o(i.lcd_spi_write)
    lcd_spi_write_async                      0x08001385   Thumb Code    82  lcd_spi.o(i.lcd_spi_write_async)
    __mathlib_logf                           0x080013e1   Thumb Code     0  logf.o(i.logf)
    logf                                     0x080013e1   Thumb Code   362  logf.o(i.logf)
    main                                     0x08001571   Thumb Code   120  main.o(i.main)
    ntc_init                                 0x08001601   Thumb Code    20  ntc.o(i.ntc_init)
    ntc_read                                 0x08001615   Thumb Code    56  ntc.o(i.ntc_read)
    st7735_fill_rect                         0x080016b9   Thumb Code   198  st7735.o(i.st7735_fill_rect)
    st7735_fill_screen                       0x08001785   Thumb Code    20  st7735.o(i.st7735_fill_screen)
    st7735_init                              0x08001799   Thumb Code    40  st7735.o(i.st7735_init)
    st7735_unselect                          0x080018d5   Thumb Code    14  st7735.o(i.st7735_unselect)
    st7735_write_char                        0x080018e9   Thumb Code   180  st7735.o(i.st7735_write_char)
    st7735_write_string                      0x080019f1   Thumb Code    92  st7735.o(i.st7735_write_string)
    usart_init                               0x08001a4d   Thumb Code   152  usart.o(i.usart_init)
    Region$$Table$$Base                      0x080024cc   Number         0  anon$$obj.o(Region$$Table)
    Region$$Table$$Limit                     0x080024ec   Number         0  anon$$obj.o(Region$$Table)
    font_ascii_8x16                          0x20000010   Data          12  stfonts.o(.data)
    font_ni_hao_shi_jie_16x16                0x2000001c   Data          12  stfonts.o(.data)
    font_hello_world_8x16                    0x20000028   Data          12  stfonts.o(.data)
    __initial_sp                             0x20001550   Data           0  startup_stm32f10x_xl.o(STACK)



==============================================================================

Memory Map of the image

  Image Entry point : 0x08000149

  Load Region LR_1 (Base: 0x08000000, Size: 0x00002538, Max: 0xffffffff, ABSOLUTE)

    Execution Region ER_RO (Exec base: 0x08000000, Load base: 0x08000000, Size: 0x000024ec, Max: 0xffffffff, ABSOLUTE)

    Exec Addr    Load Addr    Size         Type   Attr      Idx    E Section Name        Object

    0x08000000   0x08000000   0x00000130   Data   RO          487    RESET               startup_stm32f10x_xl.o
    0x08000130   0x08000130   0x00000000   Code   RO         3566  * .ARM.Collect$$$$00000000  mc_w.l(entry.o)
    0x08000130   0x08000130   0x00000004   Code   RO         3856    .ARM.Collect$$$$00000001  mc_w.l(entry2.o)
    0x08000134   0x08000134   0x00000004   Code   RO         3859    .ARM.Collect$$$$00000004  mc_w.l(entry5.o)
    0x08000138   0x08000138   0x00000000   Code   RO         3861    .ARM.Collect$$$$00000008  mc_w.l(entry7b.o)
    0x08000138   0x08000138   0x00000000   Code   RO         3863    .ARM.Collect$$$$0000000A  mc_w.l(entry8b.o)
    0x08000138   0x08000138   0x00000008   Code   RO         3864    .ARM.Collect$$$$0000000B  mc_w.l(entry9a.o)
    0x08000140   0x08000140   0x00000004   Code   RO         3871    .ARM.Collect$$$$0000000E  mc_w.l(entry12b.o)
    0x08000144   0x08000144   0x00000000   Code   RO         3866    .ARM.Collect$$$$0000000F  mc_w.l(entry10a.o)
    0x08000144   0x08000144   0x00000000   Code   RO         3868    .ARM.Collect$$$$00000011  mc_w.l(entry11a.o)
    0x08000144   0x08000144   0x00000004   Code   RO         3857    .ARM.Collect$$$$00002712  mc_w.l(entry2.o)
    0x08000148   0x08000148   0x00000024   Code   RO          488  * .text               startup_stm32f10x_xl.o
    0x0800016c   0x0800016c   0x000000b0   Code   RO         3832    .text               mf_w.l(fadd.o)
    0x0800021c   0x0800021c   0x00000064   Code   RO         3834    .text               mf_w.l(fmul.o)
    0x08000280   0x08000280   0x0000007c   Code   RO         3836    .text               mf_w.l(fdiv.o)
    0x080002fc   0x080002fc   0x0000000a   Code   RO         3838    .text               mf_w.l(ffltui.o)
    0x08000306   0x08000306   0x00000032   Code   RO         3840    .text               mf_w.l(ffixi.o)
    0x08000338   0x08000338   0x0000002c   Code   RO         3875    .text               mc_w.l(uidiv.o)
    0x08000364   0x08000364   0x00000000   Code   RO         3886    .text               mc_w.l(iusefp.o)
    0x08000364   0x08000364   0x0000006e   Code   RO         3887    .text               mf_w.l(fepilogue.o)
    0x080003d2   0x080003d2   0x00000018   Code   RO         3889    .text               mf_w.l(fscalb.o)
    0x080003ea   0x080003ea   0x00000012   Code   RO         3897    .text               mf_w.l(fflti.o)
    0x080003fc   0x080003fc   0x00000024   Code   RO         3903    .text               mc_w.l(init.o)
    0x08000420   0x08000420   0x00000016   Code   RO          631    i.ADC_Cmd           stm32f10x_adc.o
    0x08000436   0x08000436   0x00000016   Code   RO          632    i.ADC_DMACmd        stm32f10x_adc.o
    0x0800044c   0x0800044c   0x00000014   Code   RO          639    i.ADC_GetCalibrationStatus  stm32f10x_adc.o
    0x08000460   0x08000460   0x00000014   Code   RO          645    i.ADC_GetResetCalibrationStatus  stm32f10x_adc.o
    0x08000474   0x08000474   0x00000050   Code   RO          649    i.ADC_Init          stm32f10x_adc.o
    0x080004c4   0x080004c4   0x000000b8   Code   RO          653    i.ADC_RegularChannelConfig  stm32f10x_adc.o
    0x0800057c   0x0800057c   0x0000000a   Code   RO          654    i.ADC_ResetCalibration  stm32f10x_adc.o
    0x08000586   0x08000586   0x00000016   Code   RO          656    i.ADC_SoftwareStartConvCmd  stm32f10x_adc.o
    0x0800059c   0x0800059c   0x0000000a   Code   RO          658    i.ADC_StartCalibration  stm32f10x_adc.o
    0x080005a6   0x080005a6   0x00000004   Code   RO          492    i.BusFault_Handler  stm32f10x_it.o
    0x080005aa   0x080005aa   0x00000002   PAD
    0x080005ac   0x080005ac   0x0000001c   Code   RO          238    i.DMA1_Channel1_IRQHandler  ntc.o
    0x080005c8   0x080005c8   0x0000003c   Code   RO          285    i.DMA1_Channel3_IRQHandler  lcd_spi.o
    0x08000604   0x08000604   0x0000001c   Code   RO         1315    i.DMA_ClearITPendingBit  stm32f10x_dma.o
    0x08000620   0x08000620   0x00000018   Code   RO         1316    i.DMA_Cmd           stm32f10x_dma.o
    0x08000638   0x08000638   0x0000014c   Code   RO         1317    i.DMA_DeInit        stm32f10x_dma.o
    0x08000784   0x08000784   0x0000002c   Code   RO         1320    i.DMA_GetITStatus   stm32f10x_dma.o
    0x080007b0   0x080007b0   0x00000012   Code   RO         1321    i.DMA_ITConfig      stm32f10x_dma.o
    0x080007c2   0x080007c2   0x0000003c   Code   RO         1322    i.DMA_Init          stm32f10x_dma.o
    0x080007fe   0x080007fe   0x00000002   Code   RO          493    i.DebugMon_Handler  stm32f10x_it.o
    0x08000800   0x08000800   0x00000116   Code   RO         1740    i.GPIO_Init         stm32f10x_gpio.o
    0x08000916   0x08000916   0x0000000a   Code   RO         1751    i.GPIO_WriteBit     stm32f10x_gpio.o
    0x08000920   0x08000920   0x00000004   Code   RO          494    i.HardFault_Handler  stm32f10x_it.o
    0x08000924   0x08000924   0x00000004   Code   RO          495    i.MemManage_Handler  stm32f10x_it.o
    0x08000928   0x08000928   0x00000002   Code   RO          496    i.NMI_Handler       stm32f10x_it.o
    0x0800092a   0x0800092a   0x00000002   PAD
    0x0800092c   0x0800092c   0x00000070   Code   RO          589    i.NVIC_Init         misc.o
    0x0800099c   0x0800099c   0x00000014   Code   RO          590    i.NVIC_PriorityGroupConfig  misc.o
    0x080009b0   0x080009b0   0x00000002   Code   RO          497    i.PendSV_Handler    stm32f10x_it.o
    0x080009b2   0x080009b2   0x00000002   PAD
    0x080009b4   0x080009b4   0x00000018   Code   RO         2154    i.RCC_ADCCLKConfig  stm32f10x_rcc.o
    0x080009cc   0x080009cc   0x00000020   Code   RO         2155    i.RCC_AHBPeriphClockCmd  stm32f10x_rcc.o
    0x080009ec   0x080009ec   0x00000020   Code   RO         2158    i.RCC_APB2PeriphClockCmd  stm32f10x_rcc.o
    0x08000a0c   0x08000a0c   0x000000d4   Code   RO         2166    i.RCC_GetClocksFreq  stm32f10x_rcc.o
    0x08000ae0   0x08000ae0   0x00000018   Code   RO         2635    i.SPI_Cmd           stm32f10x_spi.o
    0x08000af8   0x08000af8   0x00000012   Code   RO         2641    i.SPI_I2S_DMACmd    stm32f10x_spi.o
    0x08000b0a   0x08000b0a   0x00000012   Code   RO         2643    i.SPI_I2S_GetFlagStatus  stm32f10x_spi.o
    0x08000b1c   0x08000b1c   0x00000004   Code   RO         2647    i.SPI_I2S_SendData  stm32f10x_spi.o
    0x08000b20   0x08000b20   0x0000003c   Code   RO         2648    i.SPI_Init          stm32f10x_spi.o
    0x08000b5c   0x08000b5c   0x00000002   Code   RO          498    i.SVC_Handler       stm32f10x_it.o
    0x08000b5e   0x08000b5e   0x00000008   Code   RO          555    i.SetSysClock       system_stm32f10x.o
    0x08000b66   0x08000b66   0x00000002   PAD
    0x08000b68   0x08000b68   0x000000e0   Code   RO          556    i.SetSysClockTo72   system_stm32f10x.o
    0x08000c48   0x08000c48   0x00000002   Code   RO          499    i.SysTick_Handler   stm32f10x_it.o
    0x08000c4a   0x08000c4a   0x00000002   PAD
    0x08000c4c   0x08000c4c   0x00000060   Code   RO          558    i.SystemInit        system_stm32f10x.o
    0x08000cac   0x08000cac   0x00000034   Code   RO          197    i.USART1_IRQHandler  usart.o
    0x08000ce0   0x08000ce0   0x00000018   Code   RO         3326    i.USART_Cmd         stm32f10x_usart.o
    0x08000cf8   0x08000cf8   0x00000054   Code   RO         3330    i.USART_GetITStatus  stm32f10x_usart.o
    0x08000d4c   0x08000d4c   0x0000004a   Code   RO         3332    i.USART_ITConfig    stm32f10x_usart.o
    0x08000d96   0x08000d96   0x00000002   PAD
    0x08000d98   0x08000d98   0x000000d8   Code   RO         3333    i.USART_Init        stm32f10x_usart.o
    0x08000e70   0x08000e70   0x0000000a   Code   RO         3340    i.USART_ReceiveData  stm32f10x_usart.o
    0x08000e7a   0x08000e7a   0x00000004   Code   RO          500    i.UsageFault_Handler  stm32f10x_it.o
    0x08000e7e   0x08000e7e   0x00000002   PAD
    0x08000e80   0x08000e80   0x00000034   Code   RO         3617    i.__0snprintf$1     mc_w.l(printf1.o)
    0x08000eb4   0x08000eb4   0x0000000a   Code   RO         3842    i.__mathlib_flt_divzero  m_ws.l(funder.o)
    0x08000ebe   0x08000ebe   0x00000006   Code   RO         3843    i.__mathlib_flt_infnan  m_ws.l(funder.o)
    0x08000ec4   0x08000ec4   0x00000008   Code   RO         3845    i.__mathlib_flt_invalid  m_ws.l(funder.o)
    0x08000ecc   0x08000ecc   0x0000000e   Code   RO         3917    i.__scatterload_copy  mc_w.l(handlers.o)
    0x08000eda   0x08000eda   0x00000002   Code   RO         3918    i.__scatterload_null  mc_w.l(handlers.o)
    0x08000edc   0x08000edc   0x0000000e   Code   RO         3919    i.__scatterload_zeroinit  mc_w.l(handlers.o)
    0x08000eea   0x08000eea   0x00000002   PAD
    0x08000eec   0x08000eec   0x0000000c   Code   RO         3881    i.__set_errno       mc_w.l(errno.o)
    0x08000ef8   0x08000ef8   0x00000154   Code   RO         3623    i._printf_core      mc_w.l(printf1.o)
    0x0800104c   0x0800104c   0x00000016   Code   RO         3624    i._snputc           mc_w.l(printf1.o)
    0x08001062   0x08001062   0x00000002   PAD
    0x08001064   0x08001064   0x0000005c   Code   RO          239    i.adc_dma_init      ntc.o
    0x080010c0   0x080010c0   0x0000001c   Code   RO          240    i.adc_gpio_init     ntc.o
    0x080010dc   0x080010dc   0x00000084   Code   RO          241    i.adc_init          ntc.o
    0x08001160   0x08001160   0x00000022   Code   RO          242    i.adc_nvic_init     ntc.o
    0x08001182   0x08001182   0x00000002   PAD
    0x08001184   0x08001184   0x00000084   Code   RO            1    i.adc_to_temp       main.o
    0x08001208   0x08001208   0x0000003c   Code   RO          140    i.board_init        utils.o
    0x08001244   0x08001244   0x00000018   Code   RO          141    i.delay_ms          utils.o
    0x0800125c   0x0800125c   0x00000050   Code   RO          286    i.lcd_spi_gpio_init  lcd_spi.o
    0x080012ac   0x080012ac   0x00000010   Code   RO          287    i.lcd_spi_init      lcd_spi.o
    0x080012bc   0x080012bc   0x0000005c   Code   RO          288    i.lcd_spi_lowlevel_init  lcd_spi.o
    0x08001318   0x08001318   0x00000022   Code   RO          289    i.lcd_spi_nvic_init  lcd_spi.o
    0x0800133a   0x0800133a   0x00000002   PAD
    0x0800133c   0x0800133c   0x0000000c   Code   RO          290    i.lcd_spi_send_finish_register  lcd_spi.o
    0x08001348   0x08001348   0x0000003c   Code   RO          291    i.lcd_spi_write     lcd_spi.o
    0x08001384   0x08001384   0x0000005c   Code   RO          292    i.lcd_spi_write_async  lcd_spi.o
    0x080013e0   0x080013e0   0x00000190   Code   RO         3557    i.logf              m_ws.l(logf.o)
    0x08001570   0x08001570   0x00000090   Code   RO            2    i.main              main.o
    0x08001600   0x08001600   0x00000014   Code   RO          243    i.ntc_init          ntc.o
    0x08001614   0x08001614   0x00000044   Code   RO          244    i.ntc_read          ntc.o
    0x08001658   0x08001658   0x0000000c   Code   RO          341    i.spi_on_async_finish  st7735.o
    0x08001664   0x08001664   0x00000014   Code   RO          343    i.st7735_bl_on      st7735.o
    0x08001678   0x08001678   0x00000040   Code   RO          346    i.st7735_exec_cmds  st7735.o
    0x080016b8   0x080016b8   0x000000cc   Code   RO          347    i.st7735_fill_rect  st7735.o
    0x08001784   0x08001784   0x00000014   Code   RO          348    i.st7735_fill_screen  st7735.o
    0x08001798   0x08001798   0x00000030   Code   RO          349    i.st7735_init       st7735.o
    0x080017c8   0x080017c8   0x0000007c   Code   RO          350    i.st7735_pin_init   st7735.o
    0x08001844   0x08001844   0x00000028   Code   RO          351    i.st7735_reset      st7735.o
    0x0800186c   0x0800186c   0x00000014   Code   RO          352    i.st7735_select     st7735.o
    0x08001880   0x08001880   0x00000052   Code   RO          353    i.st7735_set_window  st7735.o
    0x080018d2   0x080018d2   0x00000002   PAD
    0x080018d4   0x080018d4   0x00000014   Code   RO          354    i.st7735_unselect   st7735.o
    0x080018e8   0x080018e8   0x000000b8   Code   RO          355    i.st7735_write_char  st7735.o
    0x080019a0   0x080019a0   0x0000001c   Code   RO          356    i.st7735_write_cmd  st7735.o
    0x080019bc   0x080019bc   0x00000034   Code   RO          357    i.st7735_write_data  st7735.o
    0x080019f0   0x080019f0   0x0000005c   Code   RO          360    i.st7735_write_string  st7735.o
    0x08001a4c   0x08001a4c   0x000000a0   Code   RO          198    i.usart_init        usart.o
    0x08001aec   0x08001aec   0x0000006d   Data   RO          362    .constdata          st7735.o
    0x08001b59   0x08001b59   0x00000930   Data   RO          461    .constdata          stfonts.o
    0x08002489   0x08002489   0x00000003   PAD
    0x0800248c   0x0800248c   0x00000040   Data   RO         3558    .constdata          m_ws.l(logf.o)
    0x080024cc   0x080024cc   0x00000020   Data   RO         3915    Region$$Table       anon$$obj.o


    Execution Region ER_RW (Exec base: 0x20000000, Load base: 0x080024ec, Size: 0x0000004c, Max: 0xffffffff, ABSOLUTE)

    Exec Addr    Load Addr    Size         Type   Attr      Idx    E Section Name        Object

    0x20000000   0x080024ec   0x00000004   Data   RW          202    .data               usart.o
    0x20000004   0x080024f0   0x00000001   Data   RW          246    .data               ntc.o
    0x20000005   0x080024f1   0x00000003   PAD
    0x20000008   0x080024f4   0x00000004   Data   RW          293    .data               lcd_spi.o
    0x2000000c   0x080024f8   0x00000001   Data   RW          363    .data               st7735.o
    0x2000000d   0x080024f9   0x00000003   PAD
    0x20000010   0x080024fc   0x00000024   Data   RW          462    .data               stfonts.o
    0x20000034   0x08002520   0x00000014   Data   RW         2186    .data               stm32f10x_rcc.o
    0x20000048   0x08002534   0x00000004   Data   RW         3882    .data               mc_w.l(errno.o)


    Execution Region ER_ZI (Exec base: 0x2000004c, Load base: 0x08002538, Size: 0x00001504, Max: 0xffffffff, ABSOLUTE)

    Exec Addr    Load Addr    Size         Type   Attr      Idx    E Section Name        Object

    0x2000004c        -       0x00000100   Zero   RW          245    .bss                ntc.o
    0x2000014c        -       0x00001000   Zero   RW          361    .bss                st7735.o
    0x2000114c   0x08002538   0x00000004   PAD
    0x20001150        -       0x00000400   Zero   RW          485    STACK               startup_stm32f10x_xl.o


==============================================================================

Image component sizes


      Code (inc. data)   RO Data    RW Data    ZI Data      Debug   Object Name

         0          0          0          0          0         32   core_cm3.o
       446         40          0          4          0       5287   lcd_spi.o
       276         44          0          0          0     260863   main.o
       132         22          0          0          0       1651   misc.o
       402         40          0          1        256       4109   ntc.o
      1010         68        109          1       4096      10734   st7735.o
        36          8        304          0       1024        808   startup_stm32f10x_xl.o
         0          0       2352         36          0       1502   stfonts.o
       390         10          0          0          0       7509   stm32f10x_adc.o
       506         26          0          0          0       5259   stm32f10x_dma.o
       288          0          0          0          0       2664   stm32f10x_gpio.o
        26          0          0          0          0       4154   stm32f10x_it.o
       300         38          0         20          0       5100   stm32f10x_rcc.o
       124          0          0          0          0       3997   stm32f10x_spi.o
       408          6          0          0          0       5122   stm32f10x_usart.o
       328         28          0          0          0       2137   system_stm32f10x.o
       212         18          0          4          0       1789   usart.o
        84          0          0          0          0       1000   utils.o

    ----------------------------------------------------------------------
      4988        348       2800         72       5380     323717   Object Totals
         0          0         32          0          0          0   (incl. Generated)
        20          0          3          6          4          0   (incl. Padding)

    ----------------------------------------------------------------------

      Code (inc. data)   RO Data    RW Data    ZI Data      Debug   Library Member Name

        24          0          0          0          0        204   funder.o
       400         38         64          0          0        132   logf.o
         0          0          0          0          0          0   entry.o
         0          0          0          0          0          0   entry10a.o
         0          0          0          0          0          0   entry11a.o
         4          0          0          0          0          0   entry12b.o
         8          4          0          0          0          0   entry2.o
         4          0          0          0          0          0   entry5.o
         0          0          0          0          0          0   entry7b.o
         0          0          0          0          0          0   entry8b.o
         8          4          0          0          0          0   entry9a.o
        12          6          0          4          0         68   errno.o
        30          0          0          0          0          0   handlers.o
        36          8          0          0          0         68   init.o
         0          0          0          0          0          0   iusefp.o
       414          8          0          0          0        256   printf1.o
        44          0          0          0          0         80   uidiv.o
       176          0          0          0          0        140   fadd.o
       124          0          0          0          0         88   fdiv.o
       110          0          0          0          0        168   fepilogue.o
        50          0          0          0          0         68   ffixi.o
        18          0          0          0          0         68   fflti.o
        10          0          0          0          0         68   ffltui.o
       100          0          0          0          0         76   fmul.o
        24          0          0          0          0         68   fscalb.o

    ----------------------------------------------------------------------
      1600         68         64          4          0       1552   Library Totals
         4          0          0          0          0          0   (incl. Padding)

    ----------------------------------------------------------------------

      Code (inc. data)   RO Data    RW Data    ZI Data      Debug   Library Name

       424         38         64          0          0        336   m_ws.l
       560         30          0          4          0        472   mc_w.l
       612          0          0          0          0        744   mf_w.l

    ----------------------------------------------------------------------
      1600         68         64          4          0       1552   Library Totals

    ----------------------------------------------------------------------

==============================================================================


      Code (inc. data)   RO Data    RW Data    ZI Data      Debug   

      6588        416       2864         76       5380     320637   Grand Totals
      6588        416       2864         76       5380     320637   ELF Image Totals
      6588        416       2864         76          0          0   ROM Totals

==============================================================================

    Total RO  Size (Code + RO Data)                 9452 (   9.23kB)
    Total RW  Size (RW Data + ZI Data)              5456 (   5.33kB)
    Total ROM Size (Code + RO Data + RW Data)       9528 (   9.30kB)

==============================================================================

